Agent pid 423
Opening file: '/mnt/c/Users/mario/Documents/TFM_FPGA_CRYPTO/results/esp32_campana_rng/condC_rep2.bin' (SHA-256 hash a869392ee3d02dac117d7b50352f893afb226cc278e6df8fe4890e90ac258fb2)
Loaded 125000 samples of 256 distinct 8-bit-wide symbols
Number of Binary samples: 1000000

*** Warning: data contains less than 1000000 samples ***

Calculating baseline statistics...
	Raw Mean: 127.244536
	Median: 127.000000
	Binary: false

Literal MCV Estimate: mode = 563, p-hat = 0.0045040000000000002, p_u = 0.0049918460139521592
Bitstring MCV Estimate: mode = 500595, p-hat = 0.50059500000000001, p_u = 0.50188291438382349
H_original: 7.646211
H_bitstring: 0.994577
min(H_original, 8 X H_bitstring): 7.646211
Chi square independence
	score = 11141.432020
	degrees of freedom = 11118
	p-value = 0.435851

Chi square goodness of fit
	score = 2287.123266
	degrees of freedom = 2295
	p-value = 0.542428

** Passed chi square tests

Literal Longest Repeated Substring results
	P_col: 0.003915
	Length of LRS: 3
	Pr(X >= 1): 1.000000
** Passed length of longest repeated substring test

Beginning initial tests...

Initial test results
              excursion: 20140.3
     numDirectionalRuns: 83411
     lenDirectionalRuns: 7
  numIncreasesDecreases: 62641
          numRunsMedian: 62726
          lenRunsMedian: 16
           avgCollision: 20.6934
           maxCollision: 66
         periodicity(1): 478
         periodicity(2): 481
         periodicity(8): 505
        periodicity(16): 503
        periodicity(32): 481
          covariance(1): 2.02082e+09
          covariance(2): 2.02322e+09
          covariance(8): 2.0275e+09
         covariance(16): 2.02666e+09
         covariance(32): 2.02177e+09
            compression: 133329

Beginning permutation tests... these may take some time
  0.01% of Permutation test rounds,   0.00% of Permutation tests (Core 7/15, passed_count 0)
  0.02% of Permutation test rounds,   0.00% of Permutation tests (Core 10/15, passed_count 0)
  0.03% of Permutation test rounds,   0.00% of Permutation tests (Core 8/15, passed_count 0)
  0.04% of Permutation test rounds,   0.00% of Permutation tests (Core 9/15, passed_count 0)
  0.05% of Permutation test rounds,   0.00% of Permutation tests (Core 1/15, passed_count 0)
  0.06% of Permutation test rounds,   0.00% of Permutation tests (Core 6/15, passed_count 0)
  0.07% of Permutation test rounds,   0.00% of Permutation tests (Core 3/15, passed_count 0)
  0.08% of Permutation test rounds,   0.00% of Permutation tests (Core 12/15, passed_count 0)
  0.09% of Permutation test rounds,   0.00% of Permutation tests (Core 0/15, passed_count 0)
  0.10% of Permutation test rounds,   5.26% of Permutation tests (Core 13/15, passed_count 1)
  0.11% of Permutation test rounds,   5.26% of Permutation tests (Core 11/15, passed_count 1)
  0.12% of Permutation test rounds,  21.05% of Permutation tests (Core 5/15, passed_count 4)
  0.13% of Permutation test rounds,  26.32% of Permutation tests (Core 4/15, passed_count 5)
  0.14% of Permutation test rounds,  26.32% of Permutation tests (Core 14/15, passed_count 5)
  0.15% of Permutation test rounds,  36.84% of Permutation tests (Core 15/15, passed_count 7)
  0.16% of Permutation test rounds,  42.11% of Permutation tests (Core 2/15, passed_count 8)
  0.17% of Permutation test rounds,  42.11% of Permutation tests (Core 7/15, passed_count 8)
  0.18% of Permutation test rounds,  47.37% of Permutation tests (Core 9/15, passed_count 9)
  0.19% of Permutation test rounds,  47.37% of Permutation tests (Core 10/15, passed_count 9)
  0.20% of Permutation test rounds,  47.37% of Permutation tests (Core 3/15, passed_count 9)
  0.21% of Permutation test rounds,  47.37% of Permutation tests (Core 8/15, passed_count 9)
  0.22% of Permutation test rounds,  52.63% of Permutation tests (Core 1/15, passed_count 10)
  0.23% of Permutation test rounds,  52.63% of Permutation tests (Core 12/15, passed_count 10)
  0.24% of Permutation test rounds,  52.63% of Permutation tests (Core 6/15, passed_count 10)
  0.25% of Permutation test rounds,  52.63% of Permutation tests (Core 5/15, passed_count 10)
  0.26% of Permutation test rounds,  52.63% of Permutation tests (Core 7/15, passed_count 10)
  0.27% of Permutation test rounds,  52.63% of Permutation tests (Core 0/15, passed_count 10)
  0.28% of Permutation test rounds,  52.63% of Permutation tests (Core 9/15, passed_count 10)
  0.29% of Permutation test rounds,  52.63% of Permutation tests (Core 13/15, passed_count 10)
  0.30% of Permutation test rounds,  52.63% of Permutation tests (Core 11/15, passed_count 10)
  0.31% of Permutation test rounds,  57.89% of Permutation tests (Core 1/15, passed_count 11)
  0.32% of Permutation test rounds,  57.89% of Permutation tests (Core 10/15, passed_count 11)
  0.33% of Permutation test rounds,  57.89% of Permutation tests (Core 12/15, passed_count 11)
  0.34% of Permutation test rounds,  63.16% of Permutation tests (Core 6/15, passed_count 12)
  0.35% of Permutation test rounds,  63.16% of Permutation tests (Core 4/15, passed_count 12)
  0.36% of Permutation test rounds,  63.16% of Permutation tests (Core 8/15, passed_count 12)
  0.37% of Permutation test rounds,  63.16% of Permutation tests (Core 3/15, passed_count 12)
  0.38% of Permutation test rounds,  63.16% of Permutation tests (Core 14/15, passed_count 12)
  0.39% of Permutation test rounds,  63.16% of Permutation tests (Core 2/15, passed_count 12)
  0.40% of Permutation test rounds,  63.16% of Permutation tests (Core 15/15, passed_count 12)
  0.41% of Permutation test rounds,  63.16% of Permutation tests (Core 5/15, passed_count 12)
  0.42% of Permutation test rounds,  68.42% of Permutation tests (Core 7/15, passed_count 13)
  0.43% of Permutation test rounds,  68.42% of Permutation tests (Core 9/15, passed_count 13)
  0.44% of Permutation test rounds,  73.68% of Permutation tests (Core 1/15, passed_count 14)
  0.45% of Permutation test rounds,  73.68% of Permutation tests (Core 12/15, passed_count 14)
  0.46% of Permutation test rounds,  73.68% of Permutation tests (Core 6/15, passed_count 14)
  0.47% of Permutation test rounds,  73.68% of Permutation tests (Core 10/15, passed_count 14)
  0.48% of Permutation test rounds,  78.95% of Permutation tests (Core 3/15, passed_count 15)
  0.49% of Permutation test rounds,  78.95% of Permutation tests (Core 3/15, passed_count 15)
  0.50% of Permutation test rounds,  78.95% of Permutation tests (Core 3/15, passed_count 15)
  0.51% of Permutation test rounds,  78.95% of Permutation tests (Core 3/15, passed_count 15)
  0.52% of Permutation test rounds,  78.95% of Permutation tests (Core 8/15, passed_count 15)
  0.53% of Permutation test rounds,  78.95% of Permutation tests (Core 8/15, passed_count 15)
  0.54% of Permutation test rounds,  78.95% of Permutation tests (Core 3/15, passed_count 15)
  0.55% of Permutation test rounds,  78.95% of Permutation tests (Core 8/15, passed_count 15)
  0.56% of Permutation test rounds,  78.95% of Permutation tests (Core 3/15, passed_count 15)
  0.57% of Permutation test rounds,  84.21% of Permutation tests (Core 8/15, passed_count 16)
  0.58% of Permutation test rounds,  84.21% of Permutation tests (Core 3/15, passed_count 16)
  0.59% of Permutation test rounds,  84.21% of Permutation tests (Core 8/15, passed_count 16)
  0.60% of Permutation test rounds,  84.21% of Permutation tests (Core 3/15, passed_count 16)
  0.61% of Permutation test rounds,  84.21% of Permutation tests (Core 3/15, passed_count 16)
  0.62% of Permutation test rounds,  84.21% of Permutation tests (Core 3/15, passed_count 16)
  0.63% of Permutation test rounds,  84.21% of Permutation tests (Core 3/15, passed_count 16)
  0.64% of Permutation test rounds,  84.21% of Permutation tests (Core 3/15, passed_count 16)
  0.65% of Permutation test rounds,  84.21% of Permutation tests (Core 3/15, passed_count 16)
  0.66% of Permutation test rounds,  84.21% of Permutation tests (Core 3/15, passed_count 16)
  0.67% of Permutation test rounds,  84.21% of Permutation tests (Core 3/15, passed_count 16)
  0.68% of Permutation test rounds,  84.21% of Permutation tests (Core 3/15, passed_count 16)
  0.69% of Permutation test rounds,  84.21% of Permutation tests (Core 3/15, passed_count 16)
  0.70% of Permutation test rounds,  84.21% of Permutation tests (Core 0/15, passed_count 16)
  0.71% of Permutation test rounds,  84.21% of Permutation tests (Core 3/15, passed_count 16)
  0.72% of Permutation test rounds,  84.21% of Permutation tests (Core 11/15, passed_count 16)
  0.73% of Permutation test rounds,  84.21% of Permutation tests (Core 8/15, passed_count 16)
  0.74% of Permutation test rounds,  84.21% of Permutation tests (Core 3/15, passed_count 16)
  0.75% of Permutation test rounds,  89.47% of Permutation tests (Core 0/15, passed_count 17)
  0.76% of Permutation test rounds,  89.47% of Permutation tests (Core 13/15, passed_count 17)
  0.77% of Permutation test rounds,  89.47% of Permutation tests (Core 0/15, passed_count 17)
  0.78% of Permutation test rounds,  89.47% of Permutation tests (Core 13/15, passed_count 17)
  0.79% of Permutation test rounds,  89.47% of Permutation tests (Core 11/15, passed_count 17)
  0.80% of Permutation test rounds,  89.47% of Permutation tests (Core 3/15, passed_count 17)
  0.81% of Permutation test rounds,  89.47% of Permutation tests (Core 0/15, passed_count 17)
  0.82% of Permutation test rounds,  89.47% of Permutation tests (Core 8/15, passed_count 17)
  0.83% of Permutation test rounds,  89.47% of Permutation tests (Core 13/15, passed_count 17)
  0.84% of Permutation test rounds,  89.47% of Permutation tests (Core 11/15, passed_count 17)
  0.85% of Permutation test rounds,  89.47% of Permutation tests (Core 3/15, passed_count 17)
  0.86% of Permutation test rounds,  89.47% of Permutation tests (Core 3/15, passed_count 17)
  0.87% of Permutation test rounds,  89.47% of Permutation tests (Core 8/15, passed_count 17)
  0.88% of Permutation test rounds,  89.47% of Permutation tests (Core 13/15, passed_count 17)
  0.89% of Permutation test rounds,  89.47% of Permutation tests (Core 11/15, passed_count 17)
  0.90% of Permutation test rounds,  89.47% of Permutation tests (Core 11/15, passed_count 17)
  0.91% of Permutation test rounds,  89.47% of Permutation tests (Core 5/15, passed_count 17)
  0.92% of Permutation test rounds,  89.47% of Permutation tests (Core 3/15, passed_count 17)
  0.93% of Permutation test rounds,  89.47% of Permutation tests (Core 8/15, passed_count 17)
  0.94% of Permutation test rounds,  89.47% of Permutation tests (Core 13/15, passed_count 17)
  0.95% of Permutation test rounds,  89.47% of Permutation tests (Core 0/15, passed_count 17)
  0.96% of Permutation test rounds,  89.47% of Permutation tests (Core 11/15, passed_count 17)
  0.97% of Permutation test rounds,  89.47% of Permutation tests (Core 5/15, passed_count 17)
  1.04% of Permutation test rounds,  89.47% of Permutation tests (Core 3/15, passed_count 17)
  1.01% of Permutation test rounds,  89.47% of Permutation tests (Core 2/15, passed_count 17)
  1.00% of Permutation test rounds,  89.47% of Permutation tests (Core 8/15, passed_count 17)
  1.03% of Permutation test rounds,  89.47% of Permutation tests (Core 0/15, passed_count 17)
  0.99% of Permutation test rounds,  89.47% of Permutation tests (Core 11/15, passed_count 17)
  0.98% of Permutation test rounds,  89.47% of Permutation tests (Core 4/15, passed_count 17)
  1.02% of Permutation test rounds,  89.47% of Permutation tests (Core 13/15, passed_count 17)
  1.05% of Permutation test rounds,  89.47% of Permutation tests (Core 9/15, passed_count 17)
  1.06% of Permutation test rounds,  89.47% of Permutation tests (Core 5/15, passed_count 17)
  1.07% of Permutation test rounds,  89.47% of Permutation tests (Core 15/15, passed_count 17)
  1.08% of Permutation test rounds,  89.47% of Permutation tests (Core 9/15, passed_count 17)
  1.09% of Permutation test rounds,  89.47% of Permutation tests (Core 2/15, passed_count 17)
  1.10% of Permutation test rounds,  89.47% of Permutation tests (Core 8/15, passed_count 17)
  1.11% of Permutation test rounds,  89.47% of Permutation tests (Core 0/15, passed_count 17)
  1.12% of Permutation test rounds,  89.47% of Permutation tests (Core 11/15, passed_count 17)
  1.13% of Permutation test rounds,  89.47% of Permutation tests (Core 1/15, passed_count 17)
  1.14% of Permutation test rounds,  89.47% of Permutation tests (Core 4/15, passed_count 17)
  1.15% of Permutation test rounds,  94.74% of Permutation tests (Core 13/15, passed_count 18)
  1.16% of Permutation test rounds,  94.74% of Permutation tests (Core 3/15, passed_count 18)
  1.17% of Permutation test rounds,  94.74% of Permutation tests (Core 5/15, passed_count 18)
  1.18% of Permutation test rounds,  94.74% of Permutation tests (Core 5/15, passed_count 18)
  1.19% of Permutation test rounds,  94.74% of Permutation tests (Core 7/15, passed_count 18)
  1.20% of Permutation test rounds,  94.74% of Permutation tests (Core 5/15, passed_count 18)
  1.21% of Permutation test rounds,  94.74% of Permutation tests (Core 7/15, passed_count 18)
  1.22% of Permutation test rounds,  94.74% of Permutation tests (Core 8/15, passed_count 18)
  1.23% of Permutation test rounds,  94.74% of Permutation tests (Core 0/15, passed_count 18)
  1.24% of Permutation test rounds,  94.74% of Permutation tests (Core 10/15, passed_count 18)
  1.25% of Permutation test rounds,  94.74% of Permutation tests (Core 11/15, passed_count 18)
  1.26% of Permutation test rounds,  94.74% of Permutation tests (Core 14/15, passed_count 18)
  1.27% of Permutation test rounds,  94.74% of Permutation tests (Core 10/15, passed_count 18)
  1.28% of Permutation test rounds,  94.74% of Permutation tests (Core 12/15, passed_count 18)
  1.29% of Permutation test rounds,  94.74% of Permutation tests (Core 4/15, passed_count 18)
  1.30% of Permutation test rounds,  94.74% of Permutation tests (Core 13/15, passed_count 18)
  1.31% of Permutation test rounds,  94.74% of Permutation tests (Core 6/15, passed_count 18)
  1.32% of Permutation test rounds,  94.74% of Permutation tests (Core 3/15, passed_count 18)
  1.33% of Permutation test rounds,  94.74% of Permutation tests (Core 15/15, passed_count 18)
  1.34% of Permutation test rounds,  94.74% of Permutation tests (Core 9/15, passed_count 18)
  1.35% of Permutation test rounds,  94.74% of Permutation tests (Core 5/15, passed_count 18)
  1.36% of Permutation test rounds,  94.74% of Permutation tests (Core 2/15, passed_count 18)
  1.37% of Permutation test rounds,  94.74% of Permutation tests (Core 7/15, passed_count 18)
  1.38% of Permutation test rounds,  94.74% of Permutation tests (Core 8/15, passed_count 18)
  1.39% of Permutation test rounds,  94.74% of Permutation tests (Core 0/15, passed_count 18)
  1.40% of Permutation test rounds,  94.74% of Permutation tests (Core 1/15, passed_count 18)
  1.41% of Permutation test rounds,  94.74% of Permutation tests (Core 11/15, passed_count 18)
  1.42% of Permutation test rounds,  94.74% of Permutation tests (Core 14/15, passed_count 18)
  1.43% of Permutation test rounds,  94.74% of Permutation tests (Core 10/15, passed_count 18)
  1.44% of Permutation test rounds,  94.74% of Permutation tests (Core 12/15, passed_count 18)
  1.45% of Permutation test rounds,  94.74% of Permutation tests (Core 12/15, passed_count 18)
  1.46% of Permutation test rounds,  94.74% of Permutation tests (Core 13/15, passed_count 18)
  1.47% of Permutation test rounds,  94.74% of Permutation tests (Core 6/15, passed_count 18)
  1.48% of Permutation test rounds,  94.74% of Permutation tests (Core 3/15, passed_count 18)
  1.49% of Permutation test rounds,  94.74% of Permutation tests (Core 15/15, passed_count 18)
  1.50% of Permutation test rounds,  94.74% of Permutation tests (Core 9/15, passed_count 18)
  1.51% of Permutation test rounds,  94.74% of Permutation tests (Core 5/15, passed_count 18)
  1.52% of Permutation test rounds,  94.74% of Permutation tests (Core 2/15, passed_count 18)
  1.53% of Permutation test rounds,  94.74% of Permutation tests (Core 7/15, passed_count 18)
  1.54% of Permutation test rounds,  94.74% of Permutation tests (Core 8/15, passed_count 18)
  1.55% of Permutation test rounds,  94.74% of Permutation tests (Core 0/15, passed_count 18)
  1.56% of Permutation test rounds,  94.74% of Permutation tests (Core 1/15, passed_count 18)
  1.57% of Permutation test rounds,  94.74% of Permutation tests (Core 11/15, passed_count 18)
  1.58% of Permutation test rounds,  94.74% of Permutation tests (Core 14/15, passed_count 18)
  1.59% of Permutation test rounds,  94.74% of Permutation tests (Core 10/15, passed_count 18)
  1.60% of Permutation test rounds,  94.74% of Permutation tests (Core 4/15, passed_count 18)
  1.61% of Permutation test rounds,  94.74% of Permutation tests (Core 12/15, passed_count 18)
  1.62% of Permutation test rounds,  94.74% of Permutation tests (Core 13/15, passed_count 18)
  1.63% of Permutation test rounds,  94.74% of Permutation tests (Core 6/15, passed_count 18)
  1.64% of Permutation test rounds,  94.74% of Permutation tests (Core 3/15, passed_count 18)
  1.65% of Permutation test rounds,  94.74% of Permutation tests (Core 15/15, passed_count 18)
  1.66% of Permutation test rounds,  94.74% of Permutation tests (Core 9/15, passed_count 18)
  1.67% of Permutation test rounds,  94.74% of Permutation tests (Core 5/15, passed_count 18)
  1.68% of Permutation test rounds,  94.74% of Permutation tests (Core 2/15, passed_count 18)
  1.69% of Permutation test rounds,  94.74% of Permutation tests (Core 7/15, passed_count 18)
  1.70% of Permutation test rounds,  94.74% of Permutation tests (Core 8/15, passed_count 18)
  1.71% of Permutation test rounds,  94.74% of Permutation tests (Core 8/15, passed_count 18)
  1.72% of Permutation test rounds,  94.74% of Permutation tests (Core 8/15, passed_count 18)
  1.73% of Permutation test rounds,  94.74% of Permutation tests (Core 8/15, passed_count 18)
  1.74% of Permutation test rounds,  94.74% of Permutation tests (Core 8/15, passed_count 18)
  1.75% of Permutation test rounds,  94.74% of Permutation tests (Core 8/15, passed_count 18)
  1.76% of Permutation test rounds,  94.74% of Permutation tests (Core 1/15, passed_count 18)
  1.77% of Permutation test rounds,  94.74% of Permutation tests (Core 11/15, passed_count 18)
  1.78% of Permutation test rounds,  94.74% of Permutation tests (Core 14/15, passed_count 18)
  1.79% of Permutation test rounds,  94.74% of Permutation tests (Core 10/15, passed_count 18)
  1.80% of Permutation test rounds,  94.74% of Permutation tests (Core 4/15, passed_count 18)
  1.81% of Permutation test rounds,  94.74% of Permutation tests (Core 12/15, passed_count 18)
  1.82% of Permutation test rounds,  94.74% of Permutation tests (Core 13/15, passed_count 18)
  1.83% of Permutation test rounds,  94.74% of Permutation tests (Core 13/15, passed_count 18)
  1.84% of Permutation test rounds,  94.74% of Permutation tests (Core 6/15, passed_count 18)
  1.85% of Permutation test rounds,  94.74% of Permutation tests (Core 3/15, passed_count 18)
  1.86% of Permutation test rounds,  94.74% of Permutation tests (Core 3/15, passed_count 18)
  1.87% of Permutation test rounds,  94.74% of Permutation tests (Core 9/15, passed_count 18)
  1.88% of Permutation test rounds,  94.74% of Permutation tests (Core 5/15, passed_count 18)
  1.89% of Permutation test rounds,  94.74% of Permutation tests (Core 2/15, passed_count 18)
  1.90% of Permutation test rounds,  94.74% of Permutation tests (Core 7/15, passed_count 18)
  1.91% of Permutation test rounds,  94.74% of Permutation tests (Core 0/15, passed_count 18)
  1.92% of Permutation test rounds,  94.74% of Permutation tests (Core 0/15, passed_count 18)
  1.93% of Permutation test rounds,  94.74% of Permutation tests (Core 1/15, passed_count 18)
  1.94% of Permutation test rounds,  94.74% of Permutation tests (Core 11/15, passed_count 18)
  1.95% of Permutation test rounds,  94.74% of Permutation tests (Core 14/15, passed_count 18)
  1.96% of Permutation test rounds,  94.74% of Permutation tests (Core 10/15, passed_count 18)
  1.97% of Permutation test rounds,  94.74% of Permutation tests (Core 4/15, passed_count 18)
  1.98% of Permutation test rounds,  94.74% of Permutation tests (Core 12/15, passed_count 18)
  1.99% of Permutation test rounds,  94.74% of Permutation tests (Core 13/15, passed_count 18)
  2.00% of Permutation test rounds,  94.74% of Permutation tests (Core 6/15, passed_count 18)
  2.01% of Permutation test rounds,  94.74% of Permutation tests (Core 15/15, passed_count 18)
  2.02% of Permutation test rounds,  94.74% of Permutation tests (Core 3/15, passed_count 18)
  2.03% of Permutation test rounds,  94.74% of Permutation tests (Core 9/15, passed_count 18)
  2.04% of Permutation test rounds,  94.74% of Permutation tests (Core 5/15, passed_count 18)
  2.05% of Permutation test rounds,  94.74% of Permutation tests (Core 2/15, passed_count 18)
  2.06% of Permutation test rounds,  94.74% of Permutation tests (Core 7/15, passed_count 18)
  2.07% of Permutation test rounds,  94.74% of Permutation tests (Core 8/15, passed_count 18)
  2.08% of Permutation test rounds,  94.74% of Permutation tests (Core 0/15, passed_count 18)
  2.09% of Permutation test rounds,  94.74% of Permutation tests (Core 1/15, passed_count 18)
  2.10% of Permutation test rounds,  94.74% of Permutation tests (Core 11/15, passed_count 18)
  2.11% of Permutation test rounds,  94.74% of Permutation tests (Core 14/15, passed_count 18)
  2.12% of Permutation test rounds,  94.74% of Permutation tests (Core 10/15, passed_count 18)
  2.13% of Permutation test rounds,  94.74% of Permutation tests (Core 4/15, passed_count 18)
  2.14% of Permutation test rounds,  94.74% of Permutation tests (Core 4/15, passed_count 18)
  2.15% of Permutation test rounds,  94.74% of Permutation tests (Core 4/15, passed_count 18)
  2.16% of Permutation test rounds,  94.74% of Permutation tests (Core 4/15, passed_count 18)
  2.17% of Permutation test rounds,  94.74% of Permutation tests (Core 4/15, passed_count 18)
  2.18% of Permutation test rounds,  94.74% of Permutation tests (Core 13/15, passed_count 18)
  2.19% of Permutation test rounds,  94.74% of Permutation tests (Core 6/15, passed_count 18)
  2.20% of Permutation test rounds,  94.74% of Permutation tests (Core 15/15, passed_count 18)
  2.21% of Permutation test rounds,  94.74% of Permutation tests (Core 3/15, passed_count 18)
  2.22% of Permutation test rounds, 100.00% of Permutation tests (Core 9/15, passed_count 19)
  8.36% of Permutation test rounds, 100.00% of Permutation tests (Core 5/15, passed_count 19)
 14.47% of Permutation test rounds, 100.00% of Permutation tests (Core 2/15, passed_count 19)
 20.63% of Permutation test rounds, 100.00% of Permutation tests (Core 7/15, passed_count 19)
 26.77% of Permutation test rounds, 100.00% of Permutation tests (Core 8/15, passed_count 19)
 32.78% of Permutation test rounds, 100.00% of Permutation tests (Core 0/15, passed_count 19)
 38.88% of Permutation test rounds, 100.00% of Permutation tests (Core 1/15, passed_count 19)
 45.03% of Permutation test rounds, 100.00% of Permutation tests (Core 11/15, passed_count 19)
 51.12% of Permutation test rounds, 100.00% of Permutation tests (Core 14/15, passed_count 19)
 57.29% of Permutation test rounds, 100.00% of Permutation tests (Core 10/15, passed_count 19)
 63.43% of Permutation test rounds, 100.00% of Permutation tests (Core 12/15, passed_count 19)
 69.58% of Permutation test rounds, 100.00% of Permutation tests (Core 4/15, passed_count 19)
 75.70% of Permutation test rounds, 100.00% of Permutation tests (Core 13/15, passed_count 19)
 81.79% of Permutation test rounds, 100.00% of Permutation tests (Core 6/15, passed_count 19)
 87.94% of Permutation test rounds, 100.00% of Permutation tests (Core 15/15, passed_count 19)
 94.11% of Permutation test rounds, 100.00% of Permutation tests (Core 3/15, passed_count 19)


                statistic  C[i][0]  C[i][1]  C[i][2]
----------------------------------------------------
                excursion       9       0       6
       numDirectionalRuns       6       0      16
       lenDirectionalRuns       7       6       0
    numIncreasesDecreases      36       0       6
            numRunsMedian       6       0      51
            lenRunsMedian       4       3       3
             avgCollision      10       0       6
             maxCollision       5       1       6
           periodicity(1)      25       0       6
           periodicity(2)       6       0       6
           periodicity(8)       5       1      28
          periodicity(16)       6       0       9
          periodicity(32)       6       0       6
            covariance(1)      69       0       6
            covariance(2)       6       0      12
            covariance(8)       6       0     216
           covariance(16)       6       0     109
           covariance(32)      38       0       6
              compression      42       0       6
(* denotes failed test)

** Passed IID permutation tests

your 131072x1 screen size is bogus. expect trouble
your 131072x1 screen size is bogus. expect trouble
Identity added: /home/mmggjj/.ssh/id_ed25519 (mariogj.03@gmail.com)
tiempo_s=0.60 maxrss_kB=76824
