Agent pid 423
Opening file: '/mnt/c/Users/mario/Documents/TFM_FPGA_CRYPTO/results/esp32_campana_rng/condA_rep2.bin' (SHA-256 hash 10c3271fcc849e214185e9cbe14bb52d6de82188bef6262be3fb472e50389699)
Loaded 125000 samples of 256 distinct 8-bit-wide symbols
Number of Binary Symbols: 1000000

*** Warning: data contains less than 1000000 samples ***


Running non-IID tests...

Running Most Common Value Estimate...
Bitstring MCV Estimate: mode = 500310, p-hat = 0.50031000000000003, p_u = 0.50159791504819495
	Most Common Value Estimate (bit string) = 0.995397 / 1 bit(s)
Literal MCV Estimate: mode = 542, p-hat = 0.0043359999999999996, p_u = 0.004814701567294296
	Most Common Value Estimate = 7.698338 / 8 bit(s)

Running Entropic Statistic Estimates (bit strings only)...
Bitstring Collision Estimate: X-bar = 2.501094228725067, sigma-hat = 0.49999942793529684, p = 0.52170928848292353
	Collision Test Estimate (bit string) = 0.938682 / 1 bit(s)
Bitstring Markov Estimate: P_0 = 0.49969000000000002, P_1 = 0.50031000000000003, P_0,0 = 0.4988983147517756, P_0,1 = 0.5011016852482244, P_1,0 = 0.50048170134516601, P_1,1 = 0.49951829865483399, p_max = 3.5926390778834259e-39
	Markov Test Estimate (bit string) = 0.997736 / 1 bit(s)
Bitstring Compression Estimate: X-bar = 5.2182073978457959, sigma-hat = 1.0151326620277676, p = 0.028511228562249413
	Compression Test Estimate (bit string) = 0.855388 / 1 bit(s)

Running Tuple Estimates...
Bitstring t-Tuple Estimate: t = 15, p-hat_max = 0.5230507414148808378266, p_u = 0.524337287349360094222
Bitstring LRS Estimate: u = 16, v = 39, p-hat = 0.50132031109936277, p_u = 0.50260822190484419
	T-Tuple Test Estimate (bit string) = 0.931433 / 1 bit(s)
Literal t-Tuple Estimate: t = 1, p-hat_max = 0.004335999999999999999876, p_u = 0.004814701567294296266485
Literal LRS Estimate: u = 2, v = 4, p-hat = 0.0047568950570268933, p_u = 0.005258186376420035
	T-Tuple Test Estimate = 7.698338 / 8 bit(s)
	LRS Test Estimate (bit string) = 0.992494 / 1 bit(s)
	LRS Test Estimate = 7.571219 / 8 bit(s)

Running Predictor Estimates...
Bitstring MultiMCW Prediction Estimate: N = 999937, Pglobal' = 0.50167047958912037 (C = 500351) Plocal can't affect result (r = 20)
	Multi Most Common in Window (MultiMCW) Prediction Test Estimate (bit string) = 0.995188 / 1 bit(s)
Literal MultiMCW Prediction Estimate: N = 124937, Pglobal' = 0.0043266494270806496 (C = 484) Plocal can't affect result (r = 3)
	Multi Most Common in Window (MultiMCW) Prediction Test Estimate = 7.852534 / 8 bit(s)
Bitstring Lag Prediction Estimate: N = 999999, Pglobal' = 0.50032641259687227 (C = 499038) Plocal can't affect result (r = 21)
	Lag Prediction Test Estimate (bit string) = 0.999058 / 1 bit(s)
Literal Lag Prediction Estimate: N = 124999, Pglobal' = 0.0044006753978674557 (C = 493) Plocal can't affect result (r = 2)
	Lag Prediction Test Estimate = 7.828059 / 8 bit(s)
Bitstring MultiMMC Prediction Estimate: N = 999998, Pglobal' = 0.50157491694548217 (C = 500286) Plocal can't affect result (r = 21)
	Multi Markov Model with Counting (MultiMMC) Prediction Test Estimate (bit string) = 0.995463 / 1 bit(s)
Literal MultiMMC Prediction Estimate: N = 124998, Pglobal' = 0.0043753241832392214 (C = 490) Plocal can't affect result (r = 3)
	Multi Markov Model with Counting (MultiMMC) Prediction Test Estimate = 7.836394 / 8 bit(s)
Bitstring LZ78Y Prediction Estimate: N = 999983, Pglobal' = 0.50179543420735984 (C = 500499) Plocal can't affect result (r = 21)
	LZ78Y Prediction Test Estimate (bit string) = 0.994829 / 1 bit(s)
Literal LZ78Y Prediction Estimate: N = 124983, Pglobal' = 0.0043589204933929199 (C = 488) Plocal can't affect result (r = 3)
	LZ78Y Prediction Test Estimate = 7.841813 / 8 bit(s)

H_original: 7.571219
H_bitstring: 0.855388
min(H_original, 8 X H_bitstring): 6.843101
your 131072x1 screen size is bogus. expect trouble
your 131072x1 screen size is bogus. expect trouble
Identity added: /home/mmggjj/.ssh/id_ed25519 (mariogj.03@gmail.com)
tiempo_s=6.94 maxrss_kB=288752
