Agent pid 423
Opening file: '/mnt/c/Users/mario/Documents/TFM_FPGA_CRYPTO/results/entropia90b/bits/condD_rep1.bits' (SHA-256 hash 9b4755380cfa429cadfed93fe01bbc0c2c2ad2c5dc8866a1a1af5ee9efb1a774)
Loaded 1000000 samples of 2 distinct 1-bit-wide symbols
Calculating baseline statistics...
	Raw Mean: 0.499853
	Median: 0.500000
	Binary: true

Literal MCV Estimate: mode = 500147, p-hat = 0.50014700000000001, p_u = 0.50143491524007111
H_original: 0.995866
Chi square independence
	score = 2019.050854
	degrees of freedom = 2046
	p-value = 0.660093

Chi square goodness of fit
	score = 13.517285
	degrees of freedom = 9
	p-value = 0.140562

** Passed chi square tests

Literal Longest Repeated Substring results
	P_col: 0.500000
	Length of LRS: 39
	Pr(X >= 1): 0.597245
** Passed length of longest repeated substring test

Beginning initial tests...

Initial test results
              excursion: 519.105
     numDirectionalRuns: 79951
     lenDirectionalRuns: 10
  numIncreasesDecreases: 74684
          numRunsMedian: 500368
          lenRunsMedian: 24
           avgCollision: 20.8185
           maxCollision: 70
         periodicity(1): 24369
         periodicity(2): 24473
         periodicity(8): 24600
        periodicity(16): 24608
        periodicity(32): 24644
          covariance(1): 1.99895e+06
          covariance(2): 1.99864e+06
          covariance(8): 1.99901e+06
         covariance(16): 1.99889e+06
         covariance(32): 1.99902e+06
            compression: 155852

Beginning permutation tests... these may take some time
  0.01% of Permutation test rounds,   0.00% of Permutation tests (Core 2/15, passed_count 0)
  0.02% of Permutation test rounds,   0.00% of Permutation tests (Core 7/15, passed_count 0)
  0.03% of Permutation test rounds,   0.00% of Permutation tests (Core 8/15, passed_count 0)
  0.04% of Permutation test rounds,   0.00% of Permutation tests (Core 11/15, passed_count 0)
  0.05% of Permutation test rounds,   0.00% of Permutation tests (Core 3/15, passed_count 0)
  0.06% of Permutation test rounds,   0.00% of Permutation tests (Core 9/15, passed_count 0)
  0.07% of Permutation test rounds,   0.00% of Permutation tests (Core 10/15, passed_count 0)
  0.08% of Permutation test rounds,   0.00% of Permutation tests (Core 1/15, passed_count 0)
  0.09% of Permutation test rounds,   0.00% of Permutation tests (Core 0/15, passed_count 0)
  0.10% of Permutation test rounds,   0.00% of Permutation tests (Core 15/15, passed_count 0)
  0.11% of Permutation test rounds,   0.00% of Permutation tests (Core 5/15, passed_count 0)
  0.12% of Permutation test rounds,   5.26% of Permutation tests (Core 6/15, passed_count 1)
  0.13% of Permutation test rounds,  21.05% of Permutation tests (Core 4/15, passed_count 4)
  0.14% of Permutation test rounds,  21.05% of Permutation tests (Core 13/15, passed_count 4)
  0.15% of Permutation test rounds,  26.32% of Permutation tests (Core 5/15, passed_count 5)
  0.16% of Permutation test rounds,  31.58% of Permutation tests (Core 6/15, passed_count 6)
  0.17% of Permutation test rounds,  42.11% of Permutation tests (Core 4/15, passed_count 8)
  0.18% of Permutation test rounds,  42.11% of Permutation tests (Core 12/15, passed_count 8)
  0.19% of Permutation test rounds,  42.11% of Permutation tests (Core 14/15, passed_count 8)
  0.20% of Permutation test rounds,  42.11% of Permutation tests (Core 13/15, passed_count 8)
  0.21% of Permutation test rounds,  47.37% of Permutation tests (Core 5/15, passed_count 9)
  0.22% of Permutation test rounds,  47.37% of Permutation tests (Core 6/15, passed_count 9)
  0.23% of Permutation test rounds,  52.63% of Permutation tests (Core 4/15, passed_count 10)
  0.24% of Permutation test rounds,  52.63% of Permutation tests (Core 12/15, passed_count 10)
  0.25% of Permutation test rounds,  52.63% of Permutation tests (Core 14/15, passed_count 10)
  0.26% of Permutation test rounds,  57.89% of Permutation tests (Core 13/15, passed_count 11)
  0.27% of Permutation test rounds,  57.89% of Permutation tests (Core 5/15, passed_count 11)
  0.28% of Permutation test rounds,  63.16% of Permutation tests (Core 6/15, passed_count 12)
  0.29% of Permutation test rounds,  63.16% of Permutation tests (Core 4/15, passed_count 12)
  0.30% of Permutation test rounds,  63.16% of Permutation tests (Core 12/15, passed_count 12)
  0.31% of Permutation test rounds,  68.42% of Permutation tests (Core 14/15, passed_count 13)
  0.32% of Permutation test rounds,  68.42% of Permutation tests (Core 13/15, passed_count 13)
  0.33% of Permutation test rounds,  68.42% of Permutation tests (Core 5/15, passed_count 13)
  0.34% of Permutation test rounds,  68.42% of Permutation tests (Core 6/15, passed_count 13)
  0.35% of Permutation test rounds,  68.42% of Permutation tests (Core 4/15, passed_count 13)
  0.36% of Permutation test rounds,  73.68% of Permutation tests (Core 12/15, passed_count 14)
  0.37% of Permutation test rounds,  73.68% of Permutation tests (Core 14/15, passed_count 14)
  0.38% of Permutation test rounds,  73.68% of Permutation tests (Core 13/15, passed_count 14)
  0.39% of Permutation test rounds,  84.21% of Permutation tests (Core 5/15, passed_count 16)
  0.40% of Permutation test rounds,  89.47% of Permutation tests (Core 6/15, passed_count 17)
  0.41% of Permutation test rounds,  89.47% of Permutation tests (Core 4/15, passed_count 17)
  0.42% of Permutation test rounds,  89.47% of Permutation tests (Core 12/15, passed_count 17)
  0.43% of Permutation test rounds,  89.47% of Permutation tests (Core 14/15, passed_count 17)
  0.44% of Permutation test rounds,  89.47% of Permutation tests (Core 13/15, passed_count 17)
  0.45% of Permutation test rounds,  89.47% of Permutation tests (Core 5/15, passed_count 17)
  0.46% of Permutation test rounds,  89.47% of Permutation tests (Core 6/15, passed_count 17)
  0.47% of Permutation test rounds,  89.47% of Permutation tests (Core 4/15, passed_count 17)
  0.48% of Permutation test rounds,  89.47% of Permutation tests (Core 12/15, passed_count 17)
  0.49% of Permutation test rounds,  89.47% of Permutation tests (Core 14/15, passed_count 17)
  0.50% of Permutation test rounds,  89.47% of Permutation tests (Core 13/15, passed_count 17)
  0.51% of Permutation test rounds,  89.47% of Permutation tests (Core 5/15, passed_count 17)
  0.52% of Permutation test rounds,  89.47% of Permutation tests (Core 6/15, passed_count 17)
  0.53% of Permutation test rounds,  89.47% of Permutation tests (Core 4/15, passed_count 17)
  0.54% of Permutation test rounds,  89.47% of Permutation tests (Core 12/15, passed_count 17)
  0.55% of Permutation test rounds,  89.47% of Permutation tests (Core 14/15, passed_count 17)
  0.56% of Permutation test rounds,  89.47% of Permutation tests (Core 13/15, passed_count 17)
  0.57% of Permutation test rounds,  89.47% of Permutation tests (Core 5/15, passed_count 17)
  0.58% of Permutation test rounds,  89.47% of Permutation tests (Core 6/15, passed_count 17)
  0.59% of Permutation test rounds,  94.74% of Permutation tests (Core 4/15, passed_count 18)
  0.60% of Permutation test rounds,  94.74% of Permutation tests (Core 12/15, passed_count 18)
  0.61% of Permutation test rounds,  94.74% of Permutation tests (Core 14/15, passed_count 18)
  0.62% of Permutation test rounds,  94.74% of Permutation tests (Core 13/15, passed_count 18)
  0.63% of Permutation test rounds,  94.74% of Permutation tests (Core 5/15, passed_count 18)
  0.64% of Permutation test rounds,  94.74% of Permutation tests (Core 6/15, passed_count 18)
  0.65% of Permutation test rounds,  94.74% of Permutation tests (Core 4/15, passed_count 18)
  0.66% of Permutation test rounds,  94.74% of Permutation tests (Core 12/15, passed_count 18)
  0.67% of Permutation test rounds,  94.74% of Permutation tests (Core 14/15, passed_count 18)
  0.68% of Permutation test rounds,  94.74% of Permutation tests (Core 13/15, passed_count 18)
  0.69% of Permutation test rounds,  94.74% of Permutation tests (Core 5/15, passed_count 18)
  0.70% of Permutation test rounds,  94.74% of Permutation tests (Core 2/15, passed_count 18)
  0.71% of Permutation test rounds,  94.74% of Permutation tests (Core 6/15, passed_count 18)
  0.72% of Permutation test rounds,  94.74% of Permutation tests (Core 4/15, passed_count 18)
  0.73% of Permutation test rounds,  94.74% of Permutation tests (Core 12/15, passed_count 18)
  0.74% of Permutation test rounds,  94.74% of Permutation tests (Core 14/15, passed_count 18)
  0.75% of Permutation test rounds,  94.74% of Permutation tests (Core 13/15, passed_count 18)
  0.76% of Permutation test rounds,  94.74% of Permutation tests (Core 5/15, passed_count 18)
  0.77% of Permutation test rounds,  94.74% of Permutation tests (Core 11/15, passed_count 18)
  0.78% of Permutation test rounds,  94.74% of Permutation tests (Core 7/15, passed_count 18)
  0.79% of Permutation test rounds,  94.74% of Permutation tests (Core 2/15, passed_count 18)
  0.80% of Permutation test rounds,  94.74% of Permutation tests (Core 6/15, passed_count 18)
  0.81% of Permutation test rounds,  94.74% of Permutation tests (Core 4/15, passed_count 18)
  0.82% of Permutation test rounds,  94.74% of Permutation tests (Core 12/15, passed_count 18)
  0.83% of Permutation test rounds,  94.74% of Permutation tests (Core 14/15, passed_count 18)
  0.84% of Permutation test rounds,  94.74% of Permutation tests (Core 13/15, passed_count 18)
  0.85% of Permutation test rounds,  94.74% of Permutation tests (Core 8/15, passed_count 18)
  0.86% of Permutation test rounds,  94.74% of Permutation tests (Core 5/15, passed_count 18)
  0.87% of Permutation test rounds,  94.74% of Permutation tests (Core 11/15, passed_count 18)
  0.88% of Permutation test rounds,  94.74% of Permutation tests (Core 7/15, passed_count 18)
  0.89% of Permutation test rounds,  94.74% of Permutation tests (Core 3/15, passed_count 18)
  0.90% of Permutation test rounds,  94.74% of Permutation tests (Core 2/15, passed_count 18)
  0.91% of Permutation test rounds,  94.74% of Permutation tests (Core 6/15, passed_count 18)
  0.92% of Permutation test rounds,  94.74% of Permutation tests (Core 4/15, passed_count 18)
  0.93% of Permutation test rounds,  94.74% of Permutation tests (Core 12/15, passed_count 18)
  0.94% of Permutation test rounds,  94.74% of Permutation tests (Core 9/15, passed_count 18)
  0.95% of Permutation test rounds,  94.74% of Permutation tests (Core 14/15, passed_count 18)
  0.96% of Permutation test rounds,  94.74% of Permutation tests (Core 13/15, passed_count 18)
  0.97% of Permutation test rounds,  94.74% of Permutation tests (Core 8/15, passed_count 18)
  0.98% of Permutation test rounds,  94.74% of Permutation tests (Core 5/15, passed_count 18)
  0.99% of Permutation test rounds,  94.74% of Permutation tests (Core 11/15, passed_count 18)
  1.00% of Permutation test rounds,  94.74% of Permutation tests (Core 10/15, passed_count 18)
  1.01% of Permutation test rounds,  94.74% of Permutation tests (Core 7/15, passed_count 18)
  1.02% of Permutation test rounds,  94.74% of Permutation tests (Core 3/15, passed_count 18)
  1.03% of Permutation test rounds,  94.74% of Permutation tests (Core 2/15, passed_count 18)
  1.04% of Permutation test rounds,  94.74% of Permutation tests (Core 6/15, passed_count 18)
  1.05% of Permutation test rounds,  94.74% of Permutation tests (Core 4/15, passed_count 18)
  1.06% of Permutation test rounds,  94.74% of Permutation tests (Core 12/15, passed_count 18)
  1.07% of Permutation test rounds,  94.74% of Permutation tests (Core 9/15, passed_count 18)
  1.08% of Permutation test rounds,  94.74% of Permutation tests (Core 0/15, passed_count 18)
  1.09% of Permutation test rounds,  94.74% of Permutation tests (Core 14/15, passed_count 18)
  1.10% of Permutation test rounds,  94.74% of Permutation tests (Core 13/15, passed_count 18)
  1.11% of Permutation test rounds,  94.74% of Permutation tests (Core 8/15, passed_count 18)
  1.12% of Permutation test rounds,  94.74% of Permutation tests (Core 5/15, passed_count 18)
  1.13% of Permutation test rounds,  94.74% of Permutation tests (Core 11/15, passed_count 18)
  1.14% of Permutation test rounds,  94.74% of Permutation tests (Core 10/15, passed_count 18)
  1.15% of Permutation test rounds,  94.74% of Permutation tests (Core 1/15, passed_count 18)
  1.16% of Permutation test rounds,  94.74% of Permutation tests (Core 15/15, passed_count 18)
  1.17% of Permutation test rounds,  94.74% of Permutation tests (Core 7/15, passed_count 18)
  1.18% of Permutation test rounds,  94.74% of Permutation tests (Core 3/15, passed_count 18)
  1.19% of Permutation test rounds,  94.74% of Permutation tests (Core 2/15, passed_count 18)
  1.20% of Permutation test rounds,  94.74% of Permutation tests (Core 6/15, passed_count 18)
  1.21% of Permutation test rounds,  94.74% of Permutation tests (Core 4/15, passed_count 18)
  1.22% of Permutation test rounds,  94.74% of Permutation tests (Core 12/15, passed_count 18)
  1.23% of Permutation test rounds,  94.74% of Permutation tests (Core 9/15, passed_count 18)
  1.24% of Permutation test rounds,  94.74% of Permutation tests (Core 0/15, passed_count 18)
  1.25% of Permutation test rounds,  94.74% of Permutation tests (Core 14/15, passed_count 18)
  1.26% of Permutation test rounds,  94.74% of Permutation tests (Core 13/15, passed_count 18)
  1.27% of Permutation test rounds,  94.74% of Permutation tests (Core 8/15, passed_count 18)
  1.28% of Permutation test rounds,  94.74% of Permutation tests (Core 5/15, passed_count 18)
  1.29% of Permutation test rounds,  94.74% of Permutation tests (Core 11/15, passed_count 18)
  1.30% of Permutation test rounds,  94.74% of Permutation tests (Core 10/15, passed_count 18)
  1.31% of Permutation test rounds,  94.74% of Permutation tests (Core 1/15, passed_count 18)
  1.32% of Permutation test rounds,  94.74% of Permutation tests (Core 15/15, passed_count 18)
  1.33% of Permutation test rounds,  94.74% of Permutation tests (Core 7/15, passed_count 18)
  1.34% of Permutation test rounds,  94.74% of Permutation tests (Core 3/15, passed_count 18)
  1.35% of Permutation test rounds,  94.74% of Permutation tests (Core 2/15, passed_count 18)
  1.36% of Permutation test rounds,  94.74% of Permutation tests (Core 6/15, passed_count 18)
  1.37% of Permutation test rounds,  94.74% of Permutation tests (Core 4/15, passed_count 18)
  1.38% of Permutation test rounds,  94.74% of Permutation tests (Core 12/15, passed_count 18)
  1.39% of Permutation test rounds,  94.74% of Permutation tests (Core 9/15, passed_count 18)
  1.40% of Permutation test rounds,  94.74% of Permutation tests (Core 0/15, passed_count 18)
  1.41% of Permutation test rounds,  94.74% of Permutation tests (Core 14/15, passed_count 18)
  1.42% of Permutation test rounds,  94.74% of Permutation tests (Core 13/15, passed_count 18)
  1.43% of Permutation test rounds,  94.74% of Permutation tests (Core 8/15, passed_count 18)
  1.44% of Permutation test rounds,  94.74% of Permutation tests (Core 5/15, passed_count 18)
  1.45% of Permutation test rounds,  94.74% of Permutation tests (Core 11/15, passed_count 18)
  1.46% of Permutation test rounds,  94.74% of Permutation tests (Core 10/15, passed_count 18)
  1.47% of Permutation test rounds,  94.74% of Permutation tests (Core 1/15, passed_count 18)
  1.48% of Permutation test rounds,  94.74% of Permutation tests (Core 15/15, passed_count 18)
  1.49% of Permutation test rounds,  94.74% of Permutation tests (Core 7/15, passed_count 18)
  1.50% of Permutation test rounds,  94.74% of Permutation tests (Core 3/15, passed_count 18)
  1.51% of Permutation test rounds,  94.74% of Permutation tests (Core 2/15, passed_count 18)
  1.52% of Permutation test rounds,  94.74% of Permutation tests (Core 6/15, passed_count 18)
  1.53% of Permutation test rounds,  94.74% of Permutation tests (Core 4/15, passed_count 18)
  1.54% of Permutation test rounds,  94.74% of Permutation tests (Core 12/15, passed_count 18)
  1.55% of Permutation test rounds,  94.74% of Permutation tests (Core 9/15, passed_count 18)
  1.56% of Permutation test rounds,  94.74% of Permutation tests (Core 0/15, passed_count 18)
  1.57% of Permutation test rounds,  94.74% of Permutation tests (Core 14/15, passed_count 18)
  1.58% of Permutation test rounds,  94.74% of Permutation tests (Core 13/15, passed_count 18)
  1.59% of Permutation test rounds,  94.74% of Permutation tests (Core 8/15, passed_count 18)
  1.60% of Permutation test rounds,  94.74% of Permutation tests (Core 5/15, passed_count 18)
  1.61% of Permutation test rounds,  94.74% of Permutation tests (Core 11/15, passed_count 18)
  1.62% of Permutation test rounds,  94.74% of Permutation tests (Core 10/15, passed_count 18)
  1.63% of Permutation test rounds,  94.74% of Permutation tests (Core 1/15, passed_count 18)
  1.64% of Permutation test rounds,  94.74% of Permutation tests (Core 15/15, passed_count 18)
  1.65% of Permutation test rounds,  94.74% of Permutation tests (Core 7/15, passed_count 18)
  1.66% of Permutation test rounds,  94.74% of Permutation tests (Core 3/15, passed_count 18)
  1.67% of Permutation test rounds,  94.74% of Permutation tests (Core 2/15, passed_count 18)
  1.68% of Permutation test rounds,  94.74% of Permutation tests (Core 6/15, passed_count 18)
  1.69% of Permutation test rounds,  94.74% of Permutation tests (Core 4/15, passed_count 18)
  1.70% of Permutation test rounds,  94.74% of Permutation tests (Core 12/15, passed_count 18)
  1.71% of Permutation test rounds,  94.74% of Permutation tests (Core 9/15, passed_count 18)
  1.72% of Permutation test rounds,  94.74% of Permutation tests (Core 0/15, passed_count 18)
  1.73% of Permutation test rounds,  94.74% of Permutation tests (Core 14/15, passed_count 18)
  1.74% of Permutation test rounds,  94.74% of Permutation tests (Core 13/15, passed_count 18)
  1.75% of Permutation test rounds,  94.74% of Permutation tests (Core 8/15, passed_count 18)
  1.76% of Permutation test rounds,  94.74% of Permutation tests (Core 5/15, passed_count 18)
  1.77% of Permutation test rounds,  94.74% of Permutation tests (Core 11/15, passed_count 18)
  1.78% of Permutation test rounds,  94.74% of Permutation tests (Core 10/15, passed_count 18)
  1.79% of Permutation test rounds,  94.74% of Permutation tests (Core 1/15, passed_count 18)
  1.80% of Permutation test rounds,  94.74% of Permutation tests (Core 15/15, passed_count 18)
  1.81% of Permutation test rounds, 100.00% of Permutation tests (Core 7/15, passed_count 19)
  7.98% of Permutation test rounds, 100.00% of Permutation tests (Core 3/15, passed_count 19)
 14.16% of Permutation test rounds, 100.00% of Permutation tests (Core 2/15, passed_count 19)
 20.32% of Permutation test rounds, 100.00% of Permutation tests (Core 6/15, passed_count 19)
 26.39% of Permutation test rounds, 100.00% of Permutation tests (Core 4/15, passed_count 19)
 32.46% of Permutation test rounds, 100.00% of Permutation tests (Core 12/15, passed_count 19)
 38.54% of Permutation test rounds, 100.00% of Permutation tests (Core 9/15, passed_count 19)
 44.72% of Permutation test rounds, 100.00% of Permutation tests (Core 0/15, passed_count 19)
 50.91% of Permutation test rounds, 100.00% of Permutation tests (Core 14/15, passed_count 19)
 56.99% of Permutation test rounds, 100.00% of Permutation tests (Core 13/15, passed_count 19)
 63.06% of Permutation test rounds, 100.00% of Permutation tests (Core 8/15, passed_count 19)
 69.23% of Permutation test rounds, 100.00% of Permutation tests (Core 5/15, passed_count 19)
 75.29% of Permutation test rounds, 100.00% of Permutation tests (Core 11/15, passed_count 19)
 81.45% of Permutation test rounds, 100.00% of Permutation tests (Core 10/15, passed_count 19)
 87.63% of Permutation test rounds, 100.00% of Permutation tests (Core 1/15, passed_count 19)
 93.82% of Permutation test rounds, 100.00% of Permutation tests (Core 15/15, passed_count 19)


                statistic  C[i][0]  C[i][1]  C[i][2]
----------------------------------------------------
                excursion       6       0      25
       numDirectionalRuns       6       0     175
       lenDirectionalRuns      15       5       1
    numIncreasesDecreases      17       0       6
            numRunsMedian       6       0      34
            lenRunsMedian       2       4      33
             avgCollision       6       0      20
             maxCollision       5       1      22
           periodicity(1)      53       0       6
           periodicity(2)       7       0       6
           periodicity(8)       5       1       9
          periodicity(16)       6       0      10
          periodicity(32)       6       0      30
            covariance(1)       6       0       6
            covariance(2)      11       0       6
            covariance(8)       6       0      11
           covariance(16)       7       0       6
           covariance(32)       6       0      33
              compression       6       0       7
(* denotes failed test)

** Passed IID permutation tests

your 131072x1 screen size is bogus. expect trouble
your 131072x1 screen size is bogus. expect trouble
Identity added: /home/mmggjj/.ssh/id_ed25519 (mariogj.03@gmail.com)
tiempo_s=2.50 maxrss_kB=162988
