Agent pid 423
Opening file: '/mnt/c/Users/mario/Documents/TFM_FPGA_CRYPTO/results/esp32_campana_rng/condB_rep3.bin' (SHA-256 hash 1404bef1ccfe864671219f220e7e2fc3c54c047d7620bfd1eede3bb0fa8741dd)
Loaded 125000 samples of 256 distinct 8-bit-wide symbols
Number of Binary Symbols: 1000000

*** Warning: data contains less than 1000000 samples ***


Running non-IID tests...

Running Most Common Value Estimate...
Bitstring MCV Estimate: mode = 500992, p-hat = 0.50099199999999999, p_u = 0.50227991276094763
	Most Common Value Estimate (bit string) = 0.993437 / 1 bit(s)
Literal MCV Estimate: mode = 553, p-hat = 0.004424, p_u = 0.0049075134714825358
	Most Common Value Estimate = 7.670792 / 8 bit(s)

Running Entropic Statistic Estimates (bit strings only)...
Bitstring Collision Estimate: X-bar = 2.4998937545154329, sigma-hat = 0.50000061368649351, p = 0.53273054061678304
	Collision Test Estimate (bit string) = 0.908522 / 1 bit(s)
Bitstring Markov Estimate: P_0 = 0.49900800000000001, P_1 = 0.50099199999999999, P_0,0 = 0.49884069762548422, P_0,1 = 0.50115930237451578, P_1,0 = 0.49917563553909045, P_1,1 = 0.50082436446090961, p_max = 3.6298005419001194e-39
	Markov Test Estimate (bit string) = 0.997620 / 1 bit(s)
Bitstring Compression Estimate: X-bar = 5.2144898150863721, sigma-hat = 1.0174241165203406, p = 0.032535960848582568
	Compression Test Estimate (bit string) = 0.823637 / 1 bit(s)

Running Tuple Estimates...
Bitstring t-Tuple Estimate: t = 16, p-hat_max = 0.5266288655261094952056, p_u = 0.5279149530124247283462
Bitstring LRS Estimate: u = 17, v = 39, p-hat = 0.50128460831368278, p_u = 0.50257251935872468
	T-Tuple Test Estimate (bit string) = 0.921623 / 1 bit(s)
Literal t-Tuple Estimate: t = 1, p-hat_max = 0.004424000000000000000129, p_u = 0.004907513471482535665341
Literal LRS Estimate: u = 2, v = 3, p-hat = 0.004044882977591795, p_u = 0.0045073030471307835
	T-Tuple Test Estimate = 7.670792 / 8 bit(s)
	LRS Test Estimate (bit string) = 0.992596 / 1 bit(s)
	LRS Test Estimate = 7.793520 / 8 bit(s)

Running Predictor Estimates...
Bitstring MultiMCW Prediction Estimate: N = 999937, Pglobal' = 0.50155747265947859 (C = 500238) Plocal can't affect result (r = 20)
	Multi Most Common in Window (MultiMCW) Prediction Test Estimate (bit string) = 0.995513 / 1 bit(s)
Literal MultiMCW Prediction Estimate: N = 124937, Pglobal' = 0.0046312606835118893 (C = 520) Plocal can't affect result (r = 3)
	Multi Most Common in Window (MultiMCW) Prediction Test Estimate = 7.754379 / 8 bit(s)
Bitstring Lag Prediction Estimate: N = 999999, Pglobal' = 0.50053741373834859 (C = 499249) Plocal can't affect result (r = 19)
	Lag Prediction Test Estimate (bit string) = 0.998450 / 1 bit(s)
Literal Lag Prediction Estimate: N = 124999, Pglobal' = 0.0043414342113915101 (C = 486) Plocal can't affect result (r = 3)
	Lag Prediction Test Estimate = 7.847613 / 8 bit(s)
Bitstring MultiMMC Prediction Estimate: N = 999998, Pglobal' = 0.50198591672469173 (C = 500697) Plocal can't affect result (r = 19)
	Multi Markov Model with Counting (MultiMMC) Prediction Test Estimate (bit string) = 0.994281 / 1 bit(s)
Literal MultiMMC Prediction Estimate: N = 124998, Pglobal' = 0.0046543465366302985 (C = 523) Plocal can't affect result (r = 3)
	Multi Markov Model with Counting (MultiMMC) Prediction Test Estimate = 7.747206 / 8 bit(s)
Bitstring LZ78Y Prediction Estimate: N = 999983, Pglobal' = 0.50117042421006475 (C = 499874) Plocal can't affect result (r = 20)
	LZ78Y Prediction Test Estimate (bit string) = 0.996627 / 1 bit(s)
Literal LZ78Y Prediction Estimate: N = 124983, Pglobal' = 0.0046802496223355555 (C = 526) Plocal can't affect result (r = 3)
	LZ78Y Prediction Test Estimate = 7.739199 / 8 bit(s)

H_original: 7.670792
H_bitstring: 0.823637
min(H_original, 8 X H_bitstring): 6.589095
your 131072x1 screen size is bogus. expect trouble
your 131072x1 screen size is bogus. expect trouble
Identity added: /home/mmggjj/.ssh/id_ed25519 (mariogj.03@gmail.com)
tiempo_s=6.27 maxrss_kB=288640
