Agent pid 423
Opening file: '/mnt/c/Users/mario/Documents/TFM_FPGA_CRYPTO/results/esp32_campana_rng/condD_rep2.bin' (SHA-256 hash a0636bdab73f942823ceb9fa32308ca406374f4c6e9bfabe3cf146eda1c7f69b)
Loaded 125000 samples of 256 distinct 8-bit-wide symbols
Number of Binary samples: 1000000

*** Warning: data contains less than 1000000 samples ***

Calculating baseline statistics...
	Raw Mean: 127.728712
	Median: 128.000000
	Binary: false

Literal MCV Estimate: mode = 556, p-hat = 0.0044479999999999997, p_u = 0.0049328173731532799
Bitstring MCV Estimate: mode = 500420, p-hat = 0.50041999999999998, p_u = 0.50170791484135568
H_original: 7.663372
H_bitstring: 0.995080
min(H_original, 8 X H_bitstring): 7.663372
Chi square independence
	score = 11142.899364
	degrees of freedom = 11087
	p-value = 0.352256

Chi square goodness of fit
	score = 2231.598042
	degrees of freedom = 2295
	p-value = 0.825035

** Passed chi square tests

Literal Longest Repeated Substring results
	P_col: 0.003914
	Length of LRS: 4
	Pr(X >= 1): 0.840068
** Passed length of longest repeated substring test

Beginning initial tests...

Initial test results
              excursion: 33427
     numDirectionalRuns: 83263
     lenDirectionalRuns: 8
  numIncreasesDecreases: 62900
          numRunsMedian: 62343
          lenRunsMedian: 19
           avgCollision: 20.4732
           maxCollision: 68
         periodicity(1): 518
         periodicity(2): 499
         periodicity(8): 490
        periodicity(16): 511
        periodicity(32): 480
          covariance(1): 2.04016e+09
          covariance(2): 2.03968e+09
          covariance(8): 2.03511e+09
         covariance(16): 2.03769e+09
         covariance(32): 2.03749e+09
            compression: 133377

Beginning permutation tests... these may take some time
  0.01% of Permutation test rounds,   0.00% of Permutation tests (Core 7/15, passed_count 0)
  0.02% of Permutation test rounds,   0.00% of Permutation tests (Core 6/15, passed_count 0)
  0.03% of Permutation test rounds,   0.00% of Permutation tests (Core 1/15, passed_count 0)
  0.04% of Permutation test rounds,   0.00% of Permutation tests (Core 5/15, passed_count 0)
  0.05% of Permutation test rounds,   0.00% of Permutation tests (Core 14/15, passed_count 0)
  0.06% of Permutation test rounds,   0.00% of Permutation tests (Core 0/15, passed_count 0)
  0.07% of Permutation test rounds,   0.00% of Permutation tests (Core 9/15, passed_count 0)
  0.08% of Permutation test rounds,   0.00% of Permutation tests (Core 11/15, passed_count 0)
  0.09% of Permutation test rounds,   0.00% of Permutation tests (Core 15/15, passed_count 0)
  0.10% of Permutation test rounds,   5.26% of Permutation tests (Core 4/15, passed_count 1)
  0.11% of Permutation test rounds,   5.26% of Permutation tests (Core 12/15, passed_count 1)
  0.12% of Permutation test rounds,  10.53% of Permutation tests (Core 13/15, passed_count 2)
  0.13% of Permutation test rounds,  15.79% of Permutation tests (Core 2/15, passed_count 3)
  0.14% of Permutation test rounds,  15.79% of Permutation tests (Core 8/15, passed_count 3)
  0.15% of Permutation test rounds,  21.05% of Permutation tests (Core 10/15, passed_count 4)
  0.16% of Permutation test rounds,  36.84% of Permutation tests (Core 3/15, passed_count 7)
  0.17% of Permutation test rounds,  42.11% of Permutation tests (Core 7/15, passed_count 8)
  0.18% of Permutation test rounds,  42.11% of Permutation tests (Core 7/15, passed_count 8)
  0.19% of Permutation test rounds,  42.11% of Permutation tests (Core 1/15, passed_count 8)
  0.20% of Permutation test rounds,  47.37% of Permutation tests (Core 7/15, passed_count 9)
  0.21% of Permutation test rounds,  52.63% of Permutation tests (Core 6/15, passed_count 10)
  0.22% of Permutation test rounds,  52.63% of Permutation tests (Core 1/15, passed_count 10)
  0.23% of Permutation test rounds,  52.63% of Permutation tests (Core 5/15, passed_count 10)
  0.24% of Permutation test rounds,  52.63% of Permutation tests (Core 7/15, passed_count 10)
  0.25% of Permutation test rounds,  52.63% of Permutation tests (Core 6/15, passed_count 10)
  0.26% of Permutation test rounds,  63.16% of Permutation tests (Core 14/15, passed_count 12)
  0.27% of Permutation test rounds,  63.16% of Permutation tests (Core 1/15, passed_count 12)
  0.28% of Permutation test rounds,  63.16% of Permutation tests (Core 5/15, passed_count 12)
  0.29% of Permutation test rounds,  63.16% of Permutation tests (Core 11/15, passed_count 12)
  0.30% of Permutation test rounds,  63.16% of Permutation tests (Core 7/15, passed_count 12)
  0.31% of Permutation test rounds,  68.42% of Permutation tests (Core 14/15, passed_count 13)
  0.32% of Permutation test rounds,  68.42% of Permutation tests (Core 6/15, passed_count 13)
  0.33% of Permutation test rounds,  73.68% of Permutation tests (Core 1/15, passed_count 14)
  0.34% of Permutation test rounds,  73.68% of Permutation tests (Core 5/15, passed_count 14)
  0.35% of Permutation test rounds,  73.68% of Permutation tests (Core 13/15, passed_count 14)
  0.36% of Permutation test rounds,  73.68% of Permutation tests (Core 14/15, passed_count 14)
  0.37% of Permutation test rounds,  73.68% of Permutation tests (Core 7/15, passed_count 14)
  0.38% of Permutation test rounds,  73.68% of Permutation tests (Core 0/15, passed_count 14)
  0.39% of Permutation test rounds,  73.68% of Permutation tests (Core 4/15, passed_count 14)
  0.40% of Permutation test rounds,  73.68% of Permutation tests (Core 6/15, passed_count 14)
  0.41% of Permutation test rounds,  73.68% of Permutation tests (Core 1/15, passed_count 14)
  0.42% of Permutation test rounds,  73.68% of Permutation tests (Core 5/15, passed_count 14)
  0.43% of Permutation test rounds,  73.68% of Permutation tests (Core 12/15, passed_count 14)
  0.44% of Permutation test rounds,  73.68% of Permutation tests (Core 13/15, passed_count 14)
  0.45% of Permutation test rounds,  73.68% of Permutation tests (Core 11/15, passed_count 14)
  0.46% of Permutation test rounds,  73.68% of Permutation tests (Core 15/15, passed_count 14)
  0.47% of Permutation test rounds,  73.68% of Permutation tests (Core 9/15, passed_count 14)
  0.48% of Permutation test rounds,  73.68% of Permutation tests (Core 7/15, passed_count 14)
  0.49% of Permutation test rounds,  73.68% of Permutation tests (Core 14/15, passed_count 14)
  0.50% of Permutation test rounds,  73.68% of Permutation tests (Core 0/15, passed_count 14)
  0.51% of Permutation test rounds,  78.95% of Permutation tests (Core 4/15, passed_count 15)
  0.52% of Permutation test rounds,  78.95% of Permutation tests (Core 3/15, passed_count 15)
  0.53% of Permutation test rounds,  78.95% of Permutation tests (Core 6/15, passed_count 15)
  0.54% of Permutation test rounds,  78.95% of Permutation tests (Core 10/15, passed_count 15)
  0.55% of Permutation test rounds,  78.95% of Permutation tests (Core 1/15, passed_count 15)
  0.56% of Permutation test rounds,  78.95% of Permutation tests (Core 12/15, passed_count 15)
  0.57% of Permutation test rounds,  78.95% of Permutation tests (Core 5/15, passed_count 15)
  0.58% of Permutation test rounds,  78.95% of Permutation tests (Core 2/15, passed_count 15)
  0.59% of Permutation test rounds,  78.95% of Permutation tests (Core 13/15, passed_count 15)
  0.60% of Permutation test rounds,  78.95% of Permutation tests (Core 3/15, passed_count 15)
  0.61% of Permutation test rounds,  78.95% of Permutation tests (Core 6/15, passed_count 15)
  0.62% of Permutation test rounds,  78.95% of Permutation tests (Core 10/15, passed_count 15)
  0.63% of Permutation test rounds,  78.95% of Permutation tests (Core 7/15, passed_count 15)
  0.64% of Permutation test rounds,  78.95% of Permutation tests (Core 14/15, passed_count 15)
  0.65% of Permutation test rounds,  78.95% of Permutation tests (Core 13/15, passed_count 15)
  0.66% of Permutation test rounds,  78.95% of Permutation tests (Core 4/15, passed_count 15)
  0.67% of Permutation test rounds,  78.95% of Permutation tests (Core 15/15, passed_count 15)
  0.68% of Permutation test rounds,  78.95% of Permutation tests (Core 10/15, passed_count 15)
  0.69% of Permutation test rounds,  78.95% of Permutation tests (Core 9/15, passed_count 15)
  0.70% of Permutation test rounds,  78.95% of Permutation tests (Core 8/15, passed_count 15)
  0.71% of Permutation test rounds,  78.95% of Permutation tests (Core 1/15, passed_count 15)
  0.72% of Permutation test rounds,  78.95% of Permutation tests (Core 12/15, passed_count 15)
  0.73% of Permutation test rounds,  78.95% of Permutation tests (Core 5/15, passed_count 15)
  0.74% of Permutation test rounds,  78.95% of Permutation tests (Core 2/15, passed_count 15)
  0.75% of Permutation test rounds,  78.95% of Permutation tests (Core 8/15, passed_count 15)
  0.76% of Permutation test rounds,  78.95% of Permutation tests (Core 3/15, passed_count 15)
  0.77% of Permutation test rounds,  78.95% of Permutation tests (Core 11/15, passed_count 15)
  0.78% of Permutation test rounds,  78.95% of Permutation tests (Core 7/15, passed_count 15)
  0.79% of Permutation test rounds,  78.95% of Permutation tests (Core 6/15, passed_count 15)
  0.80% of Permutation test rounds,  78.95% of Permutation tests (Core 14/15, passed_count 15)
  0.81% of Permutation test rounds,  78.95% of Permutation tests (Core 11/15, passed_count 15)
  0.82% of Permutation test rounds,  78.95% of Permutation tests (Core 15/15, passed_count 15)
  0.83% of Permutation test rounds,  78.95% of Permutation tests (Core 14/15, passed_count 15)
  0.84% of Permutation test rounds,  78.95% of Permutation tests (Core 13/15, passed_count 15)
  0.85% of Permutation test rounds,  78.95% of Permutation tests (Core 11/15, passed_count 15)
  0.86% of Permutation test rounds,  78.95% of Permutation tests (Core 9/15, passed_count 15)
  0.87% of Permutation test rounds,  78.95% of Permutation tests (Core 1/15, passed_count 15)
  0.88% of Permutation test rounds,  78.95% of Permutation tests (Core 12/15, passed_count 15)
  0.89% of Permutation test rounds,  78.95% of Permutation tests (Core 2/15, passed_count 15)
  0.90% of Permutation test rounds,  78.95% of Permutation tests (Core 8/15, passed_count 15)
  0.91% of Permutation test rounds,  78.95% of Permutation tests (Core 5/15, passed_count 15)
  0.92% of Permutation test rounds,  78.95% of Permutation tests (Core 12/15, passed_count 15)
  0.93% of Permutation test rounds,  78.95% of Permutation tests (Core 7/15, passed_count 15)
  0.94% of Permutation test rounds,  78.95% of Permutation tests (Core 3/15, passed_count 15)
  0.95% of Permutation test rounds,  78.95% of Permutation tests (Core 6/15, passed_count 15)
  0.96% of Permutation test rounds,  78.95% of Permutation tests (Core 10/15, passed_count 15)
  0.97% of Permutation test rounds,  78.95% of Permutation tests (Core 5/15, passed_count 15)
  0.98% of Permutation test rounds,  78.95% of Permutation tests (Core 15/15, passed_count 15)
  0.99% of Permutation test rounds,  78.95% of Permutation tests (Core 14/15, passed_count 15)
  1.00% of Permutation test rounds,  84.21% of Permutation tests (Core 13/15, passed_count 16)
  1.01% of Permutation test rounds,  84.21% of Permutation tests (Core 11/15, passed_count 16)
  1.02% of Permutation test rounds,  84.21% of Permutation tests (Core 9/15, passed_count 16)
  1.03% of Permutation test rounds,  84.21% of Permutation tests (Core 1/15, passed_count 16)
  1.04% of Permutation test rounds,  84.21% of Permutation tests (Core 4/15, passed_count 16)
  1.05% of Permutation test rounds,  84.21% of Permutation tests (Core 2/15, passed_count 16)
  1.06% of Permutation test rounds,  84.21% of Permutation tests (Core 8/15, passed_count 16)
  1.07% of Permutation test rounds,  84.21% of Permutation tests (Core 0/15, passed_count 16)
  1.08% of Permutation test rounds,  84.21% of Permutation tests (Core 12/15, passed_count 16)
  1.09% of Permutation test rounds,  84.21% of Permutation tests (Core 7/15, passed_count 16)
  1.10% of Permutation test rounds,  84.21% of Permutation tests (Core 3/15, passed_count 16)
  1.11% of Permutation test rounds,  84.21% of Permutation tests (Core 10/15, passed_count 16)
  1.12% of Permutation test rounds,  84.21% of Permutation tests (Core 5/15, passed_count 16)
  1.13% of Permutation test rounds,  84.21% of Permutation tests (Core 6/15, passed_count 16)
  1.14% of Permutation test rounds,  89.47% of Permutation tests (Core 15/15, passed_count 17)
  1.15% of Permutation test rounds,  89.47% of Permutation tests (Core 14/15, passed_count 17)
  1.16% of Permutation test rounds,  89.47% of Permutation tests (Core 11/15, passed_count 17)
  1.17% of Permutation test rounds,  89.47% of Permutation tests (Core 13/15, passed_count 17)
  1.18% of Permutation test rounds,  89.47% of Permutation tests (Core 9/15, passed_count 17)
  1.19% of Permutation test rounds,  89.47% of Permutation tests (Core 1/15, passed_count 17)
  1.20% of Permutation test rounds,  89.47% of Permutation tests (Core 4/15, passed_count 17)
  1.21% of Permutation test rounds,  89.47% of Permutation tests (Core 2/15, passed_count 17)
  1.22% of Permutation test rounds,  89.47% of Permutation tests (Core 0/15, passed_count 17)
  1.23% of Permutation test rounds,  89.47% of Permutation tests (Core 12/15, passed_count 17)
  1.24% of Permutation test rounds,  89.47% of Permutation tests (Core 8/15, passed_count 17)
  1.25% of Permutation test rounds,  89.47% of Permutation tests (Core 7/15, passed_count 17)
  1.26% of Permutation test rounds,  89.47% of Permutation tests (Core 3/15, passed_count 17)
  1.27% of Permutation test rounds,  89.47% of Permutation tests (Core 10/15, passed_count 17)
  1.28% of Permutation test rounds,  89.47% of Permutation tests (Core 5/15, passed_count 17)
  1.29% of Permutation test rounds,  89.47% of Permutation tests (Core 15/15, passed_count 17)
  1.30% of Permutation test rounds,  89.47% of Permutation tests (Core 14/15, passed_count 17)
  1.31% of Permutation test rounds,  89.47% of Permutation tests (Core 11/15, passed_count 17)
  1.32% of Permutation test rounds,  89.47% of Permutation tests (Core 13/15, passed_count 17)
  1.33% of Permutation test rounds,  89.47% of Permutation tests (Core 9/15, passed_count 17)
  1.34% of Permutation test rounds,  89.47% of Permutation tests (Core 6/15, passed_count 17)
  1.35% of Permutation test rounds,  89.47% of Permutation tests (Core 1/15, passed_count 17)
  1.36% of Permutation test rounds,  89.47% of Permutation tests (Core 4/15, passed_count 17)
  1.37% of Permutation test rounds,  89.47% of Permutation tests (Core 2/15, passed_count 17)
  1.38% of Permutation test rounds,  89.47% of Permutation tests (Core 0/15, passed_count 17)
  1.39% of Permutation test rounds,  89.47% of Permutation tests (Core 12/15, passed_count 17)
  1.40% of Permutation test rounds,  89.47% of Permutation tests (Core 8/15, passed_count 17)
  1.41% of Permutation test rounds,  89.47% of Permutation tests (Core 7/15, passed_count 17)
  1.42% of Permutation test rounds,  89.47% of Permutation tests (Core 10/15, passed_count 17)
  1.43% of Permutation test rounds,  89.47% of Permutation tests (Core 5/15, passed_count 17)
  1.44% of Permutation test rounds,  89.47% of Permutation tests (Core 15/15, passed_count 17)
  1.45% of Permutation test rounds,  89.47% of Permutation tests (Core 14/15, passed_count 17)
  1.46% of Permutation test rounds,  89.47% of Permutation tests (Core 0/15, passed_count 17)
  1.47% of Permutation test rounds,  89.47% of Permutation tests (Core 11/15, passed_count 17)
  1.48% of Permutation test rounds,  89.47% of Permutation tests (Core 13/15, passed_count 17)
  1.49% of Permutation test rounds,  89.47% of Permutation tests (Core 9/15, passed_count 17)
  1.50% of Permutation test rounds,  89.47% of Permutation tests (Core 6/15, passed_count 17)
  1.51% of Permutation test rounds,  89.47% of Permutation tests (Core 1/15, passed_count 17)
  1.52% of Permutation test rounds,  89.47% of Permutation tests (Core 4/15, passed_count 17)
  1.53% of Permutation test rounds,  89.47% of Permutation tests (Core 2/15, passed_count 17)
  1.54% of Permutation test rounds,  89.47% of Permutation tests (Core 3/15, passed_count 17)
  1.55% of Permutation test rounds,  94.74% of Permutation tests (Core 12/15, passed_count 18)
  1.56% of Permutation test rounds,  94.74% of Permutation tests (Core 8/15, passed_count 18)
  1.57% of Permutation test rounds,  94.74% of Permutation tests (Core 7/15, passed_count 18)
  1.58% of Permutation test rounds,  94.74% of Permutation tests (Core 10/15, passed_count 18)
  1.59% of Permutation test rounds,  94.74% of Permutation tests (Core 15/15, passed_count 18)
  1.60% of Permutation test rounds,  94.74% of Permutation tests (Core 14/15, passed_count 18)
  1.61% of Permutation test rounds,  94.74% of Permutation tests (Core 0/15, passed_count 18)
  1.62% of Permutation test rounds,  94.74% of Permutation tests (Core 11/15, passed_count 18)
  1.63% of Permutation test rounds,  94.74% of Permutation tests (Core 12/15, passed_count 18)
  1.64% of Permutation test rounds,  94.74% of Permutation tests (Core 13/15, passed_count 18)
  1.65% of Permutation test rounds,  94.74% of Permutation tests (Core 6/15, passed_count 18)
  1.66% of Permutation test rounds,  94.74% of Permutation tests (Core 9/15, passed_count 18)
  1.67% of Permutation test rounds,  94.74% of Permutation tests (Core 4/15, passed_count 18)
  1.68% of Permutation test rounds,  94.74% of Permutation tests (Core 2/15, passed_count 18)
  1.69% of Permutation test rounds,  94.74% of Permutation tests (Core 5/15, passed_count 18)
  1.70% of Permutation test rounds,  94.74% of Permutation tests (Core 3/15, passed_count 18)
  1.71% of Permutation test rounds,  94.74% of Permutation tests (Core 8/15, passed_count 18)
  1.72% of Permutation test rounds,  94.74% of Permutation tests (Core 11/15, passed_count 18)
  1.73% of Permutation test rounds,  94.74% of Permutation tests (Core 7/15, passed_count 18)
  1.74% of Permutation test rounds,  94.74% of Permutation tests (Core 15/15, passed_count 18)
  1.75% of Permutation test rounds,  94.74% of Permutation tests (Core 10/15, passed_count 18)
  1.76% of Permutation test rounds,  94.74% of Permutation tests (Core 14/15, passed_count 18)
  1.77% of Permutation test rounds,  94.74% of Permutation tests (Core 0/15, passed_count 18)
  1.78% of Permutation test rounds,  94.74% of Permutation tests (Core 7/15, passed_count 18)
  1.79% of Permutation test rounds,  94.74% of Permutation tests (Core 12/15, passed_count 18)
  1.80% of Permutation test rounds,  94.74% of Permutation tests (Core 13/15, passed_count 18)
  1.81% of Permutation test rounds,  94.74% of Permutation tests (Core 9/15, passed_count 18)
  1.82% of Permutation test rounds,  94.74% of Permutation tests (Core 4/15, passed_count 18)
  1.83% of Permutation test rounds,  94.74% of Permutation tests (Core 2/15, passed_count 18)
  1.84% of Permutation test rounds,  94.74% of Permutation tests (Core 5/15, passed_count 18)
  1.85% of Permutation test rounds,  94.74% of Permutation tests (Core 3/15, passed_count 18)
  1.86% of Permutation test rounds,  94.74% of Permutation tests (Core 8/15, passed_count 18)
  1.87% of Permutation test rounds,  94.74% of Permutation tests (Core 6/15, passed_count 18)
  1.88% of Permutation test rounds,  94.74% of Permutation tests (Core 2/15, passed_count 18)
  1.89% of Permutation test rounds,  94.74% of Permutation tests (Core 1/15, passed_count 18)
  1.90% of Permutation test rounds,  94.74% of Permutation tests (Core 5/15, passed_count 18)
  1.91% of Permutation test rounds,  94.74% of Permutation tests (Core 10/15, passed_count 18)
  1.92% of Permutation test rounds,  94.74% of Permutation tests (Core 14/15, passed_count 18)
  1.93% of Permutation test rounds,  94.74% of Permutation tests (Core 0/15, passed_count 18)
  1.94% of Permutation test rounds,  94.74% of Permutation tests (Core 7/15, passed_count 18)
  1.95% of Permutation test rounds,  94.74% of Permutation tests (Core 13/15, passed_count 18)
  1.96% of Permutation test rounds,  94.74% of Permutation tests (Core 9/15, passed_count 18)
  1.97% of Permutation test rounds,  94.74% of Permutation tests (Core 4/15, passed_count 18)
  1.98% of Permutation test rounds,  94.74% of Permutation tests (Core 12/15, passed_count 18)
  1.99% of Permutation test rounds,  94.74% of Permutation tests (Core 11/15, passed_count 18)
  2.00% of Permutation test rounds,  94.74% of Permutation tests (Core 15/15, passed_count 18)
  2.01% of Permutation test rounds,  94.74% of Permutation tests (Core 3/15, passed_count 18)
  2.02% of Permutation test rounds,  94.74% of Permutation tests (Core 8/15, passed_count 18)
  2.03% of Permutation test rounds,  94.74% of Permutation tests (Core 6/15, passed_count 18)
  2.04% of Permutation test rounds,  94.74% of Permutation tests (Core 2/15, passed_count 18)
  2.05% of Permutation test rounds,  94.74% of Permutation tests (Core 1/15, passed_count 18)
  2.06% of Permutation test rounds,  94.74% of Permutation tests (Core 5/15, passed_count 18)
  2.07% of Permutation test rounds,  94.74% of Permutation tests (Core 10/15, passed_count 18)
  2.08% of Permutation test rounds,  94.74% of Permutation tests (Core 14/15, passed_count 18)
  2.09% of Permutation test rounds,  94.74% of Permutation tests (Core 0/15, passed_count 18)
  2.10% of Permutation test rounds,  94.74% of Permutation tests (Core 7/15, passed_count 18)
  2.11% of Permutation test rounds,  94.74% of Permutation tests (Core 13/15, passed_count 18)
  2.12% of Permutation test rounds, 100.00% of Permutation tests (Core 9/15, passed_count 19)
  8.26% of Permutation test rounds, 100.00% of Permutation tests (Core 11/15, passed_count 19)
 14.38% of Permutation test rounds, 100.00% of Permutation tests (Core 15/15, passed_count 19)
 20.52% of Permutation test rounds, 100.00% of Permutation tests (Core 12/15, passed_count 19)
 26.64% of Permutation test rounds, 100.00% of Permutation tests (Core 3/15, passed_count 19)
 32.78% of Permutation test rounds, 100.00% of Permutation tests (Core 4/15, passed_count 19)
 38.92% of Permutation test rounds, 100.00% of Permutation tests (Core 8/15, passed_count 19)
 45.06% of Permutation test rounds, 100.00% of Permutation tests (Core 6/15, passed_count 19)
 51.16% of Permutation test rounds, 100.00% of Permutation tests (Core 2/15, passed_count 19)
 57.29% of Permutation test rounds, 100.00% of Permutation tests (Core 1/15, passed_count 19)
 63.39% of Permutation test rounds, 100.00% of Permutation tests (Core 5/15, passed_count 19)
 69.48% of Permutation test rounds, 100.00% of Permutation tests (Core 10/15, passed_count 19)
 75.61% of Permutation test rounds, 100.00% of Permutation tests (Core 14/15, passed_count 19)
 81.70% of Permutation test rounds, 100.00% of Permutation tests (Core 0/15, passed_count 19)
 87.84% of Permutation test rounds, 100.00% of Permutation tests (Core 7/15, passed_count 19)
 93.90% of Permutation test rounds, 100.00% of Permutation tests (Core 13/15, passed_count 19)


                statistic  C[i][0]  C[i][1]  C[i][2]
----------------------------------------------------
                excursion       6       0      45
       numDirectionalRuns      14       0       6
       lenDirectionalRuns       0       6      10
    numIncreasesDecreases       6       0      94
            numRunsMedian      20       0       6
            lenRunsMedian       3       3      27
             avgCollision     206       0       6
             maxCollision       4       2       4
           periodicity(1)       5       1     108
           periodicity(2)       6       0      20
           periodicity(8)       5       1       7
          periodicity(16)       5       1      25
          periodicity(32)       6       0       6
            covariance(1)       6       0      15
            covariance(2)       6       0       9
            covariance(8)     149       0       6
           covariance(16)      10       0       6
           covariance(32)      10       0       6
              compression      11       0       6
(* denotes failed test)

** Passed IID permutation tests

your 131072x1 screen size is bogus. expect trouble
your 131072x1 screen size is bogus. expect trouble
Identity added: /home/mmggjj/.ssh/id_ed25519 (mariogj.03@gmail.com)
tiempo_s=0.44 maxrss_kB=75864
