Agent pid 423
Opening file: '/mnt/c/Users/mario/Documents/TFM_FPGA_CRYPTO/results/entropia90b/bits/condC_rep2.bits' (SHA-256 hash aff419a66438967d2a98a392b3c4f2fa8e2059a009cf967059ee938834d6b4c9)
Loaded 1000000 samples of 2 distinct 1-bit-wide symbols
Calculating baseline statistics...
	Raw Mean: 0.499405
	Median: 0.500000
	Binary: true

Literal MCV Estimate: mode = 500595, p-hat = 0.50059500000000001, p_u = 0.50188291438382349
H_original: 0.994577
Chi square independence
	score = 2123.493369
	degrees of freedom = 2046
	p-value = 0.113745

Chi square goodness of fit
	score = 18.419806
	degrees of freedom = 9
	p-value = 0.030604

** Passed chi square tests

Literal Longest Repeated Substring results
	P_col: 0.500001
	Length of LRS: 38
	Pr(X >= 1): 0.837804
** Passed length of longest repeated substring test

Beginning initial tests...

Initial test results
              excursion: 468.915
     numDirectionalRuns: 79799
     lenDirectionalRuns: 11
  numIncreasesDecreases: 74776
          numRunsMedian: 499599
          lenRunsMedian: 20
           avgCollision: 20.6934
           maxCollision: 66
         periodicity(1): 24564
         periodicity(2): 24757
         periodicity(8): 24537
        periodicity(16): 24421
        periodicity(32): 24430
          covariance(1): 1.99454e+06
          covariance(2): 1.99552e+06
          covariance(8): 1.99588e+06
         covariance(16): 1.99543e+06
         covariance(32): 1.99367e+06
            compression: 155876

Beginning permutation tests... these may take some time
  0.01% of Permutation test rounds,   0.00% of Permutation tests (Core 14/15, passed_count 0)
  0.02% of Permutation test rounds,   0.00% of Permutation tests (Core 2/15, passed_count 0)
  0.03% of Permutation test rounds,   0.00% of Permutation tests (Core 11/15, passed_count 0)
  0.04% of Permutation test rounds,   0.00% of Permutation tests (Core 15/15, passed_count 0)
  0.05% of Permutation test rounds,   0.00% of Permutation tests (Core 7/15, passed_count 0)
  0.06% of Permutation test rounds,   0.00% of Permutation tests (Core 8/15, passed_count 0)
  0.07% of Permutation test rounds,   0.00% of Permutation tests (Core 10/15, passed_count 0)
  0.08% of Permutation test rounds,   0.00% of Permutation tests (Core 5/15, passed_count 0)
  0.09% of Permutation test rounds,   5.26% of Permutation tests (Core 3/15, passed_count 1)
  0.10% of Permutation test rounds,  10.53% of Permutation tests (Core 0/15, passed_count 2)
  0.11% of Permutation test rounds,  10.53% of Permutation tests (Core 9/15, passed_count 2)
  0.12% of Permutation test rounds,  15.79% of Permutation tests (Core 6/15, passed_count 3)
  0.13% of Permutation test rounds,  21.05% of Permutation tests (Core 4/15, passed_count 4)
  0.14% of Permutation test rounds,  31.58% of Permutation tests (Core 13/15, passed_count 6)
  0.15% of Permutation test rounds,  47.37% of Permutation tests (Core 1/15, passed_count 9)
  0.16% of Permutation test rounds,  47.37% of Permutation tests (Core 1/15, passed_count 9)
  0.17% of Permutation test rounds,  52.63% of Permutation tests (Core 12/15, passed_count 10)
  0.18% of Permutation test rounds,  52.63% of Permutation tests (Core 1/15, passed_count 10)
  0.19% of Permutation test rounds,  52.63% of Permutation tests (Core 12/15, passed_count 10)
  0.20% of Permutation test rounds,  52.63% of Permutation tests (Core 1/15, passed_count 10)
  0.21% of Permutation test rounds,  57.89% of Permutation tests (Core 12/15, passed_count 11)
  0.22% of Permutation test rounds,  57.89% of Permutation tests (Core 1/15, passed_count 11)
  0.23% of Permutation test rounds,  63.16% of Permutation tests (Core 12/15, passed_count 12)
  0.24% of Permutation test rounds,  68.42% of Permutation tests (Core 1/15, passed_count 13)
  0.25% of Permutation test rounds,  68.42% of Permutation tests (Core 12/15, passed_count 13)
  0.26% of Permutation test rounds,  68.42% of Permutation tests (Core 1/15, passed_count 13)
  0.27% of Permutation test rounds,  68.42% of Permutation tests (Core 12/15, passed_count 13)
  0.28% of Permutation test rounds,  68.42% of Permutation tests (Core 1/15, passed_count 13)
  0.29% of Permutation test rounds,  68.42% of Permutation tests (Core 12/15, passed_count 13)
  0.30% of Permutation test rounds,  68.42% of Permutation tests (Core 1/15, passed_count 13)
  0.31% of Permutation test rounds,  73.68% of Permutation tests (Core 12/15, passed_count 14)
  0.32% of Permutation test rounds,  78.95% of Permutation tests (Core 1/15, passed_count 15)
  0.33% of Permutation test rounds,  78.95% of Permutation tests (Core 12/15, passed_count 15)
  0.34% of Permutation test rounds,  78.95% of Permutation tests (Core 1/15, passed_count 15)
  0.35% of Permutation test rounds,  78.95% of Permutation tests (Core 12/15, passed_count 15)
  0.36% of Permutation test rounds,  78.95% of Permutation tests (Core 1/15, passed_count 15)
  0.37% of Permutation test rounds,  78.95% of Permutation tests (Core 12/15, passed_count 15)
  0.38% of Permutation test rounds,  84.21% of Permutation tests (Core 1/15, passed_count 16)
  0.39% of Permutation test rounds,  84.21% of Permutation tests (Core 12/15, passed_count 16)
  0.40% of Permutation test rounds,  84.21% of Permutation tests (Core 12/15, passed_count 16)
  0.41% of Permutation test rounds,  84.21% of Permutation tests (Core 1/15, passed_count 16)
  0.42% of Permutation test rounds,  84.21% of Permutation tests (Core 1/15, passed_count 16)
  0.43% of Permutation test rounds,  84.21% of Permutation tests (Core 12/15, passed_count 16)
  0.44% of Permutation test rounds,  84.21% of Permutation tests (Core 12/15, passed_count 16)
  0.45% of Permutation test rounds,  84.21% of Permutation tests (Core 1/15, passed_count 16)
  0.46% of Permutation test rounds,  84.21% of Permutation tests (Core 12/15, passed_count 16)
  0.47% of Permutation test rounds,  84.21% of Permutation tests (Core 14/15, passed_count 16)
  0.48% of Permutation test rounds,  89.47% of Permutation tests (Core 1/15, passed_count 17)
  0.49% of Permutation test rounds,  89.47% of Permutation tests (Core 12/15, passed_count 17)
  0.50% of Permutation test rounds,  89.47% of Permutation tests (Core 14/15, passed_count 17)
  0.51% of Permutation test rounds,  89.47% of Permutation tests (Core 1/15, passed_count 17)
  0.52% of Permutation test rounds,  89.47% of Permutation tests (Core 12/15, passed_count 17)
  0.53% of Permutation test rounds,  89.47% of Permutation tests (Core 14/15, passed_count 17)
  0.54% of Permutation test rounds,  89.47% of Permutation tests (Core 1/15, passed_count 17)
  0.55% of Permutation test rounds,  89.47% of Permutation tests (Core 12/15, passed_count 17)
  0.56% of Permutation test rounds,  89.47% of Permutation tests (Core 14/15, passed_count 17)
  0.57% of Permutation test rounds,  89.47% of Permutation tests (Core 1/15, passed_count 17)
  0.58% of Permutation test rounds,  89.47% of Permutation tests (Core 12/15, passed_count 17)
  0.59% of Permutation test rounds,  89.47% of Permutation tests (Core 14/15, passed_count 17)
  0.60% of Permutation test rounds,  89.47% of Permutation tests (Core 2/15, passed_count 17)
  0.61% of Permutation test rounds,  89.47% of Permutation tests (Core 1/15, passed_count 17)
  0.62% of Permutation test rounds,  89.47% of Permutation tests (Core 12/15, passed_count 17)
  0.63% of Permutation test rounds,  89.47% of Permutation tests (Core 14/15, passed_count 17)
  0.64% of Permutation test rounds,  89.47% of Permutation tests (Core 2/15, passed_count 17)
  0.65% of Permutation test rounds,  89.47% of Permutation tests (Core 1/15, passed_count 17)
  0.66% of Permutation test rounds,  94.74% of Permutation tests (Core 11/15, passed_count 18)
  0.67% of Permutation test rounds, 100.00% of Permutation tests (Core 7/15, passed_count 19)
  6.91% of Permutation test rounds, 100.00% of Permutation tests (Core 15/15, passed_count 19)
 13.15% of Permutation test rounds, 100.00% of Permutation tests (Core 12/15, passed_count 19)
 19.19% of Permutation test rounds, 100.00% of Permutation tests (Core 14/15, passed_count 19)
 25.37% of Permutation test rounds, 100.00% of Permutation tests (Core 2/15, passed_count 19)
 31.59% of Permutation test rounds, 100.00% of Permutation tests (Core 1/15, passed_count 19)
 37.62% of Permutation test rounds, 100.00% of Permutation tests (Core 11/15, passed_count 19)
 43.85% of Permutation test rounds, 100.00% of Permutation tests (Core 8/15, passed_count 19)
 50.09% of Permutation test rounds, 100.00% of Permutation tests (Core 10/15, passed_count 19)
 56.33% of Permutation test rounds, 100.00% of Permutation tests (Core 0/15, passed_count 19)
 62.57% of Permutation test rounds, 100.00% of Permutation tests (Core 3/15, passed_count 19)
 68.81% of Permutation test rounds, 100.00% of Permutation tests (Core 5/15, passed_count 19)
 75.05% of Permutation test rounds, 100.00% of Permutation tests (Core 6/15, passed_count 19)
 81.29% of Permutation test rounds, 100.00% of Permutation tests (Core 9/15, passed_count 19)
 87.53% of Permutation test rounds, 100.00% of Permutation tests (Core 4/15, passed_count 19)
 93.77% of Permutation test rounds, 100.00% of Permutation tests (Core 13/15, passed_count 19)


                statistic  C[i][0]  C[i][1]  C[i][2]
----------------------------------------------------
                excursion       6       0      15
       numDirectionalRuns       6       0      17
       lenDirectionalRuns       1       5       3
    numIncreasesDecreases       6       0       9
            numRunsMedian       8       0       6
            lenRunsMedian       4       2       4
             avgCollision       8       0       6
             maxCollision       6       0       6
           periodicity(1)       6       0       9
           periodicity(2)       6       0      61
           periodicity(8)       6       0      18
          periodicity(16)      25       0       6
          periodicity(32)       7       0       6
            covariance(1)      42       0       6
            covariance(2)       6       0      11
            covariance(8)       6       0      32
           covariance(16)       6       0      26
           covariance(32)      60       0       6
              compression       6       0       9
(* denotes failed test)

** Passed IID permutation tests

your 131072x1 screen size is bogus. expect trouble
your 131072x1 screen size is bogus. expect trouble
Identity added: /home/mmggjj/.ssh/id_ed25519 (mariogj.03@gmail.com)
tiempo_s=2.47 maxrss_kB=162768
