Agent pid 423
Opening file: '/mnt/c/Users/mario/Documents/TFM_FPGA_CRYPTO/results/esp32_campana_rng/condB_rep2.bin' (SHA-256 hash cd02b518d990fadfeaea6ae023d35715656b42c817de74462917a33b79ef681f)
Loaded 125000 samples of 256 distinct 8-bit-wide symbols
Number of Binary samples: 1000000

*** Warning: data contains less than 1000000 samples ***

Calculating baseline statistics...
	Raw Mean: 127.418032
	Median: 127.000000
	Binary: false

Literal MCV Estimate: mode = 546, p-hat = 0.0043680000000000004, p_u = 0.0048484570256475991
Bitstring MCV Estimate: mode = 500190, p-hat = 0.50019000000000002, p_u = 0.50147791520274476
H_original: 7.688259
H_bitstring: 0.995742
min(H_original, 8 X H_bitstring): 7.688259
Chi square independence
	score = 11099.696439
	degrees of freedom = 11105
	p-value = 0.512413

Chi square goodness of fit
	score = 2359.954576
	degrees of freedom = 2295
	p-value = 0.168612

** Passed chi square tests

Literal Longest Repeated Substring results
	P_col: 0.003914
	Length of LRS: 4
	Pr(X >= 1): 0.840078
** Passed length of longest repeated substring test

Beginning initial tests...

Initial test results
              excursion: 12815.9
     numDirectionalRuns: 83314
     lenDirectionalRuns: 8
  numIncreasesDecreases: 62727
          numRunsMedian: 62282
          lenRunsMedian: 14
           avgCollision: 20.7089
           maxCollision: 64
         periodicity(1): 484
         periodicity(2): 487
         periodicity(8): 484
        periodicity(16): 513
        periodicity(32): 499
          covariance(1): 2.03123e+09
          covariance(2): 2.02865e+09
          covariance(8): 2.02656e+09
         covariance(16): 2.02829e+09
         covariance(32): 2.02624e+09
            compression: 133478

Beginning permutation tests... these may take some time
  0.01% of Permutation test rounds,   0.00% of Permutation tests (Core 5/15, passed_count 0)
  0.02% of Permutation test rounds,   0.00% of Permutation tests (Core 14/15, passed_count 0)
  0.03% of Permutation test rounds,   0.00% of Permutation tests (Core 8/15, passed_count 0)
  0.04% of Permutation test rounds,   0.00% of Permutation tests (Core 4/15, passed_count 0)
  0.05% of Permutation test rounds,   0.00% of Permutation tests (Core 13/15, passed_count 0)
  0.06% of Permutation test rounds,   0.00% of Permutation tests (Core 7/15, passed_count 0)
  0.07% of Permutation test rounds,   0.00% of Permutation tests (Core 10/15, passed_count 0)
  0.08% of Permutation test rounds,   0.00% of Permutation tests (Core 2/15, passed_count 0)
  0.09% of Permutation test rounds,   0.00% of Permutation tests (Core 6/15, passed_count 0)
  0.10% of Permutation test rounds,   0.00% of Permutation tests (Core 11/15, passed_count 0)
  0.11% of Permutation test rounds,   0.00% of Permutation tests (Core 15/15, passed_count 0)
  0.12% of Permutation test rounds,  21.05% of Permutation tests (Core 0/15, passed_count 4)
  0.13% of Permutation test rounds,  36.84% of Permutation tests (Core 12/15, passed_count 7)
  0.14% of Permutation test rounds,  47.37% of Permutation tests (Core 3/15, passed_count 9)
  0.15% of Permutation test rounds,  47.37% of Permutation tests (Core 12/15, passed_count 9)
  0.16% of Permutation test rounds,  52.63% of Permutation tests (Core 9/15, passed_count 10)
  0.17% of Permutation test rounds,  52.63% of Permutation tests (Core 3/15, passed_count 10)
  0.18% of Permutation test rounds,  52.63% of Permutation tests (Core 12/15, passed_count 10)
  0.19% of Permutation test rounds,  52.63% of Permutation tests (Core 1/15, passed_count 10)
  0.20% of Permutation test rounds,  57.89% of Permutation tests (Core 9/15, passed_count 11)
  0.21% of Permutation test rounds,  57.89% of Permutation tests (Core 12/15, passed_count 11)
  0.22% of Permutation test rounds,  63.16% of Permutation tests (Core 3/15, passed_count 12)
  0.23% of Permutation test rounds,  68.42% of Permutation tests (Core 1/15, passed_count 13)
  0.24% of Permutation test rounds,  68.42% of Permutation tests (Core 12/15, passed_count 13)
  0.25% of Permutation test rounds,  73.68% of Permutation tests (Core 9/15, passed_count 14)
  0.26% of Permutation test rounds,  73.68% of Permutation tests (Core 1/15, passed_count 14)
  0.27% of Permutation test rounds,  78.95% of Permutation tests (Core 3/15, passed_count 15)
  0.28% of Permutation test rounds,  78.95% of Permutation tests (Core 12/15, passed_count 15)
  0.29% of Permutation test rounds,  78.95% of Permutation tests (Core 9/15, passed_count 15)
  0.30% of Permutation test rounds,  78.95% of Permutation tests (Core 1/15, passed_count 15)
  0.31% of Permutation test rounds,  78.95% of Permutation tests (Core 3/15, passed_count 15)
  0.32% of Permutation test rounds,  78.95% of Permutation tests (Core 9/15, passed_count 15)
  0.33% of Permutation test rounds,  78.95% of Permutation tests (Core 1/15, passed_count 15)
  0.34% of Permutation test rounds,  78.95% of Permutation tests (Core 12/15, passed_count 15)
  0.35% of Permutation test rounds,  78.95% of Permutation tests (Core 3/15, passed_count 15)
  0.36% of Permutation test rounds,  78.95% of Permutation tests (Core 9/15, passed_count 15)
  0.37% of Permutation test rounds,  78.95% of Permutation tests (Core 1/15, passed_count 15)
  0.38% of Permutation test rounds,  78.95% of Permutation tests (Core 12/15, passed_count 15)
  0.39% of Permutation test rounds,  78.95% of Permutation tests (Core 3/15, passed_count 15)
  0.40% of Permutation test rounds,  78.95% of Permutation tests (Core 9/15, passed_count 15)
  0.41% of Permutation test rounds,  78.95% of Permutation tests (Core 1/15, passed_count 15)
  0.42% of Permutation test rounds,  78.95% of Permutation tests (Core 3/15, passed_count 15)
  0.43% of Permutation test rounds,  78.95% of Permutation tests (Core 9/15, passed_count 15)
  0.44% of Permutation test rounds,  78.95% of Permutation tests (Core 1/15, passed_count 15)
  0.45% of Permutation test rounds,  78.95% of Permutation tests (Core 12/15, passed_count 15)
  0.46% of Permutation test rounds,  78.95% of Permutation tests (Core 3/15, passed_count 15)
  0.47% of Permutation test rounds,  78.95% of Permutation tests (Core 9/15, passed_count 15)
  0.48% of Permutation test rounds,  78.95% of Permutation tests (Core 12/15, passed_count 15)
  0.49% of Permutation test rounds,  78.95% of Permutation tests (Core 1/15, passed_count 15)
  0.50% of Permutation test rounds,  78.95% of Permutation tests (Core 3/15, passed_count 15)
  0.51% of Permutation test rounds,  78.95% of Permutation tests (Core 9/15, passed_count 15)
  0.52% of Permutation test rounds,  78.95% of Permutation tests (Core 5/15, passed_count 15)
  0.53% of Permutation test rounds,  78.95% of Permutation tests (Core 1/15, passed_count 15)
  0.54% of Permutation test rounds,  78.95% of Permutation tests (Core 12/15, passed_count 15)
  0.55% of Permutation test rounds,  78.95% of Permutation tests (Core 3/15, passed_count 15)
  0.56% of Permutation test rounds,  78.95% of Permutation tests (Core 5/15, passed_count 15)
  0.57% of Permutation test rounds,  78.95% of Permutation tests (Core 9/15, passed_count 15)
  0.58% of Permutation test rounds,  78.95% of Permutation tests (Core 1/15, passed_count 15)
  0.59% of Permutation test rounds,  78.95% of Permutation tests (Core 14/15, passed_count 15)
  0.60% of Permutation test rounds,  78.95% of Permutation tests (Core 3/15, passed_count 15)
  0.61% of Permutation test rounds,  78.95% of Permutation tests (Core 5/15, passed_count 15)
  0.62% of Permutation test rounds,  78.95% of Permutation tests (Core 11/15, passed_count 15)
  0.63% of Permutation test rounds,  78.95% of Permutation tests (Core 12/15, passed_count 15)
  0.64% of Permutation test rounds,  78.95% of Permutation tests (Core 9/15, passed_count 15)
  0.65% of Permutation test rounds,  78.95% of Permutation tests (Core 1/15, passed_count 15)
  0.66% of Permutation test rounds,  78.95% of Permutation tests (Core 14/15, passed_count 15)
  0.67% of Permutation test rounds,  78.95% of Permutation tests (Core 8/15, passed_count 15)
  0.68% of Permutation test rounds,  78.95% of Permutation tests (Core 3/15, passed_count 15)
  0.69% of Permutation test rounds,  78.95% of Permutation tests (Core 10/15, passed_count 15)
  0.70% of Permutation test rounds,  78.95% of Permutation tests (Core 13/15, passed_count 15)
  0.71% of Permutation test rounds,  78.95% of Permutation tests (Core 7/15, passed_count 15)
  0.72% of Permutation test rounds,  78.95% of Permutation tests (Core 5/15, passed_count 15)
  0.73% of Permutation test rounds,  78.95% of Permutation tests (Core 14/15, passed_count 15)
  0.74% of Permutation test rounds,  78.95% of Permutation tests (Core 12/15, passed_count 15)
  0.75% of Permutation test rounds,  78.95% of Permutation tests (Core 9/15, passed_count 15)
  0.76% of Permutation test rounds,  78.95% of Permutation tests (Core 12/15, passed_count 15)
  0.77% of Permutation test rounds,  78.95% of Permutation tests (Core 9/15, passed_count 15)
  0.78% of Permutation test rounds,  78.95% of Permutation tests (Core 15/15, passed_count 15)
  0.79% of Permutation test rounds,  78.95% of Permutation tests (Core 3/15, passed_count 15)
  0.80% of Permutation test rounds,  78.95% of Permutation tests (Core 13/15, passed_count 15)
  0.81% of Permutation test rounds,  78.95% of Permutation tests (Core 10/15, passed_count 15)
  0.82% of Permutation test rounds,  78.95% of Permutation tests (Core 2/15, passed_count 15)
  0.83% of Permutation test rounds,  78.95% of Permutation tests (Core 7/15, passed_count 15)
  0.84% of Permutation test rounds,  78.95% of Permutation tests (Core 4/15, passed_count 15)
  0.85% of Permutation test rounds,  78.95% of Permutation tests (Core 1/15, passed_count 15)
  0.86% of Permutation test rounds,  78.95% of Permutation tests (Core 5/15, passed_count 15)
  0.87% of Permutation test rounds,  78.95% of Permutation tests (Core 14/15, passed_count 15)
  0.88% of Permutation test rounds,  78.95% of Permutation tests (Core 11/15, passed_count 15)
  0.89% of Permutation test rounds,  84.21% of Permutation tests (Core 14/15, passed_count 16)
  0.90% of Permutation test rounds,  84.21% of Permutation tests (Core 8/15, passed_count 16)
  0.91% of Permutation test rounds,  84.21% of Permutation tests (Core 9/15, passed_count 16)
  0.92% of Permutation test rounds,  84.21% of Permutation tests (Core 15/15, passed_count 16)
  0.93% of Permutation test rounds,  84.21% of Permutation tests (Core 0/15, passed_count 16)
  0.94% of Permutation test rounds,  84.21% of Permutation tests (Core 3/15, passed_count 16)
  0.95% of Permutation test rounds,  84.21% of Permutation tests (Core 13/15, passed_count 16)
  0.96% of Permutation test rounds,  84.21% of Permutation tests (Core 10/15, passed_count 16)
  0.97% of Permutation test rounds,  84.21% of Permutation tests (Core 2/15, passed_count 16)
  0.98% of Permutation test rounds,  84.21% of Permutation tests (Core 7/15, passed_count 16)
  0.99% of Permutation test rounds,  84.21% of Permutation tests (Core 4/15, passed_count 16)
  1.00% of Permutation test rounds,  84.21% of Permutation tests (Core 1/15, passed_count 16)
  1.01% of Permutation test rounds,  84.21% of Permutation tests (Core 6/15, passed_count 16)
  1.02% of Permutation test rounds,  84.21% of Permutation tests (Core 5/15, passed_count 16)
  1.03% of Permutation test rounds,  84.21% of Permutation tests (Core 12/15, passed_count 16)
  1.04% of Permutation test rounds,  84.21% of Permutation tests (Core 11/15, passed_count 16)
  1.05% of Permutation test rounds,  84.21% of Permutation tests (Core 14/15, passed_count 16)
  1.06% of Permutation test rounds,  84.21% of Permutation tests (Core 8/15, passed_count 16)
  1.07% of Permutation test rounds,  84.21% of Permutation tests (Core 9/15, passed_count 16)
  1.08% of Permutation test rounds,  84.21% of Permutation tests (Core 15/15, passed_count 16)
  1.09% of Permutation test rounds,  84.21% of Permutation tests (Core 0/15, passed_count 16)
  1.10% of Permutation test rounds,  84.21% of Permutation tests (Core 3/15, passed_count 16)
  1.11% of Permutation test rounds,  84.21% of Permutation tests (Core 13/15, passed_count 16)
  1.12% of Permutation test rounds,  84.21% of Permutation tests (Core 10/15, passed_count 16)
  1.13% of Permutation test rounds,  84.21% of Permutation tests (Core 2/15, passed_count 16)
  1.14% of Permutation test rounds,  84.21% of Permutation tests (Core 7/15, passed_count 16)
  1.15% of Permutation test rounds,  84.21% of Permutation tests (Core 4/15, passed_count 16)
  1.16% of Permutation test rounds,  84.21% of Permutation tests (Core 1/15, passed_count 16)
  1.17% of Permutation test rounds,  84.21% of Permutation tests (Core 6/15, passed_count 16)
  1.18% of Permutation test rounds,  84.21% of Permutation tests (Core 5/15, passed_count 16)
  1.19% of Permutation test rounds,  89.47% of Permutation tests (Core 12/15, passed_count 17)
  1.20% of Permutation test rounds,  89.47% of Permutation tests (Core 11/15, passed_count 17)
  1.21% of Permutation test rounds,  89.47% of Permutation tests (Core 14/15, passed_count 17)
  1.22% of Permutation test rounds,  89.47% of Permutation tests (Core 8/15, passed_count 17)
  1.23% of Permutation test rounds,  89.47% of Permutation tests (Core 9/15, passed_count 17)
  1.24% of Permutation test rounds,  89.47% of Permutation tests (Core 14/15, passed_count 17)
  1.25% of Permutation test rounds,  89.47% of Permutation tests (Core 0/15, passed_count 17)
  1.26% of Permutation test rounds,  89.47% of Permutation tests (Core 3/15, passed_count 17)
  1.27% of Permutation test rounds,  89.47% of Permutation tests (Core 13/15, passed_count 17)
  1.28% of Permutation test rounds,  89.47% of Permutation tests (Core 10/15, passed_count 17)
  1.29% of Permutation test rounds,  89.47% of Permutation tests (Core 2/15, passed_count 17)
  1.30% of Permutation test rounds,  89.47% of Permutation tests (Core 7/15, passed_count 17)
  1.31% of Permutation test rounds,  89.47% of Permutation tests (Core 10/15, passed_count 17)
  1.32% of Permutation test rounds,  89.47% of Permutation tests (Core 1/15, passed_count 17)
  1.33% of Permutation test rounds,  89.47% of Permutation tests (Core 7/15, passed_count 17)
  1.34% of Permutation test rounds,  89.47% of Permutation tests (Core 10/15, passed_count 17)
  1.35% of Permutation test rounds,  89.47% of Permutation tests (Core 12/15, passed_count 17)
  1.36% of Permutation test rounds,  89.47% of Permutation tests (Core 7/15, passed_count 17)
  1.37% of Permutation test rounds,  89.47% of Permutation tests (Core 10/15, passed_count 17)
  1.38% of Permutation test rounds,  89.47% of Permutation tests (Core 8/15, passed_count 17)
  1.39% of Permutation test rounds,  89.47% of Permutation tests (Core 9/15, passed_count 17)
  1.40% of Permutation test rounds,  89.47% of Permutation tests (Core 14/15, passed_count 17)
  1.41% of Permutation test rounds,  94.74% of Permutation tests (Core 0/15, passed_count 18)
  1.42% of Permutation test rounds,  94.74% of Permutation tests (Core 3/15, passed_count 18)
  1.43% of Permutation test rounds,  94.74% of Permutation tests (Core 13/15, passed_count 18)
  1.44% of Permutation test rounds,  94.74% of Permutation tests (Core 4/15, passed_count 18)
  1.45% of Permutation test rounds,  94.74% of Permutation tests (Core 2/15, passed_count 18)
  1.46% of Permutation test rounds,  94.74% of Permutation tests (Core 6/15, passed_count 18)
  1.47% of Permutation test rounds,  94.74% of Permutation tests (Core 5/15, passed_count 18)
  1.48% of Permutation test rounds,  94.74% of Permutation tests (Core 1/15, passed_count 18)
  1.49% of Permutation test rounds,  94.74% of Permutation tests (Core 11/15, passed_count 18)
  1.50% of Permutation test rounds,  94.74% of Permutation tests (Core 15/15, passed_count 18)
  1.51% of Permutation test rounds,  94.74% of Permutation tests (Core 12/15, passed_count 18)
  1.52% of Permutation test rounds,  94.74% of Permutation tests (Core 7/15, passed_count 18)
  1.53% of Permutation test rounds,  94.74% of Permutation tests (Core 10/15, passed_count 18)
  1.54% of Permutation test rounds,  94.74% of Permutation tests (Core 9/15, passed_count 18)
  1.55% of Permutation test rounds,  94.74% of Permutation tests (Core 14/15, passed_count 18)
  1.56% of Permutation test rounds,  94.74% of Permutation tests (Core 0/15, passed_count 18)
  1.57% of Permutation test rounds,  94.74% of Permutation tests (Core 3/15, passed_count 18)
  1.58% of Permutation test rounds,  94.74% of Permutation tests (Core 8/15, passed_count 18)
  1.59% of Permutation test rounds,  94.74% of Permutation tests (Core 13/15, passed_count 18)
  1.60% of Permutation test rounds,  94.74% of Permutation tests (Core 4/15, passed_count 18)
  1.61% of Permutation test rounds,  94.74% of Permutation tests (Core 2/15, passed_count 18)
  1.62% of Permutation test rounds,  94.74% of Permutation tests (Core 6/15, passed_count 18)
  1.63% of Permutation test rounds,  94.74% of Permutation tests (Core 5/15, passed_count 18)
  1.64% of Permutation test rounds,  94.74% of Permutation tests (Core 1/15, passed_count 18)
  1.65% of Permutation test rounds,  94.74% of Permutation tests (Core 11/15, passed_count 18)
  1.66% of Permutation test rounds,  94.74% of Permutation tests (Core 15/15, passed_count 18)
  1.67% of Permutation test rounds,  94.74% of Permutation tests (Core 12/15, passed_count 18)
  1.68% of Permutation test rounds,  94.74% of Permutation tests (Core 7/15, passed_count 18)
  1.69% of Permutation test rounds,  94.74% of Permutation tests (Core 10/15, passed_count 18)
  1.70% of Permutation test rounds,  94.74% of Permutation tests (Core 14/15, passed_count 18)
  1.71% of Permutation test rounds,  94.74% of Permutation tests (Core 0/15, passed_count 18)
  1.72% of Permutation test rounds,  94.74% of Permutation tests (Core 3/15, passed_count 18)
  1.73% of Permutation test rounds,  94.74% of Permutation tests (Core 8/15, passed_count 18)
  1.74% of Permutation test rounds,  94.74% of Permutation tests (Core 13/15, passed_count 18)
  1.75% of Permutation test rounds,  94.74% of Permutation tests (Core 4/15, passed_count 18)
  1.76% of Permutation test rounds,  94.74% of Permutation tests (Core 2/15, passed_count 18)
  1.77% of Permutation test rounds,  94.74% of Permutation tests (Core 9/15, passed_count 18)
  1.78% of Permutation test rounds,  94.74% of Permutation tests (Core 6/15, passed_count 18)
  1.79% of Permutation test rounds,  94.74% of Permutation tests (Core 2/15, passed_count 18)
  1.80% of Permutation test rounds,  94.74% of Permutation tests (Core 1/15, passed_count 18)
  1.81% of Permutation test rounds,  94.74% of Permutation tests (Core 11/15, passed_count 18)
  1.82% of Permutation test rounds,  94.74% of Permutation tests (Core 15/15, passed_count 18)
  1.83% of Permutation test rounds,  94.74% of Permutation tests (Core 12/15, passed_count 18)
  1.84% of Permutation test rounds,  94.74% of Permutation tests (Core 7/15, passed_count 18)
  1.85% of Permutation test rounds,  94.74% of Permutation tests (Core 10/15, passed_count 18)
  1.86% of Permutation test rounds,  94.74% of Permutation tests (Core 14/15, passed_count 18)
  1.87% of Permutation test rounds,  94.74% of Permutation tests (Core 0/15, passed_count 18)
  1.88% of Permutation test rounds,  94.74% of Permutation tests (Core 3/15, passed_count 18)
  1.89% of Permutation test rounds,  94.74% of Permutation tests (Core 8/15, passed_count 18)
  1.90% of Permutation test rounds,  94.74% of Permutation tests (Core 13/15, passed_count 18)
  1.91% of Permutation test rounds,  94.74% of Permutation tests (Core 4/15, passed_count 18)
  1.92% of Permutation test rounds,  94.74% of Permutation tests (Core 5/15, passed_count 18)
  1.93% of Permutation test rounds,  94.74% of Permutation tests (Core 9/15, passed_count 18)
  1.94% of Permutation test rounds,  94.74% of Permutation tests (Core 6/15, passed_count 18)
  1.95% of Permutation test rounds,  94.74% of Permutation tests (Core 2/15, passed_count 18)
  1.96% of Permutation test rounds,  94.74% of Permutation tests (Core 1/15, passed_count 18)
  1.97% of Permutation test rounds,  94.74% of Permutation tests (Core 11/15, passed_count 18)
  1.98% of Permutation test rounds,  94.74% of Permutation tests (Core 15/15, passed_count 18)
  1.99% of Permutation test rounds,  94.74% of Permutation tests (Core 12/15, passed_count 18)
  2.00% of Permutation test rounds,  94.74% of Permutation tests (Core 7/15, passed_count 18)
  2.01% of Permutation test rounds,  94.74% of Permutation tests (Core 10/15, passed_count 18)
  2.02% of Permutation test rounds,  94.74% of Permutation tests (Core 14/15, passed_count 18)
  2.03% of Permutation test rounds,  94.74% of Permutation tests (Core 0/15, passed_count 18)
  2.04% of Permutation test rounds,  94.74% of Permutation tests (Core 3/15, passed_count 18)
  2.05% of Permutation test rounds,  94.74% of Permutation tests (Core 8/15, passed_count 18)
  2.06% of Permutation test rounds,  94.74% of Permutation tests (Core 13/15, passed_count 18)
  2.07% of Permutation test rounds,  94.74% of Permutation tests (Core 8/15, passed_count 18)
  2.08% of Permutation test rounds,  94.74% of Permutation tests (Core 5/15, passed_count 18)
  2.09% of Permutation test rounds,  94.74% of Permutation tests (Core 9/15, passed_count 18)
  2.10% of Permutation test rounds,  94.74% of Permutation tests (Core 6/15, passed_count 18)
  2.11% of Permutation test rounds,  94.74% of Permutation tests (Core 2/15, passed_count 18)
  2.12% of Permutation test rounds,  94.74% of Permutation tests (Core 1/15, passed_count 18)
  2.13% of Permutation test rounds,  94.74% of Permutation tests (Core 11/15, passed_count 18)
  2.14% of Permutation test rounds,  94.74% of Permutation tests (Core 15/15, passed_count 18)
  2.15% of Permutation test rounds,  94.74% of Permutation tests (Core 12/15, passed_count 18)
  2.16% of Permutation test rounds,  94.74% of Permutation tests (Core 7/15, passed_count 18)
  2.17% of Permutation test rounds,  94.74% of Permutation tests (Core 10/15, passed_count 18)
  2.18% of Permutation test rounds,  94.74% of Permutation tests (Core 14/15, passed_count 18)
  2.19% of Permutation test rounds,  94.74% of Permutation tests (Core 0/15, passed_count 18)
  2.20% of Permutation test rounds,  94.74% of Permutation tests (Core 14/15, passed_count 18)
  2.21% of Permutation test rounds,  94.74% of Permutation tests (Core 4/15, passed_count 18)
  2.22% of Permutation test rounds,  94.74% of Permutation tests (Core 13/15, passed_count 18)
  2.23% of Permutation test rounds,  94.74% of Permutation tests (Core 8/15, passed_count 18)
  2.24% of Permutation test rounds,  94.74% of Permutation tests (Core 5/15, passed_count 18)
  2.25% of Permutation test rounds,  94.74% of Permutation tests (Core 9/15, passed_count 18)
  2.26% of Permutation test rounds,  94.74% of Permutation tests (Core 5/15, passed_count 18)
  2.27% of Permutation test rounds,  94.74% of Permutation tests (Core 2/15, passed_count 18)
  2.28% of Permutation test rounds,  94.74% of Permutation tests (Core 1/15, passed_count 18)
  2.29% of Permutation test rounds,  94.74% of Permutation tests (Core 11/15, passed_count 18)
  2.30% of Permutation test rounds,  94.74% of Permutation tests (Core 15/15, passed_count 18)
  2.31% of Permutation test rounds,  94.74% of Permutation tests (Core 12/15, passed_count 18)
  2.32% of Permutation test rounds,  94.74% of Permutation tests (Core 7/15, passed_count 18)
  2.33% of Permutation test rounds,  94.74% of Permutation tests (Core 10/15, passed_count 18)
  2.34% of Permutation test rounds,  94.74% of Permutation tests (Core 3/15, passed_count 18)
  2.35% of Permutation test rounds,  94.74% of Permutation tests (Core 0/15, passed_count 18)
  2.36% of Permutation test rounds,  94.74% of Permutation tests (Core 14/15, passed_count 18)
  2.37% of Permutation test rounds,  94.74% of Permutation tests (Core 13/15, passed_count 18)
  2.38% of Permutation test rounds,  94.74% of Permutation tests (Core 4/15, passed_count 18)
  2.39% of Permutation test rounds,  94.74% of Permutation tests (Core 8/15, passed_count 18)
  2.40% of Permutation test rounds,  94.74% of Permutation tests (Core 6/15, passed_count 18)
  2.41% of Permutation test rounds,  94.74% of Permutation tests (Core 4/15, passed_count 18)
  2.42% of Permutation test rounds,  94.74% of Permutation tests (Core 5/15, passed_count 18)
  2.43% of Permutation test rounds,  94.74% of Permutation tests (Core 2/15, passed_count 18)
  2.44% of Permutation test rounds,  94.74% of Permutation tests (Core 1/15, passed_count 18)
  2.45% of Permutation test rounds,  94.74% of Permutation tests (Core 11/15, passed_count 18)
  2.46% of Permutation test rounds,  94.74% of Permutation tests (Core 15/15, passed_count 18)
  2.47% of Permutation test rounds,  94.74% of Permutation tests (Core 7/15, passed_count 18)
  2.48% of Permutation test rounds,  94.74% of Permutation tests (Core 10/15, passed_count 18)
  2.49% of Permutation test rounds,  94.74% of Permutation tests (Core 3/15, passed_count 18)
  2.50% of Permutation test rounds,  94.74% of Permutation tests (Core 0/15, passed_count 18)
  2.51% of Permutation test rounds,  94.74% of Permutation tests (Core 12/15, passed_count 18)
  2.52% of Permutation test rounds,  94.74% of Permutation tests (Core 14/15, passed_count 18)
  2.53% of Permutation test rounds,  94.74% of Permutation tests (Core 13/15, passed_count 18)
  2.54% of Permutation test rounds,  94.74% of Permutation tests (Core 9/15, passed_count 18)
  2.55% of Permutation test rounds,  94.74% of Permutation tests (Core 8/15, passed_count 18)
  2.56% of Permutation test rounds,  94.74% of Permutation tests (Core 6/15, passed_count 18)
  2.57% of Permutation test rounds,  94.74% of Permutation tests (Core 4/15, passed_count 18)
  2.58% of Permutation test rounds,  94.74% of Permutation tests (Core 5/15, passed_count 18)
  2.59% of Permutation test rounds,  94.74% of Permutation tests (Core 2/15, passed_count 18)
  2.60% of Permutation test rounds,  94.74% of Permutation tests (Core 1/15, passed_count 18)
  2.61% of Permutation test rounds,  94.74% of Permutation tests (Core 11/15, passed_count 18)
  2.62% of Permutation test rounds,  94.74% of Permutation tests (Core 15/15, passed_count 18)
  2.63% of Permutation test rounds,  94.74% of Permutation tests (Core 7/15, passed_count 18)
  2.64% of Permutation test rounds,  94.74% of Permutation tests (Core 10/15, passed_count 18)
  2.65% of Permutation test rounds,  94.74% of Permutation tests (Core 3/15, passed_count 18)
  2.66% of Permutation test rounds,  94.74% of Permutation tests (Core 0/15, passed_count 18)
  2.67% of Permutation test rounds,  94.74% of Permutation tests (Core 12/15, passed_count 18)
  2.68% of Permutation test rounds,  94.74% of Permutation tests (Core 14/15, passed_count 18)
  2.69% of Permutation test rounds,  94.74% of Permutation tests (Core 13/15, passed_count 18)
  2.70% of Permutation test rounds,  94.74% of Permutation tests (Core 9/15, passed_count 18)
  2.71% of Permutation test rounds,  94.74% of Permutation tests (Core 8/15, passed_count 18)
  2.72% of Permutation test rounds,  94.74% of Permutation tests (Core 6/15, passed_count 18)
  2.73% of Permutation test rounds,  94.74% of Permutation tests (Core 4/15, passed_count 18)
  2.74% of Permutation test rounds,  94.74% of Permutation tests (Core 5/15, passed_count 18)
  2.75% of Permutation test rounds,  94.74% of Permutation tests (Core 2/15, passed_count 18)
  2.76% of Permutation test rounds,  94.74% of Permutation tests (Core 1/15, passed_count 18)
  2.77% of Permutation test rounds,  94.74% of Permutation tests (Core 11/15, passed_count 18)
  2.78% of Permutation test rounds,  94.74% of Permutation tests (Core 15/15, passed_count 18)
  2.79% of Permutation test rounds,  94.74% of Permutation tests (Core 7/15, passed_count 18)
  2.80% of Permutation test rounds,  94.74% of Permutation tests (Core 10/15, passed_count 18)
  2.81% of Permutation test rounds,  94.74% of Permutation tests (Core 3/15, passed_count 18)
  2.82% of Permutation test rounds,  94.74% of Permutation tests (Core 0/15, passed_count 18)
  2.83% of Permutation test rounds,  94.74% of Permutation tests (Core 12/15, passed_count 18)
  2.84% of Permutation test rounds,  94.74% of Permutation tests (Core 14/15, passed_count 18)
  2.85% of Permutation test rounds,  94.74% of Permutation tests (Core 13/15, passed_count 18)
  2.86% of Permutation test rounds,  94.74% of Permutation tests (Core 9/15, passed_count 18)
  2.87% of Permutation test rounds,  94.74% of Permutation tests (Core 8/15, passed_count 18)
  2.88% of Permutation test rounds,  94.74% of Permutation tests (Core 6/15, passed_count 18)
  2.89% of Permutation test rounds,  94.74% of Permutation tests (Core 4/15, passed_count 18)
  2.90% of Permutation test rounds,  94.74% of Permutation tests (Core 5/15, passed_count 18)
  2.91% of Permutation test rounds,  94.74% of Permutation tests (Core 2/15, passed_count 18)
  2.92% of Permutation test rounds,  94.74% of Permutation tests (Core 1/15, passed_count 18)
  2.93% of Permutation test rounds,  94.74% of Permutation tests (Core 2/15, passed_count 18)
  2.94% of Permutation test rounds,  94.74% of Permutation tests (Core 15/15, passed_count 18)
  2.95% of Permutation test rounds,  94.74% of Permutation tests (Core 7/15, passed_count 18)
  2.96% of Permutation test rounds,  94.74% of Permutation tests (Core 10/15, passed_count 18)
  2.97% of Permutation test rounds,  94.74% of Permutation tests (Core 3/15, passed_count 18)
  2.98% of Permutation test rounds,  94.74% of Permutation tests (Core 0/15, passed_count 18)
  2.99% of Permutation test rounds,  94.74% of Permutation tests (Core 12/15, passed_count 18)
  3.00% of Permutation test rounds,  94.74% of Permutation tests (Core 14/15, passed_count 18)
  3.01% of Permutation test rounds,  94.74% of Permutation tests (Core 13/15, passed_count 18)
  3.02% of Permutation test rounds,  94.74% of Permutation tests (Core 9/15, passed_count 18)
  3.03% of Permutation test rounds,  94.74% of Permutation tests (Core 8/15, passed_count 18)
  3.04% of Permutation test rounds,  94.74% of Permutation tests (Core 6/15, passed_count 18)
  3.05% of Permutation test rounds,  94.74% of Permutation tests (Core 4/15, passed_count 18)
  3.06% of Permutation test rounds,  94.74% of Permutation tests (Core 5/15, passed_count 18)
  3.07% of Permutation test rounds,  94.74% of Permutation tests (Core 4/15, passed_count 18)
  3.08% of Permutation test rounds,  94.74% of Permutation tests (Core 1/15, passed_count 18)
  3.09% of Permutation test rounds,  94.74% of Permutation tests (Core 2/15, passed_count 18)
  3.10% of Permutation test rounds,  94.74% of Permutation tests (Core 15/15, passed_count 18)
  3.11% of Permutation test rounds,  94.74% of Permutation tests (Core 7/15, passed_count 18)
  3.12% of Permutation test rounds,  94.74% of Permutation tests (Core 10/15, passed_count 18)
  3.13% of Permutation test rounds,  94.74% of Permutation tests (Core 3/15, passed_count 18)
  3.14% of Permutation test rounds,  94.74% of Permutation tests (Core 0/15, passed_count 18)
  3.15% of Permutation test rounds,  94.74% of Permutation tests (Core 3/15, passed_count 18)
  3.16% of Permutation test rounds,  94.74% of Permutation tests (Core 14/15, passed_count 18)
  3.17% of Permutation test rounds,  94.74% of Permutation tests (Core 13/15, passed_count 18)
  3.18% of Permutation test rounds,  94.74% of Permutation tests (Core 9/15, passed_count 18)
  3.19% of Permutation test rounds,  94.74% of Permutation tests (Core 8/15, passed_count 18)
  3.20% of Permutation test rounds,  94.74% of Permutation tests (Core 6/15, passed_count 18)
  3.21% of Permutation test rounds,  94.74% of Permutation tests (Core 5/15, passed_count 18)
  3.22% of Permutation test rounds,  94.74% of Permutation tests (Core 4/15, passed_count 18)
  3.23% of Permutation test rounds,  94.74% of Permutation tests (Core 1/15, passed_count 18)
  3.24% of Permutation test rounds,  94.74% of Permutation tests (Core 2/15, passed_count 18)
  3.25% of Permutation test rounds,  94.74% of Permutation tests (Core 11/15, passed_count 18)
  3.26% of Permutation test rounds,  94.74% of Permutation tests (Core 15/15, passed_count 18)
  3.27% of Permutation test rounds,  94.74% of Permutation tests (Core 7/15, passed_count 18)
  3.28% of Permutation test rounds,  94.74% of Permutation tests (Core 10/15, passed_count 18)
  3.29% of Permutation test rounds,  94.74% of Permutation tests (Core 12/15, passed_count 18)
  3.30% of Permutation test rounds,  94.74% of Permutation tests (Core 0/15, passed_count 18)
  3.31% of Permutation test rounds,  94.74% of Permutation tests (Core 3/15, passed_count 18)
  3.32% of Permutation test rounds,  94.74% of Permutation tests (Core 14/15, passed_count 18)
  3.33% of Permutation test rounds,  94.74% of Permutation tests (Core 13/15, passed_count 18)
  3.34% of Permutation test rounds,  94.74% of Permutation tests (Core 9/15, passed_count 18)
  3.35% of Permutation test rounds,  94.74% of Permutation tests (Core 8/15, passed_count 18)
  3.36% of Permutation test rounds,  94.74% of Permutation tests (Core 6/15, passed_count 18)
  3.37% of Permutation test rounds,  94.74% of Permutation tests (Core 5/15, passed_count 18)
  3.38% of Permutation test rounds,  94.74% of Permutation tests (Core 4/15, passed_count 18)
  3.39% of Permutation test rounds,  94.74% of Permutation tests (Core 1/15, passed_count 18)
  3.40% of Permutation test rounds,  94.74% of Permutation tests (Core 2/15, passed_count 18)
  3.41% of Permutation test rounds,  94.74% of Permutation tests (Core 11/15, passed_count 18)
  3.42% of Permutation test rounds,  94.74% of Permutation tests (Core 15/15, passed_count 18)
  3.43% of Permutation test rounds,  94.74% of Permutation tests (Core 7/15, passed_count 18)
  3.44% of Permutation test rounds,  94.74% of Permutation tests (Core 10/15, passed_count 18)
  3.45% of Permutation test rounds,  94.74% of Permutation tests (Core 12/15, passed_count 18)
  3.46% of Permutation test rounds,  94.74% of Permutation tests (Core 0/15, passed_count 18)
  3.47% of Permutation test rounds,  94.74% of Permutation tests (Core 3/15, passed_count 18)
  3.48% of Permutation test rounds,  94.74% of Permutation tests (Core 14/15, passed_count 18)
  3.49% of Permutation test rounds,  94.74% of Permutation tests (Core 13/15, passed_count 18)
  3.50% of Permutation test rounds,  94.74% of Permutation tests (Core 9/15, passed_count 18)
  3.51% of Permutation test rounds,  94.74% of Permutation tests (Core 8/15, passed_count 18)
  3.52% of Permutation test rounds,  94.74% of Permutation tests (Core 6/15, passed_count 18)
  3.53% of Permutation test rounds,  94.74% of Permutation tests (Core 5/15, passed_count 18)
  3.54% of Permutation test rounds,  94.74% of Permutation tests (Core 4/15, passed_count 18)
  3.55% of Permutation test rounds,  94.74% of Permutation tests (Core 1/15, passed_count 18)
  3.56% of Permutation test rounds,  94.74% of Permutation tests (Core 2/15, passed_count 18)
  3.57% of Permutation test rounds,  94.74% of Permutation tests (Core 11/15, passed_count 18)
  3.58% of Permutation test rounds,  94.74% of Permutation tests (Core 15/15, passed_count 18)
  3.59% of Permutation test rounds,  94.74% of Permutation tests (Core 7/15, passed_count 18)
  3.60% of Permutation test rounds,  94.74% of Permutation tests (Core 10/15, passed_count 18)
  3.61% of Permutation test rounds,  94.74% of Permutation tests (Core 12/15, passed_count 18)
  3.62% of Permutation test rounds,  94.74% of Permutation tests (Core 0/15, passed_count 18)
  3.63% of Permutation test rounds,  94.74% of Permutation tests (Core 3/15, passed_count 18)
  3.64% of Permutation test rounds,  94.74% of Permutation tests (Core 14/15, passed_count 18)
  3.65% of Permutation test rounds,  94.74% of Permutation tests (Core 13/15, passed_count 18)
  3.66% of Permutation test rounds,  94.74% of Permutation tests (Core 9/15, passed_count 18)
  3.67% of Permutation test rounds,  94.74% of Permutation tests (Core 8/15, passed_count 18)
  3.68% of Permutation test rounds,  94.74% of Permutation tests (Core 6/15, passed_count 18)
  3.69% of Permutation test rounds,  94.74% of Permutation tests (Core 5/15, passed_count 18)
  3.70% of Permutation test rounds,  94.74% of Permutation tests (Core 4/15, passed_count 18)
  3.71% of Permutation test rounds,  94.74% of Permutation tests (Core 1/15, passed_count 18)
  3.72% of Permutation test rounds,  94.74% of Permutation tests (Core 2/15, passed_count 18)
  3.73% of Permutation test rounds,  94.74% of Permutation tests (Core 11/15, passed_count 18)
  3.74% of Permutation test rounds,  94.74% of Permutation tests (Core 2/15, passed_count 18)
  3.75% of Permutation test rounds,  94.74% of Permutation tests (Core 7/15, passed_count 18)
  3.76% of Permutation test rounds,  94.74% of Permutation tests (Core 10/15, passed_count 18)
  3.77% of Permutation test rounds,  94.74% of Permutation tests (Core 12/15, passed_count 18)
  3.78% of Permutation test rounds,  94.74% of Permutation tests (Core 0/15, passed_count 18)
  3.79% of Permutation test rounds,  94.74% of Permutation tests (Core 3/15, passed_count 18)
  3.80% of Permutation test rounds,  94.74% of Permutation tests (Core 14/15, passed_count 18)
  3.81% of Permutation test rounds,  94.74% of Permutation tests (Core 3/15, passed_count 18)
  3.82% of Permutation test rounds,  94.74% of Permutation tests (Core 9/15, passed_count 18)
  3.83% of Permutation test rounds,  94.74% of Permutation tests (Core 8/15, passed_count 18)
  3.84% of Permutation test rounds,  94.74% of Permutation tests (Core 9/15, passed_count 18)
  3.85% of Permutation test rounds,  94.74% of Permutation tests (Core 8/15, passed_count 18)
  3.86% of Permutation test rounds,  94.74% of Permutation tests (Core 9/15, passed_count 18)
  3.87% of Permutation test rounds,  94.74% of Permutation tests (Core 5/15, passed_count 18)
  3.88% of Permutation test rounds,  94.74% of Permutation tests (Core 4/15, passed_count 18)
  3.89% of Permutation test rounds,  94.74% of Permutation tests (Core 1/15, passed_count 18)
  3.90% of Permutation test rounds,  94.74% of Permutation tests (Core 15/15, passed_count 18)
  3.91% of Permutation test rounds,  94.74% of Permutation tests (Core 11/15, passed_count 18)
  3.92% of Permutation test rounds,  94.74% of Permutation tests (Core 2/15, passed_count 18)
  3.93% of Permutation test rounds,  94.74% of Permutation tests (Core 7/15, passed_count 18)
  3.94% of Permutation test rounds,  94.74% of Permutation tests (Core 10/15, passed_count 18)
  3.95% of Permutation test rounds,  94.74% of Permutation tests (Core 12/15, passed_count 18)
  3.96% of Permutation test rounds,  94.74% of Permutation tests (Core 0/15, passed_count 18)
  3.97% of Permutation test rounds,  94.74% of Permutation tests (Core 13/15, passed_count 18)
  3.98% of Permutation test rounds,  94.74% of Permutation tests (Core 3/15, passed_count 18)
  3.99% of Permutation test rounds,  94.74% of Permutation tests (Core 6/15, passed_count 18)
  4.00% of Permutation test rounds,  94.74% of Permutation tests (Core 8/15, passed_count 18)
  4.01% of Permutation test rounds,  94.74% of Permutation tests (Core 9/15, passed_count 18)
  4.02% of Permutation test rounds,  94.74% of Permutation tests (Core 5/15, passed_count 18)
  4.03% of Permutation test rounds,  94.74% of Permutation tests (Core 9/15, passed_count 18)
  4.04% of Permutation test rounds,  94.74% of Permutation tests (Core 5/15, passed_count 18)
  4.05% of Permutation test rounds,  94.74% of Permutation tests (Core 9/15, passed_count 18)
  4.06% of Permutation test rounds,  94.74% of Permutation tests (Core 5/15, passed_count 18)
  4.07% of Permutation test rounds,  94.74% of Permutation tests (Core 9/15, passed_count 18)
  4.08% of Permutation test rounds,  94.74% of Permutation tests (Core 5/15, passed_count 18)
  4.09% of Permutation test rounds,  94.74% of Permutation tests (Core 14/15, passed_count 18)
  4.10% of Permutation test rounds,  94.74% of Permutation tests (Core 9/15, passed_count 18)
  4.11% of Permutation test rounds,  94.74% of Permutation tests (Core 5/15, passed_count 18)
  4.12% of Permutation test rounds,  94.74% of Permutation tests (Core 15/15, passed_count 18)
  4.13% of Permutation test rounds,  94.74% of Permutation tests (Core 11/15, passed_count 18)
  4.14% of Permutation test rounds,  94.74% of Permutation tests (Core 2/15, passed_count 18)
  4.15% of Permutation test rounds,  94.74% of Permutation tests (Core 7/15, passed_count 18)
  4.16% of Permutation test rounds,  94.74% of Permutation tests (Core 10/15, passed_count 18)
  4.17% of Permutation test rounds,  94.74% of Permutation tests (Core 12/15, passed_count 18)
  4.18% of Permutation test rounds,  94.74% of Permutation tests (Core 0/15, passed_count 18)
  4.19% of Permutation test rounds,  94.74% of Permutation tests (Core 13/15, passed_count 18)
  4.20% of Permutation test rounds,  94.74% of Permutation tests (Core 3/15, passed_count 18)
  4.21% of Permutation test rounds,  94.74% of Permutation tests (Core 6/15, passed_count 18)
  4.22% of Permutation test rounds,  94.74% of Permutation tests (Core 8/15, passed_count 18)
  4.23% of Permutation test rounds,  94.74% of Permutation tests (Core 4/15, passed_count 18)
  4.24% of Permutation test rounds,  94.74% of Permutation tests (Core 1/15, passed_count 18)
  4.25% of Permutation test rounds,  94.74% of Permutation tests (Core 14/15, passed_count 18)
  4.26% of Permutation test rounds,  94.74% of Permutation tests (Core 1/15, passed_count 18)
  4.27% of Permutation test rounds,  94.74% of Permutation tests (Core 5/15, passed_count 18)
  4.28% of Permutation test rounds,  94.74% of Permutation tests (Core 15/15, passed_count 18)
  4.29% of Permutation test rounds,  94.74% of Permutation tests (Core 11/15, passed_count 18)
  4.30% of Permutation test rounds,  94.74% of Permutation tests (Core 2/15, passed_count 18)
  4.31% of Permutation test rounds,  94.74% of Permutation tests (Core 7/15, passed_count 18)
  4.32% of Permutation test rounds,  94.74% of Permutation tests (Core 10/15, passed_count 18)
  4.33% of Permutation test rounds,  94.74% of Permutation tests (Core 12/15, passed_count 18)
  4.34% of Permutation test rounds,  94.74% of Permutation tests (Core 0/15, passed_count 18)
  4.35% of Permutation test rounds,  94.74% of Permutation tests (Core 13/15, passed_count 18)
  4.36% of Permutation test rounds,  94.74% of Permutation tests (Core 3/15, passed_count 18)
  4.37% of Permutation test rounds,  94.74% of Permutation tests (Core 6/15, passed_count 18)
  4.38% of Permutation test rounds,  94.74% of Permutation tests (Core 8/15, passed_count 18)
  4.39% of Permutation test rounds,  94.74% of Permutation tests (Core 4/15, passed_count 18)
  4.40% of Permutation test rounds,  94.74% of Permutation tests (Core 9/15, passed_count 18)
  4.41% of Permutation test rounds,  94.74% of Permutation tests (Core 14/15, passed_count 18)
  4.42% of Permutation test rounds,  94.74% of Permutation tests (Core 1/15, passed_count 18)
  4.43% of Permutation test rounds,  94.74% of Permutation tests (Core 5/15, passed_count 18)
  4.44% of Permutation test rounds,  94.74% of Permutation tests (Core 15/15, passed_count 18)
  4.45% of Permutation test rounds,  94.74% of Permutation tests (Core 11/15, passed_count 18)
  4.46% of Permutation test rounds,  94.74% of Permutation tests (Core 2/15, passed_count 18)
  4.47% of Permutation test rounds,  94.74% of Permutation tests (Core 7/15, passed_count 18)
  4.48% of Permutation test rounds,  94.74% of Permutation tests (Core 10/15, passed_count 18)
  4.49% of Permutation test rounds,  94.74% of Permutation tests (Core 12/15, passed_count 18)
  4.50% of Permutation test rounds,  94.74% of Permutation tests (Core 0/15, passed_count 18)
  4.51% of Permutation test rounds,  94.74% of Permutation tests (Core 13/15, passed_count 18)
  4.52% of Permutation test rounds,  94.74% of Permutation tests (Core 3/15, passed_count 18)
  4.53% of Permutation test rounds,  94.74% of Permutation tests (Core 6/15, passed_count 18)
  4.54% of Permutation test rounds,  94.74% of Permutation tests (Core 8/15, passed_count 18)
  4.55% of Permutation test rounds,  94.74% of Permutation tests (Core 4/15, passed_count 18)
  4.56% of Permutation test rounds,  94.74% of Permutation tests (Core 9/15, passed_count 18)
  4.57% of Permutation test rounds,  94.74% of Permutation tests (Core 14/15, passed_count 18)
  4.58% of Permutation test rounds,  94.74% of Permutation tests (Core 1/15, passed_count 18)
  4.59% of Permutation test rounds,  94.74% of Permutation tests (Core 5/15, passed_count 18)
  4.60% of Permutation test rounds,  94.74% of Permutation tests (Core 15/15, passed_count 18)
  4.61% of Permutation test rounds,  94.74% of Permutation tests (Core 11/15, passed_count 18)
  4.62% of Permutation test rounds,  94.74% of Permutation tests (Core 2/15, passed_count 18)
  4.63% of Permutation test rounds,  94.74% of Permutation tests (Core 7/15, passed_count 18)
  4.64% of Permutation test rounds,  94.74% of Permutation tests (Core 10/15, passed_count 18)
  4.65% of Permutation test rounds,  94.74% of Permutation tests (Core 0/15, passed_count 18)
  4.66% of Permutation test rounds,  94.74% of Permutation tests (Core 13/15, passed_count 18)
  4.67% of Permutation test rounds,  94.74% of Permutation tests (Core 3/15, passed_count 18)
  4.68% of Permutation test rounds,  94.74% of Permutation tests (Core 6/15, passed_count 18)
  4.69% of Permutation test rounds,  94.74% of Permutation tests (Core 8/15, passed_count 18)
  4.70% of Permutation test rounds,  94.74% of Permutation tests (Core 12/15, passed_count 18)
  4.71% of Permutation test rounds,  94.74% of Permutation tests (Core 4/15, passed_count 18)
  4.72% of Permutation test rounds,  94.74% of Permutation tests (Core 9/15, passed_count 18)
  4.73% of Permutation test rounds,  94.74% of Permutation tests (Core 14/15, passed_count 18)
  4.74% of Permutation test rounds,  94.74% of Permutation tests (Core 1/15, passed_count 18)
  4.75% of Permutation test rounds,  94.74% of Permutation tests (Core 5/15, passed_count 18)
  4.76% of Permutation test rounds,  94.74% of Permutation tests (Core 15/15, passed_count 18)
  4.77% of Permutation test rounds,  94.74% of Permutation tests (Core 11/15, passed_count 18)
  4.78% of Permutation test rounds,  94.74% of Permutation tests (Core 2/15, passed_count 18)
  4.79% of Permutation test rounds,  94.74% of Permutation tests (Core 7/15, passed_count 18)
  4.80% of Permutation test rounds,  94.74% of Permutation tests (Core 10/15, passed_count 18)
  4.81% of Permutation test rounds,  94.74% of Permutation tests (Core 0/15, passed_count 18)
  4.82% of Permutation test rounds,  94.74% of Permutation tests (Core 13/15, passed_count 18)
  4.83% of Permutation test rounds,  94.74% of Permutation tests (Core 3/15, passed_count 18)
  4.84% of Permutation test rounds,  94.74% of Permutation tests (Core 6/15, passed_count 18)
  4.85% of Permutation test rounds,  94.74% of Permutation tests (Core 8/15, passed_count 18)
  4.86% of Permutation test rounds,  94.74% of Permutation tests (Core 6/15, passed_count 18)
  4.87% of Permutation test rounds,  94.74% of Permutation tests (Core 4/15, passed_count 18)
  4.88% of Permutation test rounds,  94.74% of Permutation tests (Core 9/15, passed_count 18)
  4.89% of Permutation test rounds,  94.74% of Permutation tests (Core 14/15, passed_count 18)
  4.90% of Permutation test rounds,  94.74% of Permutation tests (Core 1/15, passed_count 18)
  4.91% of Permutation test rounds,  94.74% of Permutation tests (Core 5/15, passed_count 18)
  4.92% of Permutation test rounds, 100.00% of Permutation tests (Core 15/15, passed_count 19)
 10.93% of Permutation test rounds, 100.00% of Permutation tests (Core 11/15, passed_count 19)
 10.94% of Permutation test rounds, 100.00% of Permutation tests (Core 2/15, passed_count 19)
 22.90% of Permutation test rounds, 100.00% of Permutation tests (Core 7/15, passed_count 19)
 28.86% of Permutation test rounds, 100.00% of Permutation tests (Core 10/15, passed_count 19)
 34.81% of Permutation test rounds, 100.00% of Permutation tests (Core 0/15, passed_count 19)
 40.80% of Permutation test rounds, 100.00% of Permutation tests (Core 13/15, passed_count 19)
 46.78% of Permutation test rounds, 100.00% of Permutation tests (Core 3/15, passed_count 19)
 52.63% of Permutation test rounds, 100.00% of Permutation tests (Core 12/15, passed_count 19)
 58.52% of Permutation test rounds, 100.00% of Permutation tests (Core 8/15, passed_count 19)
 64.48% of Permutation test rounds, 100.00% of Permutation tests (Core 6/15, passed_count 19)
 70.49% of Permutation test rounds, 100.00% of Permutation tests (Core 4/15, passed_count 19)
 76.48% of Permutation test rounds, 100.00% of Permutation tests (Core 9/15, passed_count 19)
 82.30% of Permutation test rounds, 100.00% of Permutation tests (Core 14/15, passed_count 19)
 88.23% of Permutation test rounds, 100.00% of Permutation tests (Core 1/15, passed_count 19)
 94.10% of Permutation test rounds, 100.00% of Permutation tests (Core 5/15, passed_count 19)


                statistic  C[i][0]  C[i][1]  C[i][2]
----------------------------------------------------
                excursion     135       0       6
       numDirectionalRuns       6       0       6
       lenDirectionalRuns       2       4       7
    numIncreasesDecreases      19       0       6
            numRunsMedian      21       0       6
            lenRunsMedian     486       6       0
             avgCollision       8       0       6
             maxCollision       7       3       3
           periodicity(1)       6       0       6
           periodicity(2)       6       0       6
           periodicity(8)       7       0       6
          periodicity(16)       6       0      16
          periodicity(32)       4       2      14
            covariance(1)       6       0      17
            covariance(2)      10       0       6
            covariance(8)     113       0       6
           covariance(16)       6       0       6
           covariance(32)      83       0       6
              compression       6       0       8
(* denotes failed test)

** Passed IID permutation tests

your 131072x1 screen size is bogus. expect trouble
your 131072x1 screen size is bogus. expect trouble
Identity added: /home/mmggjj/.ssh/id_ed25519 (mariogj.03@gmail.com)
tiempo_s=0.52 maxrss_kB=75560
