Agent pid 423
Opening file: '/mnt/c/Users/mario/Documents/TFM_RNG/tfm_esp32_rng/results/condD_rep1.bin' (SHA-256 hash bfccaf8c712b9cb002928bdd33a21ba8858ff28eeebf02161e0b739d99240ee4)
Loaded 125000 samples of 256 distinct 8-bit-wide symbols
Number of Binary samples: 1000000

*** Warning: data contains less than 1000000 samples ***

Calculating baseline statistics...
	Raw Mean: 127.407424
	Median: 128.000000
	Binary: false

Literal MCV Estimate: mode = 561, p-hat = 0.0044879999999999998, p_u = 0.0049749826449040401
Bitstring MCV Estimate: mode = 500147, p-hat = 0.50014700000000001, p_u = 0.50143491524007111
H_original: 7.651093
H_bitstring: 0.995866
min(H_original, 8 X H_bitstring): 7.651093
Chi square independence
	score = 11369.575092
	degrees of freedom = 11110
	p-value = 0.041596

Chi square goodness of fit
	score = 2539.170112
	degrees of freedom = 2295
	p-value = 0.000239

** Failed chi square tests

Literal Longest Repeated Substring results
	P_col: 0.003915
	Length of LRS: 3
	Pr(X >= 1): 1.000000
** Passed length of longest repeated substring test

Beginning initial tests...

Initial test results
              excursion: 18218.8
     numDirectionalRuns: 83500
     lenDirectionalRuns: 7
  numIncreasesDecreases: 62727
          numRunsMedian: 62619
          lenRunsMedian: 17
           avgCollision: 20.8185
           maxCollision: 70
         periodicity(1): 510
         periodicity(2): 499
         periodicity(8): 447
        periodicity(16): 482
        periodicity(32): 509
          covariance(1): 2.0288e+09
          covariance(2): 2.02755e+09
          covariance(8): 2.02822e+09
         covariance(16): 2.03089e+09
         covariance(32): 2.02777e+09
            compression: 133344

Beginning permutation tests... these may take some time
  0.01% of Permutation test rounds,   0.00% of Permutation tests (Core 12/15, passed_count 0)
  0.02% of Permutation test rounds,   0.00% of Permutation tests (Core 9/15, passed_count 0)
  0.03% of Permutation test rounds,   0.00% of Permutation tests (Core 5/15, passed_count 0)
  0.04% of Permutation test rounds,   0.00% of Permutation tests (Core 2/15, passed_count 0)
  0.05% of Permutation test rounds,   0.00% of Permutation tests (Core 4/15, passed_count 0)
  0.06% of Permutation test rounds,   0.00% of Permutation tests (Core 0/15, passed_count 0)
  0.07% of Permutation test rounds,   0.00% of Permutation tests (Core 13/15, passed_count 0)
  0.08% of Permutation test rounds,   0.00% of Permutation tests (Core 11/15, passed_count 0)
  0.09% of Permutation test rounds,   0.00% of Permutation tests (Core 14/15, passed_count 0)
  0.10% of Permutation test rounds,   0.00% of Permutation tests (Core 1/15, passed_count 0)
  0.11% of Permutation test rounds,   0.00% of Permutation tests (Core 10/15, passed_count 0)
  0.12% of Permutation test rounds,  10.53% of Permutation tests (Core 7/15, passed_count 2)
  0.13% of Permutation test rounds,  21.05% of Permutation tests (Core 6/15, passed_count 4)
  0.14% of Permutation test rounds,  26.32% of Permutation tests (Core 15/15, passed_count 5)
  0.15% of Permutation test rounds,  26.32% of Permutation tests (Core 3/15, passed_count 5)
  0.16% of Permutation test rounds,  26.32% of Permutation tests (Core 8/15, passed_count 5)
  0.17% of Permutation test rounds,  31.58% of Permutation tests (Core 12/15, passed_count 6)
  0.18% of Permutation test rounds,  31.58% of Permutation tests (Core 5/15, passed_count 6)
  0.19% of Permutation test rounds,  31.58% of Permutation tests (Core 2/15, passed_count 6)
  0.20% of Permutation test rounds,  36.84% of Permutation tests (Core 4/15, passed_count 7)
  0.21% of Permutation test rounds,  42.11% of Permutation tests (Core 13/15, passed_count 8)
  0.22% of Permutation test rounds,  42.11% of Permutation tests (Core 11/15, passed_count 8)
  0.23% of Permutation test rounds,  42.11% of Permutation tests (Core 14/15, passed_count 8)
  0.24% of Permutation test rounds,  42.11% of Permutation tests (Core 1/15, passed_count 8)
  0.25% of Permutation test rounds,  52.63% of Permutation tests (Core 9/15, passed_count 10)
  0.26% of Permutation test rounds,  52.63% of Permutation tests (Core 0/15, passed_count 10)
  0.27% of Permutation test rounds,  52.63% of Permutation tests (Core 3/15, passed_count 10)
  0.28% of Permutation test rounds,  52.63% of Permutation tests (Core 6/15, passed_count 10)
  0.29% of Permutation test rounds,  52.63% of Permutation tests (Core 12/15, passed_count 10)
  0.30% of Permutation test rounds,  52.63% of Permutation tests (Core 5/15, passed_count 10)
  0.31% of Permutation test rounds,  57.89% of Permutation tests (Core 2/15, passed_count 11)
  0.32% of Permutation test rounds,  57.89% of Permutation tests (Core 10/15, passed_count 11)
  0.33% of Permutation test rounds,  57.89% of Permutation tests (Core 15/15, passed_count 11)
  0.34% of Permutation test rounds,  57.89% of Permutation tests (Core 4/15, passed_count 11)
  0.35% of Permutation test rounds,  57.89% of Permutation tests (Core 7/15, passed_count 11)
  0.36% of Permutation test rounds,  68.42% of Permutation tests (Core 13/15, passed_count 13)
  0.37% of Permutation test rounds,  68.42% of Permutation tests (Core 11/15, passed_count 13)
  0.38% of Permutation test rounds,  68.42% of Permutation tests (Core 1/15, passed_count 13)
  0.39% of Permutation test rounds,  68.42% of Permutation tests (Core 8/15, passed_count 13)
  0.40% of Permutation test rounds,  68.42% of Permutation tests (Core 14/15, passed_count 13)
  0.41% of Permutation test rounds,  68.42% of Permutation tests (Core 3/15, passed_count 13)
  0.42% of Permutation test rounds,  78.95% of Permutation tests (Core 12/15, passed_count 15)
  0.43% of Permutation test rounds,  78.95% of Permutation tests (Core 5/15, passed_count 15)
  0.44% of Permutation test rounds,  78.95% of Permutation tests (Core 9/15, passed_count 15)
  0.45% of Permutation test rounds,  84.21% of Permutation tests (Core 2/15, passed_count 16)
  0.46% of Permutation test rounds,  84.21% of Permutation tests (Core 4/15, passed_count 16)
  0.47% of Permutation test rounds,  84.21% of Permutation tests (Core 0/15, passed_count 16)
  0.48% of Permutation test rounds,  84.21% of Permutation tests (Core 13/15, passed_count 16)
  0.49% of Permutation test rounds,  84.21% of Permutation tests (Core 1/15, passed_count 16)
  0.50% of Permutation test rounds,  84.21% of Permutation tests (Core 6/15, passed_count 16)
  0.51% of Permutation test rounds,  84.21% of Permutation tests (Core 14/15, passed_count 16)
  0.52% of Permutation test rounds,  89.47% of Permutation tests (Core 11/15, passed_count 17)
  0.53% of Permutation test rounds,  89.47% of Permutation tests (Core 10/15, passed_count 17)
  0.54% of Permutation test rounds,  89.47% of Permutation tests (Core 15/15, passed_count 17)
  0.55% of Permutation test rounds,  89.47% of Permutation tests (Core 7/15, passed_count 17)
  0.56% of Permutation test rounds,  89.47% of Permutation tests (Core 8/15, passed_count 17)
  0.57% of Permutation test rounds,  89.47% of Permutation tests (Core 3/15, passed_count 17)
  0.58% of Permutation test rounds,  89.47% of Permutation tests (Core 12/15, passed_count 17)
  0.59% of Permutation test rounds,  89.47% of Permutation tests (Core 5/15, passed_count 17)
  0.60% of Permutation test rounds,  89.47% of Permutation tests (Core 4/15, passed_count 17)
  0.61% of Permutation test rounds,  89.47% of Permutation tests (Core 13/15, passed_count 17)
  0.62% of Permutation test rounds,  89.47% of Permutation tests (Core 2/15, passed_count 17)
  0.63% of Permutation test rounds,  89.47% of Permutation tests (Core 1/15, passed_count 17)
  0.64% of Permutation test rounds,  89.47% of Permutation tests (Core 9/15, passed_count 17)
  0.65% of Permutation test rounds,  89.47% of Permutation tests (Core 0/15, passed_count 17)
  0.66% of Permutation test rounds,  89.47% of Permutation tests (Core 11/15, passed_count 17)
  0.67% of Permutation test rounds,  89.47% of Permutation tests (Core 14/15, passed_count 17)
  0.68% of Permutation test rounds,  89.47% of Permutation tests (Core 6/15, passed_count 17)
  0.69% of Permutation test rounds,  89.47% of Permutation tests (Core 7/15, passed_count 17)
  0.70% of Permutation test rounds,  89.47% of Permutation tests (Core 10/15, passed_count 17)
  0.71% of Permutation test rounds,  89.47% of Permutation tests (Core 15/15, passed_count 17)
  0.72% of Permutation test rounds,  89.47% of Permutation tests (Core 5/15, passed_count 17)
  0.73% of Permutation test rounds,  89.47% of Permutation tests (Core 8/15, passed_count 17)
  0.74% of Permutation test rounds,  89.47% of Permutation tests (Core 3/15, passed_count 17)
  0.75% of Permutation test rounds,  89.47% of Permutation tests (Core 12/15, passed_count 17)
  0.76% of Permutation test rounds,  89.47% of Permutation tests (Core 4/15, passed_count 17)
  0.77% of Permutation test rounds,  89.47% of Permutation tests (Core 13/15, passed_count 17)
  0.78% of Permutation test rounds,  89.47% of Permutation tests (Core 1/15, passed_count 17)
  0.79% of Permutation test rounds,  89.47% of Permutation tests (Core 0/15, passed_count 17)
  0.80% of Permutation test rounds,  89.47% of Permutation tests (Core 11/15, passed_count 17)
  0.81% of Permutation test rounds,  89.47% of Permutation tests (Core 9/15, passed_count 17)
  0.82% of Permutation test rounds,  89.47% of Permutation tests (Core 2/15, passed_count 17)
  0.83% of Permutation test rounds,  89.47% of Permutation tests (Core 14/15, passed_count 17)
  0.84% of Permutation test rounds,  89.47% of Permutation tests (Core 6/15, passed_count 17)
  0.85% of Permutation test rounds,  89.47% of Permutation tests (Core 7/15, passed_count 17)
  0.86% of Permutation test rounds,  89.47% of Permutation tests (Core 5/15, passed_count 17)
  0.87% of Permutation test rounds,  94.74% of Permutation tests (Core 10/15, passed_count 18)
  0.88% of Permutation test rounds,  94.74% of Permutation tests (Core 10/15, passed_count 18)
  0.89% of Permutation test rounds,  94.74% of Permutation tests (Core 10/15, passed_count 18)
  0.90% of Permutation test rounds,  94.74% of Permutation tests (Core 15/15, passed_count 18)
  0.91% of Permutation test rounds,  94.74% of Permutation tests (Core 10/15, passed_count 18)
  0.92% of Permutation test rounds,  94.74% of Permutation tests (Core 15/15, passed_count 18)
  0.93% of Permutation test rounds,  94.74% of Permutation tests (Core 10/15, passed_count 18)
  0.94% of Permutation test rounds,  94.74% of Permutation tests (Core 12/15, passed_count 18)
  0.95% of Permutation test rounds,  94.74% of Permutation tests (Core 15/15, passed_count 18)
  0.96% of Permutation test rounds,  94.74% of Permutation tests (Core 13/15, passed_count 18)
  0.97% of Permutation test rounds,  94.74% of Permutation tests (Core 12/15, passed_count 18)
  0.98% of Permutation test rounds,  94.74% of Permutation tests (Core 10/15, passed_count 18)
  0.99% of Permutation test rounds,  94.74% of Permutation tests (Core 1/15, passed_count 18)
  1.00% of Permutation test rounds,  94.74% of Permutation tests (Core 15/15, passed_count 18)
  1.01% of Permutation test rounds,  94.74% of Permutation tests (Core 13/15, passed_count 18)
  1.02% of Permutation test rounds,  94.74% of Permutation tests (Core 13/15, passed_count 18)
  1.03% of Permutation test rounds,  94.74% of Permutation tests (Core 10/15, passed_count 18)
  1.04% of Permutation test rounds,  94.74% of Permutation tests (Core 10/15, passed_count 18)
  1.05% of Permutation test rounds,  94.74% of Permutation tests (Core 3/15, passed_count 18)
  1.06% of Permutation test rounds,  94.74% of Permutation tests (Core 10/15, passed_count 18)
  1.07% of Permutation test rounds,  94.74% of Permutation tests (Core 10/15, passed_count 18)
  1.08% of Permutation test rounds,  94.74% of Permutation tests (Core 10/15, passed_count 18)
  1.09% of Permutation test rounds,  94.74% of Permutation tests (Core 10/15, passed_count 18)
  1.10% of Permutation test rounds,  94.74% of Permutation tests (Core 10/15, passed_count 18)
  1.11% of Permutation test rounds,  94.74% of Permutation tests (Core 8/15, passed_count 18)
  1.12% of Permutation test rounds,  94.74% of Permutation tests (Core 10/15, passed_count 18)
  1.13% of Permutation test rounds,  94.74% of Permutation tests (Core 10/15, passed_count 18)
  1.14% of Permutation test rounds,  94.74% of Permutation tests (Core 10/15, passed_count 18)
  1.15% of Permutation test rounds,  94.74% of Permutation tests (Core 10/15, passed_count 18)
  1.16% of Permutation test rounds,  94.74% of Permutation tests (Core 10/15, passed_count 18)
  1.17% of Permutation test rounds,  94.74% of Permutation tests (Core 10/15, passed_count 18)
  1.18% of Permutation test rounds,  94.74% of Permutation tests (Core 8/15, passed_count 18)
  1.19% of Permutation test rounds,  94.74% of Permutation tests (Core 8/15, passed_count 18)
  1.20% of Permutation test rounds,  94.74% of Permutation tests (Core 4/15, passed_count 18)
  1.21% of Permutation test rounds,  94.74% of Permutation tests (Core 8/15, passed_count 18)
  1.22% of Permutation test rounds,  94.74% of Permutation tests (Core 8/15, passed_count 18)
  1.23% of Permutation test rounds,  94.74% of Permutation tests (Core 8/15, passed_count 18)
  1.24% of Permutation test rounds,  94.74% of Permutation tests (Core 8/15, passed_count 18)
  1.25% of Permutation test rounds,  94.74% of Permutation tests (Core 8/15, passed_count 18)
  1.26% of Permutation test rounds,  94.74% of Permutation tests (Core 8/15, passed_count 18)
  1.27% of Permutation test rounds,  94.74% of Permutation tests (Core 8/15, passed_count 18)
  1.28% of Permutation test rounds,  94.74% of Permutation tests (Core 4/15, passed_count 18)
  1.29% of Permutation test rounds,  94.74% of Permutation tests (Core 4/15, passed_count 18)
  1.30% of Permutation test rounds,  94.74% of Permutation tests (Core 4/15, passed_count 18)
  1.31% of Permutation test rounds,  94.74% of Permutation tests (Core 4/15, passed_count 18)
  1.32% of Permutation test rounds,  94.74% of Permutation tests (Core 4/15, passed_count 18)
  1.33% of Permutation test rounds,  94.74% of Permutation tests (Core 4/15, passed_count 18)
  1.34% of Permutation test rounds,  94.74% of Permutation tests (Core 4/15, passed_count 18)
  1.35% of Permutation test rounds,  94.74% of Permutation tests (Core 4/15, passed_count 18)
  1.36% of Permutation test rounds,  94.74% of Permutation tests (Core 4/15, passed_count 18)
  1.37% of Permutation test rounds,  94.74% of Permutation tests (Core 4/15, passed_count 18)
  1.38% of Permutation test rounds,  94.74% of Permutation tests (Core 4/15, passed_count 18)
  1.39% of Permutation test rounds,  94.74% of Permutation tests (Core 9/15, passed_count 18)
  1.40% of Permutation test rounds,  94.74% of Permutation tests (Core 4/15, passed_count 18)
  1.41% of Permutation test rounds,  94.74% of Permutation tests (Core 2/15, passed_count 18)
  1.42% of Permutation test rounds,  94.74% of Permutation tests (Core 4/15, passed_count 18)
  1.43% of Permutation test rounds,  94.74% of Permutation tests (Core 4/15, passed_count 18)
  1.44% of Permutation test rounds,  94.74% of Permutation tests (Core 4/15, passed_count 18)
  1.45% of Permutation test rounds,  94.74% of Permutation tests (Core 4/15, passed_count 18)
  1.46% of Permutation test rounds,  94.74% of Permutation tests (Core 4/15, passed_count 18)
  1.47% of Permutation test rounds,  94.74% of Permutation tests (Core 4/15, passed_count 18)
  1.48% of Permutation test rounds,  94.74% of Permutation tests (Core 0/15, passed_count 18)
  1.49% of Permutation test rounds,  94.74% of Permutation tests (Core 4/15, passed_count 18)
  1.50% of Permutation test rounds,  94.74% of Permutation tests (Core 4/15, passed_count 18)
  1.51% of Permutation test rounds,  94.74% of Permutation tests (Core 4/15, passed_count 18)
  1.52% of Permutation test rounds,  94.74% of Permutation tests (Core 4/15, passed_count 18)
  1.53% of Permutation test rounds,  94.74% of Permutation tests (Core 4/15, passed_count 18)
  1.54% of Permutation test rounds,  94.74% of Permutation tests (Core 4/15, passed_count 18)
  1.55% of Permutation test rounds,  94.74% of Permutation tests (Core 4/15, passed_count 18)
  1.56% of Permutation test rounds,  94.74% of Permutation tests (Core 4/15, passed_count 18)
  1.57% of Permutation test rounds,  94.74% of Permutation tests (Core 11/15, passed_count 18)
  1.58% of Permutation test rounds,  94.74% of Permutation tests (Core 4/15, passed_count 18)
  1.59% of Permutation test rounds,  94.74% of Permutation tests (Core 4/15, passed_count 18)
  1.60% of Permutation test rounds,  94.74% of Permutation tests (Core 4/15, passed_count 18)
  1.61% of Permutation test rounds,  94.74% of Permutation tests (Core 4/15, passed_count 18)
  1.62% of Permutation test rounds,  94.74% of Permutation tests (Core 4/15, passed_count 18)
  1.63% of Permutation test rounds,  94.74% of Permutation tests (Core 4/15, passed_count 18)
  1.64% of Permutation test rounds,  94.74% of Permutation tests (Core 4/15, passed_count 18)
  1.65% of Permutation test rounds,  94.74% of Permutation tests (Core 8/15, passed_count 18)
  1.66% of Permutation test rounds,  94.74% of Permutation tests (Core 8/15, passed_count 18)
  1.67% of Permutation test rounds,  94.74% of Permutation tests (Core 8/15, passed_count 18)
  1.68% of Permutation test rounds,  94.74% of Permutation tests (Core 6/15, passed_count 18)
  1.69% of Permutation test rounds,  94.74% of Permutation tests (Core 14/15, passed_count 18)
  1.70% of Permutation test rounds,  94.74% of Permutation tests (Core 8/15, passed_count 18)
  1.71% of Permutation test rounds,  94.74% of Permutation tests (Core 8/15, passed_count 18)
  1.72% of Permutation test rounds,  94.74% of Permutation tests (Core 8/15, passed_count 18)
  1.73% of Permutation test rounds,  94.74% of Permutation tests (Core 0/15, passed_count 18)
  1.74% of Permutation test rounds,  94.74% of Permutation tests (Core 0/15, passed_count 18)
  1.75% of Permutation test rounds,  94.74% of Permutation tests (Core 0/15, passed_count 18)
  1.76% of Permutation test rounds,  94.74% of Permutation tests (Core 2/15, passed_count 18)
  1.77% of Permutation test rounds,  94.74% of Permutation tests (Core 2/15, passed_count 18)
  1.78% of Permutation test rounds,  94.74% of Permutation tests (Core 2/15, passed_count 18)
  1.79% of Permutation test rounds,  94.74% of Permutation tests (Core 1/15, passed_count 18)
  1.80% of Permutation test rounds,  94.74% of Permutation tests (Core 7/15, passed_count 18)
  1.81% of Permutation test rounds,  94.74% of Permutation tests (Core 1/15, passed_count 18)
  1.82% of Permutation test rounds,  94.74% of Permutation tests (Core 3/15, passed_count 18)
  1.83% of Permutation test rounds,  94.74% of Permutation tests (Core 3/15, passed_count 18)
  1.84% of Permutation test rounds,  94.74% of Permutation tests (Core 3/15, passed_count 18)
  1.85% of Permutation test rounds,  94.74% of Permutation tests (Core 5/15, passed_count 18)
  1.86% of Permutation test rounds,  94.74% of Permutation tests (Core 3/15, passed_count 18)
  1.87% of Permutation test rounds,  94.74% of Permutation tests (Core 10/15, passed_count 18)
  1.88% of Permutation test rounds,  94.74% of Permutation tests (Core 10/15, passed_count 18)
  1.89% of Permutation test rounds,  94.74% of Permutation tests (Core 10/15, passed_count 18)
  1.90% of Permutation test rounds,  94.74% of Permutation tests (Core 10/15, passed_count 18)
  1.91% of Permutation test rounds,  94.74% of Permutation tests (Core 10/15, passed_count 18)
  1.92% of Permutation test rounds,  94.74% of Permutation tests (Core 10/15, passed_count 18)
  1.93% of Permutation test rounds,  94.74% of Permutation tests (Core 10/15, passed_count 18)
  1.94% of Permutation test rounds,  94.74% of Permutation tests (Core 10/15, passed_count 18)
  1.95% of Permutation test rounds,  94.74% of Permutation tests (Core 10/15, passed_count 18)
  1.96% of Permutation test rounds,  94.74% of Permutation tests (Core 10/15, passed_count 18)
  1.97% of Permutation test rounds,  94.74% of Permutation tests (Core 1/15, passed_count 18)
  1.98% of Permutation test rounds,  94.74% of Permutation tests (Core 1/15, passed_count 18)
  1.99% of Permutation test rounds,  94.74% of Permutation tests (Core 1/15, passed_count 18)
  2.00% of Permutation test rounds,  94.74% of Permutation tests (Core 11/15, passed_count 18)
  2.01% of Permutation test rounds,  94.74% of Permutation tests (Core 5/15, passed_count 18)
  2.02% of Permutation test rounds,  94.74% of Permutation tests (Core 5/15, passed_count 18)
  2.03% of Permutation test rounds,  94.74% of Permutation tests (Core 5/15, passed_count 18)
  2.04% of Permutation test rounds,  94.74% of Permutation tests (Core 9/15, passed_count 18)
  2.05% of Permutation test rounds,  94.74% of Permutation tests (Core 12/15, passed_count 18)
  2.06% of Permutation test rounds,  94.74% of Permutation tests (Core 0/15, passed_count 18)
  2.07% of Permutation test rounds,  94.74% of Permutation tests (Core 0/15, passed_count 18)
  2.08% of Permutation test rounds,  94.74% of Permutation tests (Core 4/15, passed_count 18)
  2.09% of Permutation test rounds,  94.74% of Permutation tests (Core 4/15, passed_count 18)
  2.10% of Permutation test rounds,  94.74% of Permutation tests (Core 4/15, passed_count 18)
  2.11% of Permutation test rounds,  94.74% of Permutation tests (Core 4/15, passed_count 18)
  2.12% of Permutation test rounds,  94.74% of Permutation tests (Core 4/15, passed_count 18)
  2.13% of Permutation test rounds,  94.74% of Permutation tests (Core 4/15, passed_count 18)
  2.14% of Permutation test rounds,  94.74% of Permutation tests (Core 4/15, passed_count 18)
  2.15% of Permutation test rounds,  94.74% of Permutation tests (Core 4/15, passed_count 18)
  2.16% of Permutation test rounds,  94.74% of Permutation tests (Core 4/15, passed_count 18)
  2.17% of Permutation test rounds,  94.74% of Permutation tests (Core 4/15, passed_count 18)
  2.18% of Permutation test rounds,  94.74% of Permutation tests (Core 4/15, passed_count 18)
  2.19% of Permutation test rounds,  94.74% of Permutation tests (Core 4/15, passed_count 18)
  2.20% of Permutation test rounds,  94.74% of Permutation tests (Core 4/15, passed_count 18)
  2.21% of Permutation test rounds,  94.74% of Permutation tests (Core 4/15, passed_count 18)
  2.22% of Permutation test rounds,  94.74% of Permutation tests (Core 4/15, passed_count 18)
  2.23% of Permutation test rounds,  94.74% of Permutation tests (Core 4/15, passed_count 18)
  2.24% of Permutation test rounds,  94.74% of Permutation tests (Core 4/15, passed_count 18)
  2.25% of Permutation test rounds,  94.74% of Permutation tests (Core 4/15, passed_count 18)
  2.26% of Permutation test rounds,  94.74% of Permutation tests (Core 4/15, passed_count 18)
  2.27% of Permutation test rounds,  94.74% of Permutation tests (Core 4/15, passed_count 18)
  2.28% of Permutation test rounds,  94.74% of Permutation tests (Core 4/15, passed_count 18)
  2.29% of Permutation test rounds,  94.74% of Permutation tests (Core 4/15, passed_count 18)
  2.30% of Permutation test rounds,  94.74% of Permutation tests (Core 1/15, passed_count 18)
  2.31% of Permutation test rounds,  94.74% of Permutation tests (Core 11/15, passed_count 18)
  2.32% of Permutation test rounds,  94.74% of Permutation tests (Core 11/15, passed_count 18)
  2.33% of Permutation test rounds,  94.74% of Permutation tests (Core 11/15, passed_count 18)
  2.34% of Permutation test rounds,  94.74% of Permutation tests (Core 11/15, passed_count 18)
  2.35% of Permutation test rounds,  94.74% of Permutation tests (Core 9/15, passed_count 18)
  2.36% of Permutation test rounds,  94.74% of Permutation tests (Core 9/15, passed_count 18)
  2.37% of Permutation test rounds,  94.74% of Permutation tests (Core 9/15, passed_count 18)
  2.38% of Permutation test rounds,  94.74% of Permutation tests (Core 0/15, passed_count 18)
  2.39% of Permutation test rounds,  94.74% of Permutation tests (Core 2/15, passed_count 18)
  2.40% of Permutation test rounds,  94.74% of Permutation tests (Core 15/15, passed_count 18)
  2.41% of Permutation test rounds,  94.74% of Permutation tests (Core 7/15, passed_count 18)
  2.42% of Permutation test rounds,  94.74% of Permutation tests (Core 7/15, passed_count 18)
  2.43% of Permutation test rounds,  94.74% of Permutation tests (Core 7/15, passed_count 18)
  2.44% of Permutation test rounds,  94.74% of Permutation tests (Core 7/15, passed_count 18)
  2.45% of Permutation test rounds,  94.74% of Permutation tests (Core 7/15, passed_count 18)
  2.46% of Permutation test rounds,  94.74% of Permutation tests (Core 7/15, passed_count 18)
  2.47% of Permutation test rounds,  94.74% of Permutation tests (Core 7/15, passed_count 18)
  2.48% of Permutation test rounds,  94.74% of Permutation tests (Core 8/15, passed_count 18)
  2.49% of Permutation test rounds,  94.74% of Permutation tests (Core 8/15, passed_count 18)
  2.50% of Permutation test rounds,  94.74% of Permutation tests (Core 8/15, passed_count 18)
  2.51% of Permutation test rounds,  94.74% of Permutation tests (Core 8/15, passed_count 18)
  2.52% of Permutation test rounds,  94.74% of Permutation tests (Core 8/15, passed_count 18)
  2.53% of Permutation test rounds,  94.74% of Permutation tests (Core 9/15, passed_count 18)
  2.54% of Permutation test rounds,  94.74% of Permutation tests (Core 9/15, passed_count 18)
  2.55% of Permutation test rounds, 100.00% of Permutation tests (Core 9/15, passed_count 19)
  8.68% of Permutation test rounds, 100.00% of Permutation tests (Core 15/15, passed_count 19)
 14.84% of Permutation test rounds, 100.00% of Permutation tests (Core 10/15, passed_count 19)
 20.76% of Permutation test rounds, 100.00% of Permutation tests (Core 6/15, passed_count 19)
 26.95% of Permutation test rounds, 100.00% of Permutation tests (Core 14/15, passed_count 19)
 33.13% of Permutation test rounds, 100.00% of Permutation tests (Core 4/15, passed_count 19)
 38.76% of Permutation test rounds, 100.00% of Permutation tests (Core 1/15, passed_count 19)
 44.88% of Permutation test rounds, 100.00% of Permutation tests (Core 3/15, passed_count 19)
 51.03% of Permutation test rounds, 100.00% of Permutation tests (Core 7/15, passed_count 19)
 57.15% of Permutation test rounds, 100.00% of Permutation tests (Core 5/15, passed_count 19)
 63.29% of Permutation test rounds, 100.00% of Permutation tests (Core 11/15, passed_count 19)
 69.42% of Permutation test rounds, 100.00% of Permutation tests (Core 12/15, passed_count 19)
 75.58% of Permutation test rounds, 100.00% of Permutation tests (Core 13/15, passed_count 19)
 81.74% of Permutation test rounds, 100.00% of Permutation tests (Core 8/15, passed_count 19)
 87.74% of Permutation test rounds, 100.00% of Permutation tests (Core 0/15, passed_count 19)
 93.87% of Permutation test rounds, 100.00% of Permutation tests (Core 2/15, passed_count 19)


                statistic  C[i][0]  C[i][1]  C[i][2]
----------------------------------------------------
                excursion      30       0       6
       numDirectionalRuns       6       0      36
       lenDirectionalRuns       8       6       0
    numIncreasesDecreases       7       0       6
            numRunsMedian       6       0      19
            lenRunsMedian       5       1       7
             avgCollision       6       0      14
             maxCollision       4       2      46
           periodicity(1)       5       1      39
           periodicity(2)       6       0       6
           periodicity(8)     249       1       5
          periodicity(16)      11       0       6
          periodicity(32)       5       1      30
            covariance(1)       6       0       6
            covariance(2)      25       0       6
            covariance(8)      19       0       6
           covariance(16)       6       0      36
           covariance(32)      15       0       6
              compression      81       0       6
(* denotes failed test)

** Passed IID permutation tests

your 131072x1 screen size is bogus. expect trouble
your 131072x1 screen size is bogus. expect trouble
Identity added: /home/mmggjj/.ssh/id_ed25519 (mariogj.03@gmail.com)
tiempo_s=0.64 maxrss_kB=76124
