Agent pid 423
Opening file: '/mnt/c/Users/mario/Documents/TFM_FPGA_CRYPTO/results/entropia90b/bits/condA_rep1.bits' (SHA-256 hash 0f7f7065a7b8cab925e53dd6954530f56d72367642f0963d601b628850a92d2c)
Loaded 1000000 samples of 2 distinct 1-bit-wide symbols

Running non-IID tests...

Running Most Common Value Estimate...
Literal MCV Estimate: mode = 500791, p-hat = 0.50079099999999999, p_u = 0.50207891368408297
	Most Common Value Estimate = 0.994014 / 1 bit(s)

Running Entropic Statistic Estimates (bit strings only)...
Literal Collision Estimate: X-bar = 2.5008515416530162, sigma-hat = 0.49999990009068918, p = 0.52434315739639725
	Collision Test Estimate = 0.931417 / 1 bit(s)
Literal Markov Estimate: P_0 = 0.49920900000000001, P_1 = 0.50079099999999999, P_0,0 = 0.49862181695806157, P_0,1 = 0.50137818304193837, P_1,0 = 0.49979332695675444, P_1,1 = 0.50020667304324551, p_max = 3.4093267201194804e-39
	Markov Test Estimate = 0.998326 / 1 bit(s)
Literal Compression Estimate: X-bar = 5.2147529445756948, sigma-hat = 1.0182771159799078, p = 0.032280973255623291
	Compression Test Estimate = 0.825529 / 1 bit(s)

Running Tuple Estimates...
Literal t-Tuple Estimate: t = 16, p-hat_max = 0.5275569070895033270104, p_u = 0.5288428648552972063902
Literal LRS Estimate: u = 17, v = 41, p-hat = 0.51886258802425074, p_u = 0.52014958652029048
	T-Tuple Test Estimate = 0.919089 / 1 bit(s)
	LRS Test Estimate = 0.943002 / 1 bit(s)

Running Predictor Estimates...
Literal MultiMCW Prediction Estimate: N = 999937, Pglobal' = 0.50132645828885591 (C = 500007) Plocal can't affect result (r = 20)
	Multi Most Common in Window (MultiMCW) Prediction Test Estimate = 0.996178 / 1 bit(s)
Literal Lag Prediction Estimate: N = 999999, Pglobal' = 0.50144841603383705 (C = 500160) Plocal can't affect result (r = 23)
	Lag Prediction Test Estimate = 0.995827 / 1 bit(s)
Literal MultiMMC Prediction Estimate: N = 999998, Pglobal' = 0.5011269161948817 (C = 499838) Plocal can't affect result (r = 19)
	Multi Markov Model with Counting (MultiMMC) Prediction Test Estimate = 0.996752 / 1 bit(s)
Literal LZ78Y Prediction Estimate: N = 999983, Pglobal' = 0.50118342443850272 (C = 499887) Plocal can't affect result (r = 20)
	LZ78Y Prediction Test Estimate = 0.996589 / 1 bit(s)

H_original: 0.825529
your 131072x1 screen size is bogus. expect trouble
your 131072x1 screen size is bogus. expect trouble
Identity added: /home/mmggjj/.ssh/id_ed25519 (mariogj.03@gmail.com)
tiempo_s=0.66 maxrss_kB=22612
