Agent pid 423
Opening file: '/mnt/c/Users/mario/Documents/TFM_FPGA_CRYPTO/results/esp32_campana_rng/condB_rep2.bin' (SHA-256 hash cd02b518d990fadfeaea6ae023d35715656b42c817de74462917a33b79ef681f)
Loaded 125000 samples of 256 distinct 8-bit-wide symbols
Number of Binary Symbols: 1000000

*** Warning: data contains less than 1000000 samples ***


Running non-IID tests...

Running Most Common Value Estimate...
Bitstring MCV Estimate: mode = 500190, p-hat = 0.50019000000000002, p_u = 0.50147791520274476
	Most Common Value Estimate (bit string) = 0.995742 / 1 bit(s)
Literal MCV Estimate: mode = 546, p-hat = 0.0043680000000000004, p_u = 0.0048484570256475991
	Most Common Value Estimate = 7.688259 / 8 bit(s)

Running Entropic Statistic Estimates (bit strings only)...
Bitstring Collision Estimate: X-bar = 2.4993626625210572, sigma-hat = 0.50000021864210198, p = 0.53656125440469637
	Collision Test Estimate (bit string) = 0.898185 / 1 bit(s)
Bitstring Markov Estimate: P_0 = 0.50019000000000002, P_1 = 0.49980999999999998, P_0,0 = 0.5001609391649956, P_0,1 = 0.4998390608350044, P_1,0 = 0.50021808287149117, P_1,1 = 0.49978191712850883, p_max = 3.062499502047168e-39
	Markov Test Estimate (bit string) = 0.999535 / 1 bit(s)
Bitstring Compression Estimate: X-bar = 5.2174043544548345, sigma-hat = 1.0152318552219912, p = 0.029449259308052866
	Compression Test Estimate (bit string) = 0.847604 / 1 bit(s)

Running Tuple Estimates...
Bitstring t-Tuple Estimate: t = 15, p-hat_max = 0.5200254334221196312227, p_u = 0.5213123153488957853881
Bitstring LRS Estimate: u = 16, v = 40, p-hat = 0.51020649795350425, p_u = 0.51149414489030685
	T-Tuple Test Estimate (bit string) = 0.939780 / 1 bit(s)
Literal t-Tuple Estimate: t = 1, p-hat_max = 0.004368000000000000000122, p_u = 0.004848457025647598254284
Literal LRS Estimate: u = 2, v = 4, p-hat = 0.0041565218478810678, p_u = 0.0046252536129262319
	T-Tuple Test Estimate = 7.688259 / 8 bit(s)
	LRS Test Estimate (bit string) = 0.967210 / 1 bit(s)
	LRS Test Estimate = 7.756252 / 8 bit(s)

Running Predictor Estimates...
Bitstring MultiMCW Prediction Estimate: N = 999937, Pglobal' = 0.50172548293815034 (C = 500406) Plocal can't affect result (r = 20)
	Multi Most Common in Window (MultiMCW) Prediction Test Estimate (bit string) = 0.995030 / 1 bit(s)
Literal MultiMCW Prediction Estimate: N = 124937, Pglobal' = 0.0043520568751168835 (C = 487) Plocal can't affect result (r = 3)
	Multi Most Common in Window (MultiMCW) Prediction Test Estimate = 7.844087 / 8 bit(s)
Bitstring Lag Prediction Estimate: N = 999999, Pglobal' = 0.50061741411117011 (C = 499329) Plocal can't affect result (r = 22)
	Lag Prediction Test Estimate (bit string) = 0.998220 / 1 bit(s)
Literal Lag Prediction Estimate: N = 124999, Pglobal' = 0.0044768086165827611 (C = 502) Plocal can't affect result (r = 3)
	Lag Prediction Test Estimate = 7.803314 / 8 bit(s)
Bitstring MultiMMC Prediction Estimate: N = 999998, Pglobal' = 0.5015829169494892 (C = 500294) Plocal can't affect result (r = 19)
	Multi Markov Model with Counting (MultiMMC) Prediction Test Estimate (bit string) = 0.995440 / 1 bit(s)
Literal MultiMMC Prediction Estimate: N = 124998, Pglobal' = 0.004333003919185288 (C = 485) Plocal can't affect result (r = 3)
	Multi Markov Model with Counting (MultiMMC) Prediction Test Estimate = 7.850417 / 8 bit(s)
Bitstring LZ78Y Prediction Estimate: N = 999983, Pglobal' = 0.50051241151026682 (C = 499216) Plocal can't affect result (r = 20)
	LZ78Y Prediction Test Estimate (bit string) = 0.998522 / 1 bit(s)
Literal LZ78Y Prediction Estimate: N = 124983, Pglobal' = 0.0043335238447129078 (C = 485) Plocal can't affect result (r = 3)
	LZ78Y Prediction Test Estimate = 7.850244 / 8 bit(s)

H_original: 7.688259
H_bitstring: 0.847604
min(H_original, 8 X H_bitstring): 6.780833
your 131072x1 screen size is bogus. expect trouble
your 131072x1 screen size is bogus. expect trouble
Identity added: /home/mmggjj/.ssh/id_ed25519 (mariogj.03@gmail.com)
tiempo_s=6.07 maxrss_kB=288752
