Agent pid 423
Opening file: '/mnt/c/Users/mario/Documents/TFM_RNG/tfm_esp32_rng/results/condC_rep1.bin' (SHA-256 hash 732376183b2427e494211e0426a09ba8098377fe58e9ff0e8c64ca5afb767dc2)
Loaded 125000 samples of 256 distinct 8-bit-wide symbols
Number of Binary Symbols: 1000000

*** Warning: data contains less than 1000000 samples ***


Running non-IID tests...

Running Most Common Value Estimate...
Bitstring MCV Estimate: mode = 500114, p-hat = 0.50011399999999995, p_u = 0.50140191526225675
	Most Common Value Estimate (bit string) = 0.995961 / 1 bit(s)
Literal MCV Estimate: mode = 542, p-hat = 0.0043359999999999996, p_u = 0.004814701567294296
	Most Common Value Estimate = 7.698338 / 8 bit(s)

Running Entropic Statistic Estimates (bit strings only)...
Bitstring Collision Estimate: X-bar = 2.500588889861342, sigma-hat = 0.50000027835782279, p = 0.52690469290355491
	Collision Test Estimate (bit string) = 0.924386 / 1 bit(s)
Bitstring Markov Estimate: P_0 = 0.499886, P_1 = 0.50011399999999995, P_0,0 = 0.49959590786699365, P_0,1 = 0.50040409213300641, P_1,0 = 0.50017696000703837, P_1,1 = 0.49982303999296163, p_max = 3.1637227128258877e-39
	Markov Test Estimate (bit string) = 0.999169 / 1 bit(s)
Bitstring Compression Estimate: X-bar = 5.2139701546845414, sigma-hat = 1.017162263821717, p = 0.033040458883971002
	Compression Test Estimate (bit string) = 0.819937 / 1 bit(s)

Running Tuple Estimates...
Bitstring t-Tuple Estimate: t = 15, p-hat_max = 0.5200254334221196312227, p_u = 0.5213123153488957853881
Bitstring LRS Estimate: u = 16, v = 38, p-hat = 0.51076404282486923, p_u = 0.5120516596383866
	T-Tuple Test Estimate (bit string) = 0.939780 / 1 bit(s)
Literal t-Tuple Estimate: t = 1, p-hat_max = 0.004335999999999999999876, p_u = 0.004814701567294296266485
Literal LRS Estimate: u = 2, v = 3, p-hat = 0.0040000533342435725, p_u = 0.0044599141007077538
	T-Tuple Test Estimate = 7.698338 / 8 bit(s)
	LRS Test Estimate (bit string) = 0.965639 / 1 bit(s)
	LRS Test Estimate = 7.808768 / 8 bit(s)

Running Predictor Estimates...
Bitstring MultiMCW Prediction Estimate: N = 999937, Pglobal' = 0.50045840183259638 (C = 499139) Plocal can't affect result (r = 22)
	Multi Most Common in Window (MultiMCW) Prediction Test Estimate (bit string) = 0.998678 / 1 bit(s)
Literal MultiMCW Prediction Estimate: N = 124937, Pglobal' = 0.0041656321111989848 (C = 465) Plocal = 0.004323073550451053 (r = 3)
	Multi Most Common in Window (MultiMCW) Prediction Test Estimate = 7.853727 / 8 bit(s)
Bitstring Lag Prediction Estimate: N = 999999, Pglobal' = 0.50164541596798329 (C = 500357) Plocal can't affect result (r = 21)
	Lag Prediction Test Estimate (bit string) = 0.995260 / 1 bit(s)
Literal Lag Prediction Estimate: N = 124999, Pglobal' = 0.0044006753978674557 (C = 493) Plocal can't affect result (r = 3)
	Lag Prediction Test Estimate = 7.828059 / 8 bit(s)
Bitstring MultiMMC Prediction Estimate: N = 999998, Pglobal' = 0.49984290831520822 (C = 498554) Plocal can't affect result (r = 24)
	Multi Markov Model with Counting (MultiMMC) Prediction Test Estimate (bit string) = 1.000000 / 1 bit(s)
Literal MultiMMC Prediction Estimate: N = 124998, Pglobal' = 0.004536033764754639 (C = 509) Plocal can't affect result (r = 3)
	Multi Markov Model with Counting (MultiMMC) Prediction Test Estimate = 7.784353 / 8 bit(s)
Bitstring LZ78Y Prediction Estimate: N = 999983, Pglobal' = 0.50068041496482008 (C = 499384) Plocal can't affect result (r = 25)
	LZ78Y Prediction Test Estimate (bit string) = 0.998038 / 1 bit(s)
Literal LZ78Y Prediction Estimate: N = 124983, Pglobal' = 0.0045112108808807744 (C = 506) Plocal can't affect result (r = 3)
	LZ78Y Prediction Test Estimate = 7.792270 / 8 bit(s)

H_original: 7.698338
H_bitstring: 0.819937
min(H_original, 8 X H_bitstring): 6.559497
your 131072x1 screen size is bogus. expect trouble
your 131072x1 screen size is bogus. expect trouble
Identity added: /home/mmggjj/.ssh/id_ed25519 (mariogj.03@gmail.com)
tiempo_s=5.15 maxrss_kB=288880
