Agent pid 423
Opening file: '/mnt/c/Users/mario/Documents/TFM_FPGA_CRYPTO/results/entropia90b/bits/condA_rep2.bits' (SHA-256 hash dc39f99668b5842eb0e00667d9b0f10f5903228908ea2018338531dcf03c57f7)
Loaded 1000000 samples of 2 distinct 1-bit-wide symbols

Running non-IID tests...

Running Most Common Value Estimate...
Literal MCV Estimate: mode = 500310, p-hat = 0.50031000000000003, p_u = 0.50159791504819495
	Most Common Value Estimate = 0.995397 / 1 bit(s)

Running Entropic Statistic Estimates (bit strings only)...
Literal Collision Estimate: X-bar = 2.501094228725067, sigma-hat = 0.49999942793529684, p = 0.52170928848292353
	Collision Test Estimate = 0.938682 / 1 bit(s)
Literal Markov Estimate: P_0 = 0.49969000000000002, P_1 = 0.50031000000000003, P_0,0 = 0.4988983147517756, P_0,1 = 0.5011016852482244, P_1,0 = 0.50048170134516601, P_1,1 = 0.49951829865483399, p_max = 3.5926390778834259e-39
	Markov Test Estimate = 0.997736 / 1 bit(s)
Literal Compression Estimate: X-bar = 5.2182073978457959, sigma-hat = 1.0151326620277676, p = 0.028511228562249413
	Compression Test Estimate = 0.855388 / 1 bit(s)

Running Tuple Estimates...
Literal t-Tuple Estimate: t = 15, p-hat_max = 0.5230507414148808378266, p_u = 0.524337287349360094222
Literal LRS Estimate: u = 16, v = 39, p-hat = 0.50132031109936277, p_u = 0.50260822190484419
	T-Tuple Test Estimate = 0.931433 / 1 bit(s)
	LRS Test Estimate = 0.992494 / 1 bit(s)

Running Predictor Estimates...
Literal MultiMCW Prediction Estimate: N = 999937, Pglobal' = 0.50167047958912037 (C = 500351) Plocal can't affect result (r = 20)
	Multi Most Common in Window (MultiMCW) Prediction Test Estimate = 0.995188 / 1 bit(s)
Literal Lag Prediction Estimate: N = 999999, Pglobal' = 0.50032641259687227 (C = 499038) Plocal can't affect result (r = 21)
	Lag Prediction Test Estimate = 0.999058 / 1 bit(s)
Literal MultiMMC Prediction Estimate: N = 999998, Pglobal' = 0.50157491694548217 (C = 500286) Plocal can't affect result (r = 21)
	Multi Markov Model with Counting (MultiMMC) Prediction Test Estimate = 0.995463 / 1 bit(s)
Literal LZ78Y Prediction Estimate: N = 999983, Pglobal' = 0.50179543420735984 (C = 500499) Plocal can't affect result (r = 21)
	LZ78Y Prediction Test Estimate = 0.994829 / 1 bit(s)

H_original: 0.855388
your 131072x1 screen size is bogus. expect trouble
your 131072x1 screen size is bogus. expect trouble
Identity added: /home/mmggjj/.ssh/id_ed25519 (mariogj.03@gmail.com)
tiempo_s=0.93 maxrss_kB=22744
