Agent pid 423
Opening file: '/mnt/c/Users/mario/Documents/TFM_RNG/tfm_esp32_rng/results/condD_rep1.bin' (SHA-256 hash bfccaf8c712b9cb002928bdd33a21ba8858ff28eeebf02161e0b739d99240ee4)
Loaded 125000 samples of 256 distinct 8-bit-wide symbols
Number of Binary Symbols: 1000000

*** Warning: data contains less than 1000000 samples ***


Running non-IID tests...

Running Most Common Value Estimate...
Bitstring MCV Estimate: mode = 500147, p-hat = 0.50014700000000001, p_u = 0.50143491524007111
	Most Common Value Estimate (bit string) = 0.995866 / 1 bit(s)
Literal MCV Estimate: mode = 561, p-hat = 0.0044879999999999998, p_u = 0.0049749826449040401
	Most Common Value Estimate = 7.651093 / 8 bit(s)

Running Entropic Statistic Estimates (bit strings only)...
Bitstring Collision Estimate: X-bar = 2.5002187691422999, sigma-hat = 0.50000057719586477, p = 0.53014709083348444
	Collision Test Estimate (bit string) = 0.915535 / 1 bit(s)
Bitstring Markov Estimate: P_0 = 0.50014700000000001, P_1 = 0.49985299999999999, P_0,0 = 0.49978006422124738, P_0,1 = 0.50021993577875268, P_1,0 = 0.50051515145452763, P_1,1 = 0.49948484854547237, p_max = 3.2261733955711528e-39
	Markov Test Estimate (bit string) = 0.998948 / 1 bit(s)
Bitstring Compression Estimate: X-bar = 5.2227890278292959, sigma-hat = 1.0127231414162643, p = 0.021386935169734222
	Compression Test Estimate (bit string) = 0.924521 / 1 bit(s)

Running Tuple Estimates...
Bitstring t-Tuple Estimate: t = 15, p-hat_max = 0.5230507414148808378266, p_u = 0.524337287349360094222
Bitstring LRS Estimate: u = 16, v = 39, p-hat = 0.50662783614782135, p_u = 0.50791563828695032
	T-Tuple Test Estimate (bit string) = 0.931433 / 1 bit(s)
Literal t-Tuple Estimate: t = 1, p-hat_max = 0.004488000000000000000197, p_u = 0.004974982644904039780672
Literal LRS Estimate: u = 2, v = 3, p-hat = 0.0040396603985395786, p_u = 0.0045017830548272229
	T-Tuple Test Estimate = 7.651093 / 8 bit(s)
	LRS Test Estimate (bit string) = 0.977339 / 1 bit(s)
	LRS Test Estimate = 7.795288 / 8 bit(s)

Running Predictor Estimates...
Bitstring MultiMCW Prediction Estimate: N = 999937, Pglobal' = 0.50092243249491075 (C = 499603) Plocal can't affect result (r = 25)
	Multi Most Common in Window (MultiMCW) Prediction Test Estimate (bit string) = 0.997341 / 1 bit(s)
Literal MultiMCW Prediction Estimate: N = 124937, Pglobal' = 0.0044282533266693748 (C = 496) Plocal can't affect result (r = 3)
	Multi Most Common in Window (MultiMCW) Prediction Test Estimate = 7.819047 / 8 bit(s)
Bitstring Lag Prediction Estimate: N = 999999, Pglobal' = 0.50153141603046414 (C = 500243) Plocal can't affect result (r = 20)
	Lag Prediction Test Estimate (bit string) = 0.995588 / 1 bit(s)
Literal Lag Prediction Estimate: N = 124999, Pglobal' = 0.0043245038273006771 (C = 484) Plocal can't affect result (r = 3)
	Lag Prediction Test Estimate = 7.853250 / 8 bit(s)
Bitstring MultiMMC Prediction Estimate: N = 999998, Pglobal' = 0.50190491683705751 (C = 500616) Plocal can't affect result (r = 18)
	Multi Markov Model with Counting (MultiMMC) Prediction Test Estimate (bit string) = 0.994514 / 1 bit(s)
Literal MultiMMC Prediction Estimate: N = 124998, Pglobal' = 0.0043245384168639558 (C = 484) Plocal can't affect result (r = 3)
	Multi Markov Model with Counting (MultiMMC) Prediction Test Estimate = 7.853238 / 8 bit(s)
Bitstring LZ78Y Prediction Estimate: N = 999983, Pglobal' = 0.50100142116114099 (C = 499705) Plocal can't affect result (r = 20)
	LZ78Y Prediction Test Estimate (bit string) = 0.997113 / 1 bit(s)
Literal LZ78Y Prediction Estimate: N = 124983, Pglobal' = 0.0043335238447129078 (C = 485) Plocal can't affect result (r = 3)
	LZ78Y Prediction Test Estimate = 7.850244 / 8 bit(s)

H_original: 7.651093
H_bitstring: 0.915535
min(H_original, 8 X H_bitstring): 7.324283
your 131072x1 screen size is bogus. expect trouble
your 131072x1 screen size is bogus. expect trouble
Identity added: /home/mmggjj/.ssh/id_ed25519 (mariogj.03@gmail.com)
tiempo_s=5.55 maxrss_kB=288752
