Agent pid 423
Opening file: '/mnt/c/Users/mario/Documents/TFM_FPGA_CRYPTO/results/esp32_campana_rng/condD_rep3.bin' (SHA-256 hash 0b76b80ffe5db54209406f3701808c90be059bdf70b1b0cafd44d60f32771693)
Loaded 125000 samples of 256 distinct 8-bit-wide symbols
Number of Binary Symbols: 1000000

*** Warning: data contains less than 1000000 samples ***


Running non-IID tests...

Running Most Common Value Estimate...
Bitstring MCV Estimate: mode = 500185, p-hat = 0.50018499999999999, p_u = 0.50147291520757442
	Most Common Value Estimate (bit string) = 0.995756 / 1 bit(s)
Literal MCV Estimate: mode = 542, p-hat = 0.0043359999999999996, p_u = 0.004814701567294296
	Most Common Value Estimate = 7.698338 / 8 bit(s)

Running Entropic Statistic Estimates (bit strings only)...
Bitstring Collision Estimate: X-bar = 2.5001937650167889, sigma-hat = 0.5000005875046829, p = 0.53035365015785862
	Collision Test Estimate (bit string) = 0.914973 / 1 bit(s)
Bitstring Markov Estimate: P_0 = 0.49981500000000001, P_1 = 0.50018499999999999, P_0,0 = 0.4991016658196849, P_0,1 = 0.50089833418031504, P_1,0 = 0.50052880434239333, P_1,1 = 0.49947119565760667, p_max = 3.5222119261085223e-39
	Markov Test Estimate (bit string) = 0.997959 / 1 bit(s)
Bitstring Compression Estimate: X-bar = 5.217519140600273, sigma-hat = 1.0154852580798746, p = 0.029320044263668521
	Compression Test Estimate (bit string) = 0.848661 / 1 bit(s)

Running Tuple Estimates...
Bitstring t-Tuple Estimate: t = 16, p-hat_max = 0.5266288655261094952056, p_u = 0.5279149530124247283462
Bitstring LRS Estimate: u = 17, v = 38, p-hat = 0.50135805680921126, p_u = 0.50264596735428327
	T-Tuple Test Estimate (bit string) = 0.921623 / 1 bit(s)
Literal t-Tuple Estimate: t = 1, p-hat_max = 0.004335999999999999999876, p_u = 0.004814701567294296266485
Literal LRS Estimate: u = 2, v = 4, p-hat = 0.004098924061192968, p_u = 0.0045644103008782161
	T-Tuple Test Estimate = 7.698338 / 8 bit(s)
	LRS Test Estimate (bit string) = 0.992385 / 1 bit(s)
	LRS Test Estimate = 7.775356 / 8 bit(s)

Running Predictor Estimates...
Bitstring MultiMCW Prediction Estimate: N = 999937, Pglobal' = 0.50113544619900274 (C = 499816) Plocal can't affect result (r = 22)
	Multi Most Common in Window (MultiMCW) Prediction Test Estimate (bit string) = 0.996728 / 1 bit(s)
Literal MultiMCW Prediction Estimate: N = 124937, Pglobal' = 0.0045467059330680324 (C = 510) Plocal can't affect result (r = 3)
	Multi Most Common in Window (MultiMCW) Prediction Test Estimate = 7.780963 / 8 bit(s)
Bitstring Lag Prediction Estimate: N = 999999, Pglobal' = 0.50097541537564416 (C = 499687) Plocal can't affect result (r = 19)
	Lag Prediction Test Estimate (bit string) = 0.997188 / 1 bit(s)
Literal Lag Prediction Estimate: N = 124999, Pglobal' = 0.0043922138031024117 (C = 492) Plocal can't affect result (r = 3)
	Lag Prediction Test Estimate = 7.830836 / 8 bit(s)
Bitstring MultiMMC Prediction Estimate: N = 999998, Pglobal' = 0.5015899169527247 (C = 500301) Plocal can't affect result (r = 21)
	Multi Markov Model with Counting (MultiMMC) Prediction Test Estimate (bit string) = 0.995420 / 1 bit(s)
Literal MultiMMC Prediction Estimate: N = 124998, Pglobal' = 0.0046036516675445113 (C = 517) Plocal can't affect result (r = 3)
	Multi Markov Model with Counting (MultiMMC) Prediction Test Estimate = 7.763006 / 8 bit(s)
Bitstring LZ78Y Prediction Estimate: N = 999983, Pglobal' = 0.50156443074680634 (C = 500268) Plocal can't affect result (r = 19)
	LZ78Y Prediction Test Estimate (bit string) = 0.995493 / 1 bit(s)
Literal LZ78Y Prediction Estimate: N = 124983, Pglobal' = 0.0046042040645612806 (C = 517) Plocal can't affect result (r = 3)
	LZ78Y Prediction Test Estimate = 7.762833 / 8 bit(s)

H_original: 7.698338
H_bitstring: 0.848661
min(H_original, 8 X H_bitstring): 6.789292
your 131072x1 screen size is bogus. expect trouble
your 131072x1 screen size is bogus. expect trouble
Identity added: /home/mmggjj/.ssh/id_ed25519 (mariogj.03@gmail.com)
tiempo_s=6.05 maxrss_kB=288712
