Agent pid 423
Opening file: '/mnt/c/Users/mario/Documents/TFM_FPGA_CRYPTO/results/esp32_campana_rng/condC_rep3.bin' (SHA-256 hash d542e0ec4264338b3b2282eed936b1cf8088c386fc1cc8b23476a04bc2311d9f)
Loaded 125000 samples of 256 distinct 8-bit-wide symbols
Number of Binary samples: 1000000

*** Warning: data contains less than 1000000 samples ***

Calculating baseline statistics...
	Raw Mean: 127.907136
	Median: 128.000000
	Binary: false

Literal MCV Estimate: mode = 551, p-hat = 0.0044079999999999996, p_u = 0.0048906422115087399
Bitstring MCV Estimate: mode = 501210, p-hat = 0.50121000000000004, p_u = 0.50249791152445322
H_original: 7.675760
H_bitstring: 0.992810
min(H_original, 8 X H_bitstring): 7.675760
Chi square independence
	score = 11283.220859
	degrees of freedom = 11113
	p-value = 0.127046

Chi square goodness of fit
	score = 2300.268933
	degrees of freedom = 2295
	p-value = 0.465117

** Passed chi square tests

Literal Longest Repeated Substring results
	P_col: 0.003915
	Length of LRS: 4
	Pr(X >= 1): 0.840442
** Passed length of longest repeated substring test

Beginning initial tests...

Initial test results
              excursion: 17680.7
     numDirectionalRuns: 83328
     lenDirectionalRuns: 7
  numIncreasesDecreases: 62694
          numRunsMedian: 62645
          lenRunsMedian: 17
           avgCollision: 20.7906
           maxCollision: 68
         periodicity(1): 502
         periodicity(2): 489
         periodicity(8): 498
        periodicity(16): 454
        periodicity(32): 491
          covariance(1): 2.04431e+09
          covariance(2): 2.04495e+09
          covariance(8): 2.04156e+09
         covariance(16): 2.04777e+09
         covariance(32): 2.04554e+09
            compression: 133531

Beginning permutation tests... these may take some time
  0.01% of Permutation test rounds,   0.00% of Permutation tests (Core 0/15, passed_count 0)
  0.02% of Permutation test rounds,   0.00% of Permutation tests (Core 14/15, passed_count 0)
  0.03% of Permutation test rounds,   0.00% of Permutation tests (Core 3/15, passed_count 0)
  0.04% of Permutation test rounds,   0.00% of Permutation tests (Core 7/15, passed_count 0)
  0.05% of Permutation test rounds,   0.00% of Permutation tests (Core 15/15, passed_count 0)
  0.06% of Permutation test rounds,   0.00% of Permutation tests (Core 8/15, passed_count 0)
  0.07% of Permutation test rounds,   0.00% of Permutation tests (Core 10/15, passed_count 0)
  0.08% of Permutation test rounds,   0.00% of Permutation tests (Core 1/15, passed_count 0)
  0.09% of Permutation test rounds,   0.00% of Permutation tests (Core 9/15, passed_count 0)
  0.10% of Permutation test rounds,   5.26% of Permutation tests (Core 12/15, passed_count 1)
  0.11% of Permutation test rounds,   5.26% of Permutation tests (Core 4/15, passed_count 1)
  0.12% of Permutation test rounds,   5.26% of Permutation tests (Core 11/15, passed_count 1)
  0.13% of Permutation test rounds,  36.84% of Permutation tests (Core 5/15, passed_count 7)
  0.14% of Permutation test rounds,  42.11% of Permutation tests (Core 2/15, passed_count 8)
  0.15% of Permutation test rounds,  42.11% of Permutation tests (Core 6/15, passed_count 8)
  0.16% of Permutation test rounds,  52.63% of Permutation tests (Core 13/15, passed_count 10)
  0.17% of Permutation test rounds,  52.63% of Permutation tests (Core 2/15, passed_count 10)
  0.18% of Permutation test rounds,  52.63% of Permutation tests (Core 6/15, passed_count 10)
  0.19% of Permutation test rounds,  52.63% of Permutation tests (Core 13/15, passed_count 10)
  0.20% of Permutation test rounds,  52.63% of Permutation tests (Core 2/15, passed_count 10)
  0.21% of Permutation test rounds,  57.89% of Permutation tests (Core 6/15, passed_count 11)
  0.22% of Permutation test rounds,  57.89% of Permutation tests (Core 2/15, passed_count 11)
  0.23% of Permutation test rounds,  57.89% of Permutation tests (Core 13/15, passed_count 11)
  0.24% of Permutation test rounds,  57.89% of Permutation tests (Core 6/15, passed_count 11)
  0.25% of Permutation test rounds,  63.16% of Permutation tests (Core 2/15, passed_count 12)
  0.26% of Permutation test rounds,  68.42% of Permutation tests (Core 13/15, passed_count 13)
  0.27% of Permutation test rounds,  68.42% of Permutation tests (Core 6/15, passed_count 13)
  0.28% of Permutation test rounds,  68.42% of Permutation tests (Core 2/15, passed_count 13)
  0.29% of Permutation test rounds,  68.42% of Permutation tests (Core 13/15, passed_count 13)
  0.30% of Permutation test rounds,  68.42% of Permutation tests (Core 2/15, passed_count 13)
  0.31% of Permutation test rounds,  68.42% of Permutation tests (Core 13/15, passed_count 13)
  0.32% of Permutation test rounds,  68.42% of Permutation tests (Core 6/15, passed_count 13)
  0.33% of Permutation test rounds,  73.68% of Permutation tests (Core 2/15, passed_count 14)
  0.34% of Permutation test rounds,  73.68% of Permutation tests (Core 13/15, passed_count 14)
  0.35% of Permutation test rounds,  78.95% of Permutation tests (Core 6/15, passed_count 15)
  0.36% of Permutation test rounds,  78.95% of Permutation tests (Core 2/15, passed_count 15)
  0.37% of Permutation test rounds,  84.21% of Permutation tests (Core 13/15, passed_count 16)
  0.38% of Permutation test rounds,  84.21% of Permutation tests (Core 6/15, passed_count 16)
  0.39% of Permutation test rounds,  84.21% of Permutation tests (Core 6/15, passed_count 16)
  0.40% of Permutation test rounds,  84.21% of Permutation tests (Core 13/15, passed_count 16)
  0.41% of Permutation test rounds,  84.21% of Permutation tests (Core 0/15, passed_count 16)
  0.42% of Permutation test rounds,  84.21% of Permutation tests (Core 2/15, passed_count 16)
  0.43% of Permutation test rounds,  84.21% of Permutation tests (Core 6/15, passed_count 16)
  0.44% of Permutation test rounds,  84.21% of Permutation tests (Core 13/15, passed_count 16)
  0.45% of Permutation test rounds,  84.21% of Permutation tests (Core 7/15, passed_count 16)
  0.46% of Permutation test rounds,  84.21% of Permutation tests (Core 0/15, passed_count 16)
  0.47% of Permutation test rounds,  84.21% of Permutation tests (Core 2/15, passed_count 16)
  0.48% of Permutation test rounds,  84.21% of Permutation tests (Core 3/15, passed_count 16)
  0.49% of Permutation test rounds,  84.21% of Permutation tests (Core 6/15, passed_count 16)
  0.50% of Permutation test rounds,  84.21% of Permutation tests (Core 13/15, passed_count 16)
  0.51% of Permutation test rounds,  84.21% of Permutation tests (Core 7/15, passed_count 16)
  0.52% of Permutation test rounds,  84.21% of Permutation tests (Core 0/15, passed_count 16)
  0.53% of Permutation test rounds,  84.21% of Permutation tests (Core 2/15, passed_count 16)
  0.54% of Permutation test rounds,  84.21% of Permutation tests (Core 3/15, passed_count 16)
  0.55% of Permutation test rounds,  84.21% of Permutation tests (Core 6/15, passed_count 16)
  0.56% of Permutation test rounds,  84.21% of Permutation tests (Core 13/15, passed_count 16)
  0.57% of Permutation test rounds,  84.21% of Permutation tests (Core 7/15, passed_count 16)
  0.58% of Permutation test rounds,  84.21% of Permutation tests (Core 15/15, passed_count 16)
  0.59% of Permutation test rounds,  84.21% of Permutation tests (Core 0/15, passed_count 16)
  0.60% of Permutation test rounds,  84.21% of Permutation tests (Core 8/15, passed_count 16)
  0.61% of Permutation test rounds,  84.21% of Permutation tests (Core 2/15, passed_count 16)
  0.62% of Permutation test rounds,  84.21% of Permutation tests (Core 14/15, passed_count 16)
  0.63% of Permutation test rounds,  84.21% of Permutation tests (Core 10/15, passed_count 16)
  0.64% of Permutation test rounds,  84.21% of Permutation tests (Core 3/15, passed_count 16)
  0.65% of Permutation test rounds,  84.21% of Permutation tests (Core 6/15, passed_count 16)
  0.66% of Permutation test rounds,  84.21% of Permutation tests (Core 13/15, passed_count 16)
  0.67% of Permutation test rounds,  84.21% of Permutation tests (Core 9/15, passed_count 16)
  0.68% of Permutation test rounds,  84.21% of Permutation tests (Core 7/15, passed_count 16)
  0.69% of Permutation test rounds,  84.21% of Permutation tests (Core 15/15, passed_count 16)
  0.70% of Permutation test rounds,  84.21% of Permutation tests (Core 15/15, passed_count 16)
  0.71% of Permutation test rounds,  84.21% of Permutation tests (Core 15/15, passed_count 16)
  0.72% of Permutation test rounds,  84.21% of Permutation tests (Core 2/15, passed_count 16)
  0.73% of Permutation test rounds,  84.21% of Permutation tests (Core 12/15, passed_count 16)
  0.74% of Permutation test rounds,  84.21% of Permutation tests (Core 14/15, passed_count 16)
  0.75% of Permutation test rounds,  84.21% of Permutation tests (Core 10/15, passed_count 16)
  0.76% of Permutation test rounds,  84.21% of Permutation tests (Core 3/15, passed_count 16)
  0.77% of Permutation test rounds,  84.21% of Permutation tests (Core 4/15, passed_count 16)
  0.78% of Permutation test rounds,  84.21% of Permutation tests (Core 6/15, passed_count 16)
  0.79% of Permutation test rounds,  84.21% of Permutation tests (Core 13/15, passed_count 16)
  0.80% of Permutation test rounds,  84.21% of Permutation tests (Core 9/15, passed_count 16)
  0.81% of Permutation test rounds,  84.21% of Permutation tests (Core 7/15, passed_count 16)
  0.82% of Permutation test rounds,  84.21% of Permutation tests (Core 11/15, passed_count 16)
  0.83% of Permutation test rounds,  84.21% of Permutation tests (Core 0/15, passed_count 16)
  0.84% of Permutation test rounds,  84.21% of Permutation tests (Core 8/15, passed_count 16)
  0.85% of Permutation test rounds,  84.21% of Permutation tests (Core 15/15, passed_count 16)
  0.86% of Permutation test rounds,  84.21% of Permutation tests (Core 2/15, passed_count 16)
  0.87% of Permutation test rounds,  84.21% of Permutation tests (Core 12/15, passed_count 16)
  0.88% of Permutation test rounds,  84.21% of Permutation tests (Core 14/15, passed_count 16)
  0.89% of Permutation test rounds,  84.21% of Permutation tests (Core 10/15, passed_count 16)
  0.90% of Permutation test rounds,  89.47% of Permutation tests (Core 3/15, passed_count 17)
  0.91% of Permutation test rounds,  89.47% of Permutation tests (Core 4/15, passed_count 17)
  0.92% of Permutation test rounds,  89.47% of Permutation tests (Core 6/15, passed_count 17)
  0.93% of Permutation test rounds,  89.47% of Permutation tests (Core 13/15, passed_count 17)
  0.94% of Permutation test rounds,  89.47% of Permutation tests (Core 9/15, passed_count 17)
  0.95% of Permutation test rounds,  89.47% of Permutation tests (Core 9/15, passed_count 17)
  0.96% of Permutation test rounds,  89.47% of Permutation tests (Core 5/15, passed_count 17)
  0.97% of Permutation test rounds,  89.47% of Permutation tests (Core 11/15, passed_count 17)
  0.98% of Permutation test rounds,  89.47% of Permutation tests (Core 0/15, passed_count 17)
  0.99% of Permutation test rounds,  89.47% of Permutation tests (Core 1/15, passed_count 17)
  1.00% of Permutation test rounds,  89.47% of Permutation tests (Core 8/15, passed_count 17)
  1.01% of Permutation test rounds,  89.47% of Permutation tests (Core 8/15, passed_count 17)
  1.02% of Permutation test rounds,  94.74% of Permutation tests (Core 2/15, passed_count 18)
  1.03% of Permutation test rounds,  94.74% of Permutation tests (Core 12/15, passed_count 18)
  1.04% of Permutation test rounds,  94.74% of Permutation tests (Core 14/15, passed_count 18)
  1.05% of Permutation test rounds,  94.74% of Permutation tests (Core 10/15, passed_count 18)
  1.06% of Permutation test rounds,  94.74% of Permutation tests (Core 3/15, passed_count 18)
  1.07% of Permutation test rounds,  94.74% of Permutation tests (Core 4/15, passed_count 18)
  1.08% of Permutation test rounds, 100.00% of Permutation tests (Core 6/15, passed_count 19)
  7.18% of Permutation test rounds, 100.00% of Permutation tests (Core 13/15, passed_count 19)
 13.28% of Permutation test rounds, 100.00% of Permutation tests (Core 7/15, passed_count 19)
 19.47% of Permutation test rounds, 100.00% of Permutation tests (Core 9/15, passed_count 19)
 25.67% of Permutation test rounds, 100.00% of Permutation tests (Core 5/15, passed_count 19)
 31.90% of Permutation test rounds, 100.00% of Permutation tests (Core 11/15, passed_count 19)
 38.12% of Permutation test rounds, 100.00% of Permutation tests (Core 0/15, passed_count 19)
 44.30% of Permutation test rounds, 100.00% of Permutation tests (Core 1/15, passed_count 19)
 50.53% of Permutation test rounds, 100.00% of Permutation tests (Core 15/15, passed_count 19)
 56.72% of Permutation test rounds, 100.00% of Permutation tests (Core 8/15, passed_count 19)
 62.92% of Permutation test rounds, 100.00% of Permutation tests (Core 2/15, passed_count 19)
 69.01% of Permutation test rounds, 100.00% of Permutation tests (Core 12/15, passed_count 19)
 75.22% of Permutation test rounds, 100.00% of Permutation tests (Core 14/15, passed_count 19)
 81.42% of Permutation test rounds, 100.00% of Permutation tests (Core 10/15, passed_count 19)
 87.62% of Permutation test rounds, 100.00% of Permutation tests (Core 3/15, passed_count 19)
 93.80% of Permutation test rounds, 100.00% of Permutation tests (Core 4/15, passed_count 19)


                statistic  C[i][0]  C[i][1]  C[i][2]
----------------------------------------------------
                excursion      20       0       6
       numDirectionalRuns       7       0       6
       lenDirectionalRuns       7       6       0
    numIncreasesDecreases      31       0       6
            numRunsMedian       6       0      27
            lenRunsMedian       4       4       2
             avgCollision       6       0      10
             maxCollision       5       1      15
           periodicity(1)       6       0       7
           periodicity(2)       7       0       6
           periodicity(8)       6       0      19
          periodicity(16)      96       0       6
          periodicity(32)       7       0       6
            covariance(1)       7       0       6
            covariance(2)       6       0       8
            covariance(8)      84       0       6
           covariance(16)       6       0     102
           covariance(32)       6       0      29
              compression       6       0      10
(* denotes failed test)

** Passed IID permutation tests

your 131072x1 screen size is bogus. expect trouble
your 131072x1 screen size is bogus. expect trouble
Identity added: /home/mmggjj/.ssh/id_ed25519 (mariogj.03@gmail.com)
tiempo_s=0.29 maxrss_kB=74756
