Agent pid 423
Opening file: '/mnt/c/Users/mario/Documents/TFM_FPGA_CRYPTO/results/entropia90b/bits/condA_rep3.bits' (SHA-256 hash 20bc78d5690ee0059b0e7e95aaf7caa5e08df299e6fe44942825db8976a3f566)
Loaded 1000000 samples of 2 distinct 1-bit-wide symbols

Running non-IID tests...

Running Most Common Value Estimate...
Literal MCV Estimate: mode = 500025, p-hat = 0.50002500000000005, p_u = 0.50131291529412236
	Most Common Value Estimate = 0.996217 / 1 bit(s)

Running Entropic Statistic Estimates (bit strings only)...
Literal Collision Estimate: X-bar = 2.4994251322195895, sigma-hat = 0.5000002943839672, p = 0.53613174990643542
	Collision Test Estimate = 0.899341 / 1 bit(s)
Literal Markov Estimate: P_0 = 0.499975, P_1 = 0.50002499999999994, P_0,0 = 0.50039402048906545, P_0,1 = 0.49960597951093455, P_1,0 = 0.49955702214889258, P_1,1 = 0.50044297785110747, p_max = 3.2887122513234007e-39
	Markov Test Estimate = 0.998732 / 1 bit(s)
Literal Compression Estimate: X-bar = 5.2230744359055477, sigma-hat = 1.0127645251808923, p = 0.020698444108715464
	Compression Test Estimate = 0.932389 / 1 bit(s)

Running Tuple Estimates...
Literal t-Tuple Estimate: t = 16, p-hat_max = 0.5266288655261094952056, p_u = 0.5279149530124247283462
Literal LRS Estimate: u = 17, v = 37, p-hat = 0.50022538556288202, p_u = 0.50151330072776555
	T-Tuple Test Estimate = 0.921623 / 1 bit(s)
	LRS Test Estimate = 0.995640 / 1 bit(s)

Running Predictor Estimates...
Literal MultiMCW Prediction Estimate: N = 999937, Pglobal' = 0.50195149653601234 (C = 500632) Plocal can't affect result (r = 24)
	Multi Most Common in Window (MultiMCW) Prediction Test Estimate = 0.994380 / 1 bit(s)
Literal Lag Prediction Estimate: N = 999999, Pglobal' = 0.50180241577234097 (C = 500514) Plocal = 0.54448942618281881 (r = 29)
	Lag Prediction Test Estimate = 0.877024 / 1 bit(s)
Literal MultiMMC Prediction Estimate: N = 999998, Pglobal' = 0.5019099168311002 (C = 500621) Plocal can't affect result (r = 23)
	Multi Markov Model with Counting (MultiMMC) Prediction Test Estimate = 0.994500 / 1 bit(s)
Literal LZ78Y Prediction Estimate: N = 999983, Pglobal' = 0.50148942956413212 (C = 500193) Plocal can't affect result (r = 23)
	LZ78Y Prediction Test Estimate = 0.995709 / 1 bit(s)

H_original: 0.877024
your 131072x1 screen size is bogus. expect trouble
your 131072x1 screen size is bogus. expect trouble
Identity added: /home/mmggjj/.ssh/id_ed25519 (mariogj.03@gmail.com)
tiempo_s=0.84 maxrss_kB=22616
