Agent pid 423
Opening file: '/mnt/c/Users/mario/Documents/TFM_RNG/tfm_esp32_rng/results/condA_rep1.bin' (SHA-256 hash be60443540effef3a1d2ec5895093817307d0efc140eb27db9991b971b49db5f)
Loaded 125000 samples of 256 distinct 8-bit-wide symbols
Number of Binary Symbols: 1000000

*** Warning: data contains less than 1000000 samples ***


Running non-IID tests...

Running Most Common Value Estimate...
Bitstring MCV Estimate: mode = 500791, p-hat = 0.50079099999999999, p_u = 0.50207891368408297
	Most Common Value Estimate (bit string) = 0.994014 / 1 bit(s)
Literal MCV Estimate: mode = 548, p-hat = 0.0043839999999999999, p_u = 0.0048653323116216764
	Most Common Value Estimate = 7.683246 / 8 bit(s)

Running Entropic Statistic Estimates (bit strings only)...
Bitstring Collision Estimate: X-bar = 2.5008515416530162, sigma-hat = 0.49999990009068918, p = 0.52434315739639725
	Collision Test Estimate (bit string) = 0.931417 / 1 bit(s)
Bitstring Markov Estimate: P_0 = 0.49920900000000001, P_1 = 0.50079099999999999, P_0,0 = 0.49862181695806157, P_0,1 = 0.50137818304193837, P_1,0 = 0.49979332695675444, P_1,1 = 0.50020667304324551, p_max = 3.4093267201194804e-39
	Markov Test Estimate (bit string) = 0.998326 / 1 bit(s)
Bitstring Compression Estimate: X-bar = 5.2147529445756948, sigma-hat = 1.0182771159799078, p = 0.032280973255623291
	Compression Test Estimate (bit string) = 0.825529 / 1 bit(s)

Running Tuple Estimates...
Bitstring t-Tuple Estimate: t = 16, p-hat_max = 0.5275569070895033270104, p_u = 0.5288428648552972063902
Bitstring LRS Estimate: u = 17, v = 41, p-hat = 0.51886258802425074, p_u = 0.52014958652029048
	T-Tuple Test Estimate (bit string) = 0.919089 / 1 bit(s)
Literal t-Tuple Estimate: t = 1, p-hat_max = 0.004383999999999999999821, p_u = 0.004865332311621676468217
Literal LRS Estimate: u = 2, v = 4, p-hat = 0.0040000560011920286, p_u = 0.004459916920341585
	T-Tuple Test Estimate = 7.683246 / 8 bit(s)
	LRS Test Estimate (bit string) = 0.943002 / 1 bit(s)
	LRS Test Estimate = 7.808767 / 8 bit(s)

Running Predictor Estimates...
Bitstring MultiMCW Prediction Estimate: N = 999937, Pglobal' = 0.50132645828885591 (C = 500007) Plocal can't affect result (r = 20)
	Multi Most Common in Window (MultiMCW) Prediction Test Estimate (bit string) = 0.996178 / 1 bit(s)
Literal MultiMCW Prediction Estimate: N = 124937, Pglobal' = 0.0043605250576549551 (C = 488) Plocal can't affect result (r = 3)
	Multi Most Common in Window (MultiMCW) Prediction Test Estimate = 7.841282 / 8 bit(s)
Bitstring Lag Prediction Estimate: N = 999999, Pglobal' = 0.50144841603383705 (C = 500160) Plocal can't affect result (r = 23)
	Lag Prediction Test Estimate (bit string) = 0.995827 / 1 bit(s)
Literal Lag Prediction Estimate: N = 124999, Pglobal' = 0.0043752891875178728 (C = 490) Plocal can't affect result (r = 3)
	Lag Prediction Test Estimate = 7.836406 / 8 bit(s)
Bitstring MultiMMC Prediction Estimate: N = 999998, Pglobal' = 0.5011269161948817 (C = 499838) Plocal can't affect result (r = 19)
	Multi Markov Model with Counting (MultiMMC) Prediction Test Estimate (bit string) = 0.996752 / 1 bit(s)
Literal MultiMMC Prediction Estimate: N = 124998, Pglobal' = 0.0044853014158403245 (C = 503) Plocal can't affect result (r = 3)
	Multi Markov Model with Counting (MultiMMC) Prediction Test Estimate = 7.800579 / 8 bit(s)
Bitstring LZ78Y Prediction Estimate: N = 999983, Pglobal' = 0.50118342443850272 (C = 499887) Plocal can't affect result (r = 20)
	LZ78Y Prediction Test Estimate (bit string) = 0.996589 / 1 bit(s)
Literal LZ78Y Prediction Estimate: N = 124983, Pglobal' = 0.0044942971603787593 (C = 504) Plocal can't affect result (r = 3)
	LZ78Y Prediction Test Estimate = 7.797689 / 8 bit(s)

H_original: 7.683246
H_bitstring: 0.825529
min(H_original, 8 X H_bitstring): 6.604229
your 131072x1 screen size is bogus. expect trouble
your 131072x1 screen size is bogus. expect trouble
Identity added: /home/mmggjj/.ssh/id_ed25519 (mariogj.03@gmail.com)
tiempo_s=4.92 maxrss_kB=288844
