Agent pid 423
Opening file: '/mnt/c/Users/mario/Documents/TFM_FPGA_CRYPTO/results/esp32_campana_rng/condA_rep2.bin' (SHA-256 hash 10c3271fcc849e214185e9cbe14bb52d6de82188bef6262be3fb472e50389699)
Loaded 125000 samples of 256 distinct 8-bit-wide symbols
Number of Binary samples: 1000000

*** Warning: data contains less than 1000000 samples ***

Calculating baseline statistics...
	Raw Mean: 127.870896
	Median: 128.000000
	Binary: false

Literal MCV Estimate: mode = 542, p-hat = 0.0043359999999999996, p_u = 0.004814701567294296
Bitstring MCV Estimate: mode = 500310, p-hat = 0.50031000000000003, p_u = 0.50159791504819495
H_original: 7.698338
H_bitstring: 0.995397
min(H_original, 8 X H_bitstring): 7.698338
Chi square independence
	score = 11160.513816
	degrees of freedom = 11089
	p-value = 0.314316

Chi square goodness of fit
	score = 2305.684955
	degrees of freedom = 2295
	p-value = 0.433565

** Passed chi square tests

Literal Longest Repeated Substring results
	P_col: 0.003913
	Length of LRS: 4
	Pr(X >= 1): 0.839812
** Passed length of longest repeated substring test

Beginning initial tests...

Initial test results
              excursion: 21452.9
     numDirectionalRuns: 83436
     lenDirectionalRuns: 8
  numIncreasesDecreases: 62642
          numRunsMedian: 62556
          lenRunsMedian: 17
           avgCollision: 20.7607
           maxCollision: 68
         periodicity(1): 496
         periodicity(2): 489
         periodicity(8): 511
        periodicity(16): 509
        periodicity(32): 511
          covariance(1): 2.04164e+09
          covariance(2): 2.04447e+09
          covariance(8): 2.04572e+09
         covariance(16): 2.04221e+09
         covariance(32): 2.04276e+09
            compression: 133522

Beginning permutation tests... these may take some time
  0.01% of Permutation test rounds,   0.00% of Permutation tests (Core 8/15, passed_count 0)
  0.02% of Permutation test rounds,   0.00% of Permutation tests (Core 5/15, passed_count 0)
  0.03% of Permutation test rounds,   0.00% of Permutation tests (Core 12/15, passed_count 0)
  0.04% of Permutation test rounds,   0.00% of Permutation tests (Core 6/15, passed_count 0)
  0.05% of Permutation test rounds,   0.00% of Permutation tests (Core 0/15, passed_count 0)
  0.06% of Permutation test rounds,   0.00% of Permutation tests (Core 3/15, passed_count 0)
  0.07% of Permutation test rounds,   0.00% of Permutation tests (Core 10/15, passed_count 0)
  0.08% of Permutation test rounds,   0.00% of Permutation tests (Core 14/15, passed_count 0)
  0.09% of Permutation test rounds,   0.00% of Permutation tests (Core 2/15, passed_count 0)
  0.10% of Permutation test rounds,   0.00% of Permutation tests (Core 13/15, passed_count 0)
  0.11% of Permutation test rounds,   0.00% of Permutation tests (Core 11/15, passed_count 0)
  0.12% of Permutation test rounds,  10.53% of Permutation tests (Core 15/15, passed_count 2)
  0.13% of Permutation test rounds,  21.05% of Permutation tests (Core 4/15, passed_count 4)
  0.14% of Permutation test rounds,  36.84% of Permutation tests (Core 7/15, passed_count 7)
  0.15% of Permutation test rounds,  47.37% of Permutation tests (Core 1/15, passed_count 9)
  0.16% of Permutation test rounds,  52.63% of Permutation tests (Core 9/15, passed_count 10)
  0.17% of Permutation test rounds,  52.63% of Permutation tests (Core 1/15, passed_count 10)
  0.18% of Permutation test rounds,  57.89% of Permutation tests (Core 1/15, passed_count 11)
  0.19% of Permutation test rounds,  63.16% of Permutation tests (Core 1/15, passed_count 12)
  0.20% of Permutation test rounds,  63.16% of Permutation tests (Core 9/15, passed_count 12)
  0.21% of Permutation test rounds,  68.42% of Permutation tests (Core 1/15, passed_count 13)
  0.22% of Permutation test rounds,  68.42% of Permutation tests (Core 1/15, passed_count 13)
  0.23% of Permutation test rounds,  68.42% of Permutation tests (Core 1/15, passed_count 13)
  0.24% of Permutation test rounds,  68.42% of Permutation tests (Core 9/15, passed_count 13)
  0.25% of Permutation test rounds,  68.42% of Permutation tests (Core 1/15, passed_count 13)
  0.26% of Permutation test rounds,  73.68% of Permutation tests (Core 9/15, passed_count 14)
  0.27% of Permutation test rounds,  78.95% of Permutation tests (Core 1/15, passed_count 15)
  0.28% of Permutation test rounds,  78.95% of Permutation tests (Core 9/15, passed_count 15)
  0.29% of Permutation test rounds,  78.95% of Permutation tests (Core 1/15, passed_count 15)
  0.30% of Permutation test rounds,  78.95% of Permutation tests (Core 9/15, passed_count 15)
  0.31% of Permutation test rounds,  78.95% of Permutation tests (Core 1/15, passed_count 15)
  0.32% of Permutation test rounds,  84.21% of Permutation tests (Core 9/15, passed_count 16)
  0.33% of Permutation test rounds,  84.21% of Permutation tests (Core 1/15, passed_count 16)
  0.34% of Permutation test rounds,  89.47% of Permutation tests (Core 9/15, passed_count 17)
  0.35% of Permutation test rounds,  89.47% of Permutation tests (Core 1/15, passed_count 17)
  0.36% of Permutation test rounds,  94.74% of Permutation tests (Core 9/15, passed_count 18)
  0.37% of Permutation test rounds,  94.74% of Permutation tests (Core 1/15, passed_count 18)
  0.38% of Permutation test rounds,  94.74% of Permutation tests (Core 9/15, passed_count 18)
  0.39% of Permutation test rounds,  94.74% of Permutation tests (Core 1/15, passed_count 18)
  0.40% of Permutation test rounds,  94.74% of Permutation tests (Core 9/15, passed_count 18)
  0.41% of Permutation test rounds,  94.74% of Permutation tests (Core 9/15, passed_count 18)
  0.42% of Permutation test rounds,  94.74% of Permutation tests (Core 9/15, passed_count 18)
  0.43% of Permutation test rounds,  94.74% of Permutation tests (Core 9/15, passed_count 18)
  0.44% of Permutation test rounds,  94.74% of Permutation tests (Core 9/15, passed_count 18)
  0.45% of Permutation test rounds, 100.00% of Permutation tests (Core 9/15, passed_count 19)
  6.55% of Permutation test rounds, 100.00% of Permutation tests (Core 1/15, passed_count 19)
 12.65% of Permutation test rounds, 100.00% of Permutation tests (Core 6/15, passed_count 19)
 18.89% of Permutation test rounds, 100.00% of Permutation tests (Core 12/15, passed_count 19)
 25.13% of Permutation test rounds, 100.00% of Permutation tests (Core 5/15, passed_count 19)
 25.14% of Permutation test rounds, 100.00% of Permutation tests (Core 8/15, passed_count 19)
 37.61% of Permutation test rounds, 100.00% of Permutation tests (Core 10/15, passed_count 19)
 43.85% of Permutation test rounds, 100.00% of Permutation tests (Core 2/15, passed_count 19)
 50.09% of Permutation test rounds, 100.00% of Permutation tests (Core 15/15, passed_count 19)
 56.33% of Permutation test rounds, 100.00% of Permutation tests (Core 14/15, passed_count 19)
 62.57% of Permutation test rounds, 100.00% of Permutation tests (Core 11/15, passed_count 19)
 68.81% of Permutation test rounds, 100.00% of Permutation tests (Core 0/15, passed_count 19)
 75.05% of Permutation test rounds, 100.00% of Permutation tests (Core 13/15, passed_count 19)
 81.29% of Permutation test rounds, 100.00% of Permutation tests (Core 4/15, passed_count 19)
 87.53% of Permutation test rounds, 100.00% of Permutation tests (Core 3/15, passed_count 19)
 93.77% of Permutation test rounds, 100.00% of Permutation tests (Core 7/15, passed_count 19)


                statistic  C[i][0]  C[i][1]  C[i][2]
----------------------------------------------------
                excursion      13       0       6
       numDirectionalRuns       6       0      15
       lenDirectionalRuns       0       6       7
    numIncreasesDecreases       8       0       6
            numRunsMedian      10       0       6
            lenRunsMedian       8       2       4
             avgCollision       6       0       8
             maxCollision       6       0       6
           periodicity(1)       6       0       6
           periodicity(2)       7       0       6
           periodicity(8)       6       0      39
          periodicity(16)       6       0      28
          periodicity(32)       6       0      20
            covariance(1)      21       0       6
            covariance(2)       6       0      12
            covariance(8)       6       0      30
           covariance(16)      26       0       6
           covariance(32)       6       0       9
              compression       6       0       9
(* denotes failed test)

** Passed IID permutation tests

your 131072x1 screen size is bogus. expect trouble
your 131072x1 screen size is bogus. expect trouble
Identity added: /home/mmggjj/.ssh/id_ed25519 (mariogj.03@gmail.com)
tiempo_s=0.36 maxrss_kB=75204
