Agent pid 423
Opening file: '/mnt/c/Users/mario/Documents/TFM_FPGA_CRYPTO/results/esp32_campana_rng/condD_rep3.bin' (SHA-256 hash 0b76b80ffe5db54209406f3701808c90be059bdf70b1b0cafd44d60f32771693)
Loaded 125000 samples of 256 distinct 8-bit-wide symbols
Number of Binary samples: 1000000

*** Warning: data contains less than 1000000 samples ***

Calculating baseline statistics...
	Raw Mean: 127.538416
	Median: 128.000000
	Binary: false

Literal MCV Estimate: mode = 542, p-hat = 0.0043359999999999996, p_u = 0.004814701567294296
Bitstring MCV Estimate: mode = 500185, p-hat = 0.50018499999999999, p_u = 0.50147291520757442
H_original: 7.698338
H_bitstring: 0.995756
min(H_original, 8 X H_bitstring): 7.698338
Chi square independence
	score = 11350.368709
	degrees of freedom = 11140
	p-value = 0.080003

Chi square goodness of fit
	score = 2179.493341
	degrees of freedom = 2295
	p-value = 0.957691

** Passed chi square tests

Literal Longest Repeated Substring results
	P_col: 0.003915
	Length of LRS: 4
	Pr(X >= 1): 0.840443
** Passed length of longest repeated substring test

Beginning initial tests...

Initial test results
              excursion: 12170.3
     numDirectionalRuns: 83395
     lenDirectionalRuns: 8
  numIncreasesDecreases: 62689
          numRunsMedian: 62474
          lenRunsMedian: 16
           avgCollision: 20.6577
           maxCollision: 66
         periodicity(1): 515
         periodicity(2): 494
         periodicity(8): 492
        periodicity(16): 483
        periodicity(32): 494
          covariance(1): 2.03583e+09
          covariance(2): 2.03366e+09
          covariance(8): 2.03116e+09
         covariance(16): 2.03388e+09
         covariance(32): 2.03335e+09
            compression: 133508

Beginning permutation tests... these may take some time
  0.01% of Permutation test rounds,   0.00% of Permutation tests (Core 13/15, passed_count 0)
  0.02% of Permutation test rounds,   0.00% of Permutation tests (Core 0/15, passed_count 0)
  0.03% of Permutation test rounds,   0.00% of Permutation tests (Core 10/15, passed_count 0)
  0.04% of Permutation test rounds,   0.00% of Permutation tests (Core 15/15, passed_count 0)
  0.05% of Permutation test rounds,   0.00% of Permutation tests (Core 1/15, passed_count 0)
  0.06% of Permutation test rounds,   0.00% of Permutation tests (Core 12/15, passed_count 0)
  0.07% of Permutation test rounds,   0.00% of Permutation tests (Core 3/15, passed_count 0)
  0.08% of Permutation test rounds,   0.00% of Permutation tests (Core 5/15, passed_count 0)
  0.09% of Permutation test rounds,   0.00% of Permutation tests (Core 4/15, passed_count 0)
  0.10% of Permutation test rounds,   0.00% of Permutation tests (Core 8/15, passed_count 0)
  0.11% of Permutation test rounds,   5.26% of Permutation tests (Core 6/15, passed_count 1)
  0.12% of Permutation test rounds,  10.53% of Permutation tests (Core 2/15, passed_count 2)
  0.13% of Permutation test rounds,  21.05% of Permutation tests (Core 7/15, passed_count 4)
  0.14% of Permutation test rounds,  26.32% of Permutation tests (Core 11/15, passed_count 5)
  0.15% of Permutation test rounds,  31.58% of Permutation tests (Core 14/15, passed_count 6)
  0.16% of Permutation test rounds,  31.58% of Permutation tests (Core 9/15, passed_count 6)
  0.17% of Permutation test rounds,  42.11% of Permutation tests (Core 1/15, passed_count 8)
  0.18% of Permutation test rounds,  47.37% of Permutation tests (Core 1/15, passed_count 9)
  0.19% of Permutation test rounds,  47.37% of Permutation tests (Core 13/15, passed_count 9)
  0.20% of Permutation test rounds,  52.63% of Permutation tests (Core 1/15, passed_count 10)
  0.21% of Permutation test rounds,  52.63% of Permutation tests (Core 14/15, passed_count 10)
  0.22% of Permutation test rounds,  63.16% of Permutation tests (Core 5/15, passed_count 12)
  0.23% of Permutation test rounds,  73.68% of Permutation tests (Core 13/15, passed_count 14)
  0.24% of Permutation test rounds,  73.68% of Permutation tests (Core 14/15, passed_count 14)
  0.25% of Permutation test rounds,  73.68% of Permutation tests (Core 4/15, passed_count 14)
  0.26% of Permutation test rounds,  73.68% of Permutation tests (Core 1/15, passed_count 14)
  0.27% of Permutation test rounds,  73.68% of Permutation tests (Core 8/15, passed_count 14)
  0.28% of Permutation test rounds,  73.68% of Permutation tests (Core 5/15, passed_count 14)
  0.29% of Permutation test rounds,  73.68% of Permutation tests (Core 13/15, passed_count 14)
  0.30% of Permutation test rounds,  73.68% of Permutation tests (Core 0/15, passed_count 14)
  0.31% of Permutation test rounds,  78.95% of Permutation tests (Core 10/15, passed_count 15)
  0.32% of Permutation test rounds,  78.95% of Permutation tests (Core 12/15, passed_count 15)
  0.33% of Permutation test rounds,  78.95% of Permutation tests (Core 14/15, passed_count 15)
  0.34% of Permutation test rounds,  78.95% of Permutation tests (Core 6/15, passed_count 15)
  0.35% of Permutation test rounds,  78.95% of Permutation tests (Core 3/15, passed_count 15)
  0.36% of Permutation test rounds,  78.95% of Permutation tests (Core 15/15, passed_count 15)
  0.37% of Permutation test rounds,  78.95% of Permutation tests (Core 4/15, passed_count 15)
  0.38% of Permutation test rounds,  78.95% of Permutation tests (Core 1/15, passed_count 15)
  0.39% of Permutation test rounds,  78.95% of Permutation tests (Core 8/15, passed_count 15)
  0.40% of Permutation test rounds,  78.95% of Permutation tests (Core 7/15, passed_count 15)
  0.41% of Permutation test rounds,  78.95% of Permutation tests (Core 5/15, passed_count 15)
  0.42% of Permutation test rounds,  78.95% of Permutation tests (Core 13/15, passed_count 15)
  0.43% of Permutation test rounds,  78.95% of Permutation tests (Core 0/15, passed_count 15)
  0.44% of Permutation test rounds,  84.21% of Permutation tests (Core 11/15, passed_count 16)
  0.45% of Permutation test rounds,  84.21% of Permutation tests (Core 10/15, passed_count 16)
  0.46% of Permutation test rounds,  84.21% of Permutation tests (Core 0/15, passed_count 16)
  0.47% of Permutation test rounds,  84.21% of Permutation tests (Core 14/15, passed_count 16)
  0.48% of Permutation test rounds,  84.21% of Permutation tests (Core 6/15, passed_count 16)
  0.49% of Permutation test rounds,  84.21% of Permutation tests (Core 3/15, passed_count 16)
  0.50% of Permutation test rounds,  84.21% of Permutation tests (Core 15/15, passed_count 16)
  0.51% of Permutation test rounds,  84.21% of Permutation tests (Core 2/15, passed_count 16)
  0.52% of Permutation test rounds,  84.21% of Permutation tests (Core 4/15, passed_count 16)
  0.53% of Permutation test rounds,  84.21% of Permutation tests (Core 1/15, passed_count 16)
  0.54% of Permutation test rounds,  84.21% of Permutation tests (Core 4/15, passed_count 16)
  0.55% of Permutation test rounds,  84.21% of Permutation tests (Core 7/15, passed_count 16)
  0.56% of Permutation test rounds,  84.21% of Permutation tests (Core 5/15, passed_count 16)
  0.57% of Permutation test rounds,  84.21% of Permutation tests (Core 13/15, passed_count 16)
  0.58% of Permutation test rounds,  84.21% of Permutation tests (Core 12/15, passed_count 16)
  0.59% of Permutation test rounds,  84.21% of Permutation tests (Core 11/15, passed_count 16)
  0.60% of Permutation test rounds,  84.21% of Permutation tests (Core 10/15, passed_count 16)
  0.61% of Permutation test rounds,  84.21% of Permutation tests (Core 0/15, passed_count 16)
  0.62% of Permutation test rounds,  84.21% of Permutation tests (Core 14/15, passed_count 16)
  0.63% of Permutation test rounds,  89.47% of Permutation tests (Core 10/15, passed_count 17)
  0.64% of Permutation test rounds,  89.47% of Permutation tests (Core 3/15, passed_count 17)
  0.65% of Permutation test rounds,  89.47% of Permutation tests (Core 15/15, passed_count 17)
  0.66% of Permutation test rounds,  89.47% of Permutation tests (Core 9/15, passed_count 17)
  0.67% of Permutation test rounds,  89.47% of Permutation tests (Core 2/15, passed_count 17)
  0.68% of Permutation test rounds,  89.47% of Permutation tests (Core 8/15, passed_count 17)
  0.69% of Permutation test rounds,  89.47% of Permutation tests (Core 9/15, passed_count 17)
  0.70% of Permutation test rounds,  89.47% of Permutation tests (Core 4/15, passed_count 17)
  0.71% of Permutation test rounds,  89.47% of Permutation tests (Core 7/15, passed_count 17)
  0.72% of Permutation test rounds,  89.47% of Permutation tests (Core 5/15, passed_count 17)
  0.73% of Permutation test rounds,  89.47% of Permutation tests (Core 7/15, passed_count 17)
  0.74% of Permutation test rounds,  89.47% of Permutation tests (Core 12/15, passed_count 17)
  0.75% of Permutation test rounds,  89.47% of Permutation tests (Core 6/15, passed_count 17)
  0.76% of Permutation test rounds,  89.47% of Permutation tests (Core 11/15, passed_count 17)
  0.77% of Permutation test rounds,  94.74% of Permutation tests (Core 0/15, passed_count 18)
  0.78% of Permutation test rounds,  94.74% of Permutation tests (Core 14/15, passed_count 18)
  0.79% of Permutation test rounds,  94.74% of Permutation tests (Core 10/15, passed_count 18)
  0.80% of Permutation test rounds,  94.74% of Permutation tests (Core 3/15, passed_count 18)
  0.81% of Permutation test rounds,  94.74% of Permutation tests (Core 10/15, passed_count 18)
  0.82% of Permutation test rounds,  94.74% of Permutation tests (Core 3/15, passed_count 18)
  0.83% of Permutation test rounds,  94.74% of Permutation tests (Core 1/15, passed_count 18)
  0.84% of Permutation test rounds,  94.74% of Permutation tests (Core 2/15, passed_count 18)
  0.85% of Permutation test rounds,  94.74% of Permutation tests (Core 8/15, passed_count 18)
  0.86% of Permutation test rounds,  94.74% of Permutation tests (Core 9/15, passed_count 18)
  0.87% of Permutation test rounds,  94.74% of Permutation tests (Core 8/15, passed_count 18)
  0.88% of Permutation test rounds,  94.74% of Permutation tests (Core 9/15, passed_count 18)
  0.89% of Permutation test rounds,  94.74% of Permutation tests (Core 5/15, passed_count 18)
  0.90% of Permutation test rounds,  94.74% of Permutation tests (Core 7/15, passed_count 18)
  0.91% of Permutation test rounds,  94.74% of Permutation tests (Core 5/15, passed_count 18)
  0.92% of Permutation test rounds,  94.74% of Permutation tests (Core 6/15, passed_count 18)
  0.93% of Permutation test rounds,  94.74% of Permutation tests (Core 11/15, passed_count 18)
  0.94% of Permutation test rounds,  94.74% of Permutation tests (Core 0/15, passed_count 18)
  0.95% of Permutation test rounds,  94.74% of Permutation tests (Core 11/15, passed_count 18)
  0.96% of Permutation test rounds,  94.74% of Permutation tests (Core 15/15, passed_count 18)
  0.97% of Permutation test rounds,  94.74% of Permutation tests (Core 10/15, passed_count 18)
  0.98% of Permutation test rounds,  94.74% of Permutation tests (Core 3/15, passed_count 18)
  0.99% of Permutation test rounds,  94.74% of Permutation tests (Core 10/15, passed_count 18)
  1.00% of Permutation test rounds,  94.74% of Permutation tests (Core 2/15, passed_count 18)
  1.01% of Permutation test rounds,  94.74% of Permutation tests (Core 13/15, passed_count 18)
  1.02% of Permutation test rounds,  94.74% of Permutation tests (Core 4/15, passed_count 18)
  1.03% of Permutation test rounds,  94.74% of Permutation tests (Core 8/15, passed_count 18)
  1.04% of Permutation test rounds,  94.74% of Permutation tests (Core 9/15, passed_count 18)
  1.05% of Permutation test rounds,  94.74% of Permutation tests (Core 12/15, passed_count 18)
  1.06% of Permutation test rounds,  94.74% of Permutation tests (Core 7/15, passed_count 18)
  1.07% of Permutation test rounds,  94.74% of Permutation tests (Core 5/15, passed_count 18)
  1.08% of Permutation test rounds,  94.74% of Permutation tests (Core 6/15, passed_count 18)
  1.09% of Permutation test rounds,  94.74% of Permutation tests (Core 0/15, passed_count 18)
  1.10% of Permutation test rounds,  94.74% of Permutation tests (Core 11/15, passed_count 18)
  1.11% of Permutation test rounds,  94.74% of Permutation tests (Core 15/15, passed_count 18)
  1.12% of Permutation test rounds,  94.74% of Permutation tests (Core 1/15, passed_count 18)
  1.13% of Permutation test rounds,  94.74% of Permutation tests (Core 3/15, passed_count 18)
  1.14% of Permutation test rounds,  94.74% of Permutation tests (Core 10/15, passed_count 18)
  1.15% of Permutation test rounds,  94.74% of Permutation tests (Core 2/15, passed_count 18)
  1.16% of Permutation test rounds,  94.74% of Permutation tests (Core 13/15, passed_count 18)
  1.17% of Permutation test rounds,  94.74% of Permutation tests (Core 4/15, passed_count 18)
  1.18% of Permutation test rounds,  94.74% of Permutation tests (Core 8/15, passed_count 18)
  1.19% of Permutation test rounds,  94.74% of Permutation tests (Core 9/15, passed_count 18)
  1.20% of Permutation test rounds,  94.74% of Permutation tests (Core 14/15, passed_count 18)
  1.21% of Permutation test rounds,  94.74% of Permutation tests (Core 12/15, passed_count 18)
  1.22% of Permutation test rounds,  94.74% of Permutation tests (Core 7/15, passed_count 18)
  1.23% of Permutation test rounds,  94.74% of Permutation tests (Core 6/15, passed_count 18)
  1.24% of Permutation test rounds,  94.74% of Permutation tests (Core 0/15, passed_count 18)
  1.25% of Permutation test rounds,  94.74% of Permutation tests (Core 11/15, passed_count 18)
  1.26% of Permutation test rounds,  94.74% of Permutation tests (Core 15/15, passed_count 18)
  1.27% of Permutation test rounds,  94.74% of Permutation tests (Core 1/15, passed_count 18)
  1.28% of Permutation test rounds,  94.74% of Permutation tests (Core 15/15, passed_count 18)
  1.29% of Permutation test rounds,  94.74% of Permutation tests (Core 5/15, passed_count 18)
  1.30% of Permutation test rounds,  94.74% of Permutation tests (Core 10/15, passed_count 18)
  1.31% of Permutation test rounds,  94.74% of Permutation tests (Core 2/15, passed_count 18)
  1.32% of Permutation test rounds,  94.74% of Permutation tests (Core 10/15, passed_count 18)
  1.33% of Permutation test rounds,  94.74% of Permutation tests (Core 4/15, passed_count 18)
  1.34% of Permutation test rounds,  94.74% of Permutation tests (Core 8/15, passed_count 18)
  1.35% of Permutation test rounds,  94.74% of Permutation tests (Core 9/15, passed_count 18)
  1.36% of Permutation test rounds,  94.74% of Permutation tests (Core 14/15, passed_count 18)
  1.37% of Permutation test rounds,  94.74% of Permutation tests (Core 9/15, passed_count 18)
  1.38% of Permutation test rounds,  94.74% of Permutation tests (Core 7/15, passed_count 18)
  1.39% of Permutation test rounds,  94.74% of Permutation tests (Core 9/15, passed_count 18)
  1.40% of Permutation test rounds,  94.74% of Permutation tests (Core 0/15, passed_count 18)
  1.41% of Permutation test rounds,  94.74% of Permutation tests (Core 11/15, passed_count 18)
  1.42% of Permutation test rounds,  94.74% of Permutation tests (Core 3/15, passed_count 18)
  1.43% of Permutation test rounds,  94.74% of Permutation tests (Core 1/15, passed_count 18)
  1.44% of Permutation test rounds,  94.74% of Permutation tests (Core 15/15, passed_count 18)
  1.45% of Permutation test rounds,  94.74% of Permutation tests (Core 1/15, passed_count 18)
  1.46% of Permutation test rounds,  94.74% of Permutation tests (Core 15/15, passed_count 18)
  1.47% of Permutation test rounds,  94.74% of Permutation tests (Core 1/15, passed_count 18)
  1.48% of Permutation test rounds,  94.74% of Permutation tests (Core 15/15, passed_count 18)
  1.49% of Permutation test rounds,  94.74% of Permutation tests (Core 1/15, passed_count 18)
  1.50% of Permutation test rounds,  94.74% of Permutation tests (Core 8/15, passed_count 18)
  1.51% of Permutation test rounds,  94.74% of Permutation tests (Core 1/15, passed_count 18)
  1.52% of Permutation test rounds,  94.74% of Permutation tests (Core 14/15, passed_count 18)
  1.53% of Permutation test rounds,  94.74% of Permutation tests (Core 6/15, passed_count 18)
  1.54% of Permutation test rounds,  94.74% of Permutation tests (Core 7/15, passed_count 18)
  1.55% of Permutation test rounds,  94.74% of Permutation tests (Core 9/15, passed_count 18)
  1.56% of Permutation test rounds,  94.74% of Permutation tests (Core 7/15, passed_count 18)
  1.57% of Permutation test rounds,  94.74% of Permutation tests (Core 9/15, passed_count 18)
  1.58% of Permutation test rounds,  94.74% of Permutation tests (Core 7/15, passed_count 18)
  1.59% of Permutation test rounds,  94.74% of Permutation tests (Core 5/15, passed_count 18)
  1.60% of Permutation test rounds,  94.74% of Permutation tests (Core 13/15, passed_count 18)
  1.61% of Permutation test rounds,  94.74% of Permutation tests (Core 5/15, passed_count 18)
  1.62% of Permutation test rounds,  94.74% of Permutation tests (Core 10/15, passed_count 18)
  1.63% of Permutation test rounds,  94.74% of Permutation tests (Core 5/15, passed_count 18)
  1.64% of Permutation test rounds,  94.74% of Permutation tests (Core 15/15, passed_count 18)
  1.65% of Permutation test rounds,  94.74% of Permutation tests (Core 12/15, passed_count 18)
  1.66% of Permutation test rounds,  94.74% of Permutation tests (Core 8/15, passed_count 18)
  1.67% of Permutation test rounds,  94.74% of Permutation tests (Core 1/15, passed_count 18)
  1.68% of Permutation test rounds,  94.74% of Permutation tests (Core 14/15, passed_count 18)
  1.69% of Permutation test rounds,  94.74% of Permutation tests (Core 1/15, passed_count 18)
  1.70% of Permutation test rounds,  94.74% of Permutation tests (Core 0/15, passed_count 18)
  1.71% of Permutation test rounds,  94.74% of Permutation tests (Core 11/15, passed_count 18)
  1.72% of Permutation test rounds,  94.74% of Permutation tests (Core 3/15, passed_count 18)
  1.73% of Permutation test rounds,  94.74% of Permutation tests (Core 9/15, passed_count 18)
  1.74% of Permutation test rounds,  94.74% of Permutation tests (Core 2/15, passed_count 18)
  1.75% of Permutation test rounds,  94.74% of Permutation tests (Core 13/15, passed_count 18)
  1.76% of Permutation test rounds,  94.74% of Permutation tests (Core 2/15, passed_count 18)
  1.77% of Permutation test rounds,  94.74% of Permutation tests (Core 13/15, passed_count 18)
  1.78% of Permutation test rounds,  94.74% of Permutation tests (Core 5/15, passed_count 18)
  1.79% of Permutation test rounds,  94.74% of Permutation tests (Core 15/15, passed_count 18)
  1.80% of Permutation test rounds,  94.74% of Permutation tests (Core 7/15, passed_count 18)
  1.81% of Permutation test rounds,  94.74% of Permutation tests (Core 5/15, passed_count 18)
  1.82% of Permutation test rounds,  94.74% of Permutation tests (Core 15/15, passed_count 18)
  1.83% of Permutation test rounds,  94.74% of Permutation tests (Core 5/15, passed_count 18)
  1.84% of Permutation test rounds,  94.74% of Permutation tests (Core 15/15, passed_count 18)
  1.85% of Permutation test rounds,  94.74% of Permutation tests (Core 5/15, passed_count 18)
  1.86% of Permutation test rounds,  94.74% of Permutation tests (Core 15/15, passed_count 18)
  1.87% of Permutation test rounds,  94.74% of Permutation tests (Core 5/15, passed_count 18)
  1.88% of Permutation test rounds,  94.74% of Permutation tests (Core 15/15, passed_count 18)
  1.89% of Permutation test rounds,  94.74% of Permutation tests (Core 5/15, passed_count 18)
  1.90% of Permutation test rounds,  94.74% of Permutation tests (Core 0/15, passed_count 18)
  1.91% of Permutation test rounds,  94.74% of Permutation tests (Core 11/15, passed_count 18)
  1.92% of Permutation test rounds,  94.74% of Permutation tests (Core 3/15, passed_count 18)
  1.93% of Permutation test rounds,  94.74% of Permutation tests (Core 9/15, passed_count 18)
  1.94% of Permutation test rounds,  94.74% of Permutation tests (Core 4/15, passed_count 18)
  1.95% of Permutation test rounds,  94.74% of Permutation tests (Core 10/15, passed_count 18)
  1.96% of Permutation test rounds,  94.74% of Permutation tests (Core 4/15, passed_count 18)
  1.97% of Permutation test rounds,  94.74% of Permutation tests (Core 10/15, passed_count 18)
  1.98% of Permutation test rounds,  94.74% of Permutation tests (Core 12/15, passed_count 18)
  1.99% of Permutation test rounds,  94.74% of Permutation tests (Core 10/15, passed_count 18)
  2.00% of Permutation test rounds,  94.74% of Permutation tests (Core 8/15, passed_count 18)
  2.01% of Permutation test rounds,  94.74% of Permutation tests (Core 6/15, passed_count 18)
  2.02% of Permutation test rounds,  94.74% of Permutation tests (Core 8/15, passed_count 18)
  2.03% of Permutation test rounds,  94.74% of Permutation tests (Core 6/15, passed_count 18)
  2.04% of Permutation test rounds,  94.74% of Permutation tests (Core 15/15, passed_count 18)
  2.05% of Permutation test rounds,  94.74% of Permutation tests (Core 6/15, passed_count 18)
  2.06% of Permutation test rounds,  94.74% of Permutation tests (Core 0/15, passed_count 18)
  2.07% of Permutation test rounds,  94.74% of Permutation tests (Core 11/15, passed_count 18)
  2.08% of Permutation test rounds,  94.74% of Permutation tests (Core 3/15, passed_count 18)
  2.09% of Permutation test rounds,  94.74% of Permutation tests (Core 9/15, passed_count 18)
  2.10% of Permutation test rounds,  94.74% of Permutation tests (Core 2/15, passed_count 18)
  2.11% of Permutation test rounds,  94.74% of Permutation tests (Core 13/15, passed_count 18)
  2.12% of Permutation test rounds,  94.74% of Permutation tests (Core 2/15, passed_count 18)
  2.13% of Permutation test rounds,  94.74% of Permutation tests (Core 7/15, passed_count 18)
  2.14% of Permutation test rounds,  94.74% of Permutation tests (Core 10/15, passed_count 18)
  2.15% of Permutation test rounds,  94.74% of Permutation tests (Core 14/15, passed_count 18)
  2.16% of Permutation test rounds,  94.74% of Permutation tests (Core 2/15, passed_count 18)
  2.17% of Permutation test rounds,  94.74% of Permutation tests (Core 10/15, passed_count 18)
  2.18% of Permutation test rounds,  94.74% of Permutation tests (Core 14/15, passed_count 18)
  2.19% of Permutation test rounds,  94.74% of Permutation tests (Core 5/15, passed_count 18)
  2.20% of Permutation test rounds,  94.74% of Permutation tests (Core 15/15, passed_count 18)
  2.21% of Permutation test rounds,  94.74% of Permutation tests (Core 6/15, passed_count 18)
  2.22% of Permutation test rounds,  94.74% of Permutation tests (Core 15/15, passed_count 18)
  2.23% of Permutation test rounds,  94.74% of Permutation tests (Core 6/15, passed_count 18)
  2.24% of Permutation test rounds,  94.74% of Permutation tests (Core 15/15, passed_count 18)
  2.25% of Permutation test rounds,  94.74% of Permutation tests (Core 4/15, passed_count 18)
  2.26% of Permutation test rounds,  94.74% of Permutation tests (Core 13/15, passed_count 18)
  2.27% of Permutation test rounds,  94.74% of Permutation tests (Core 12/15, passed_count 18)
  2.28% of Permutation test rounds,  94.74% of Permutation tests (Core 7/15, passed_count 18)
  2.29% of Permutation test rounds,  94.74% of Permutation tests (Core 1/15, passed_count 18)
  2.30% of Permutation test rounds,  94.74% of Permutation tests (Core 8/15, passed_count 18)
  2.31% of Permutation test rounds,  94.74% of Permutation tests (Core 1/15, passed_count 18)
  2.32% of Permutation test rounds,  94.74% of Permutation tests (Core 10/15, passed_count 18)
  2.33% of Permutation test rounds,  94.74% of Permutation tests (Core 1/15, passed_count 18)
  2.34% of Permutation test rounds,  94.74% of Permutation tests (Core 10/15, passed_count 18)
  2.35% of Permutation test rounds,  94.74% of Permutation tests (Core 0/15, passed_count 18)
  2.36% of Permutation test rounds,  94.74% of Permutation tests (Core 11/15, passed_count 18)
  2.37% of Permutation test rounds,  94.74% of Permutation tests (Core 0/15, passed_count 18)
  2.38% of Permutation test rounds,  94.74% of Permutation tests (Core 11/15, passed_count 18)
  2.39% of Permutation test rounds,  94.74% of Permutation tests (Core 0/15, passed_count 18)
  2.40% of Permutation test rounds,  94.74% of Permutation tests (Core 9/15, passed_count 18)
  2.41% of Permutation test rounds,  94.74% of Permutation tests (Core 11/15, passed_count 18)
  2.42% of Permutation test rounds,  94.74% of Permutation tests (Core 0/15, passed_count 18)
  2.43% of Permutation test rounds,  94.74% of Permutation tests (Core 12/15, passed_count 18)
  2.44% of Permutation test rounds,  94.74% of Permutation tests (Core 7/15, passed_count 18)
  2.45% of Permutation test rounds,  94.74% of Permutation tests (Core 12/15, passed_count 18)
  2.46% of Permutation test rounds,  94.74% of Permutation tests (Core 8/15, passed_count 18)
  2.47% of Permutation test rounds,  94.74% of Permutation tests (Core 12/15, passed_count 18)
  2.48% of Permutation test rounds,  94.74% of Permutation tests (Core 8/15, passed_count 18)
  2.49% of Permutation test rounds,  94.74% of Permutation tests (Core 1/15, passed_count 18)
  2.50% of Permutation test rounds,  94.74% of Permutation tests (Core 8/15, passed_count 18)
  2.51% of Permutation test rounds,  94.74% of Permutation tests (Core 3/15, passed_count 18)
  2.52% of Permutation test rounds,  94.74% of Permutation tests (Core 8/15, passed_count 18)
  2.53% of Permutation test rounds,  94.74% of Permutation tests (Core 15/15, passed_count 18)
  2.54% of Permutation test rounds,  94.74% of Permutation tests (Core 4/15, passed_count 18)
  2.55% of Permutation test rounds,  94.74% of Permutation tests (Core 13/15, passed_count 18)
  2.56% of Permutation test rounds,  94.74% of Permutation tests (Core 4/15, passed_count 18)
  2.57% of Permutation test rounds,  94.74% of Permutation tests (Core 11/15, passed_count 18)
  2.58% of Permutation test rounds,  94.74% of Permutation tests (Core 0/15, passed_count 18)
  2.59% of Permutation test rounds,  94.74% of Permutation tests (Core 11/15, passed_count 18)
  2.60% of Permutation test rounds,  94.74% of Permutation tests (Core 7/15, passed_count 18)
  2.61% of Permutation test rounds,  94.74% of Permutation tests (Core 11/15, passed_count 18)
  2.62% of Permutation test rounds,  94.74% of Permutation tests (Core 5/15, passed_count 18)
  2.63% of Permutation test rounds,  94.74% of Permutation tests (Core 11/15, passed_count 18)
  2.64% of Permutation test rounds,  94.74% of Permutation tests (Core 10/15, passed_count 18)
  2.65% of Permutation test rounds,  94.74% of Permutation tests (Core 1/15, passed_count 18)
  2.66% of Permutation test rounds,  94.74% of Permutation tests (Core 10/15, passed_count 18)
  2.67% of Permutation test rounds,  94.74% of Permutation tests (Core 3/15, passed_count 18)
  2.68% of Permutation test rounds,  94.74% of Permutation tests (Core 8/15, passed_count 18)
  2.69% of Permutation test rounds,  94.74% of Permutation tests (Core 15/15, passed_count 18)
  2.70% of Permutation test rounds,  94.74% of Permutation tests (Core 8/15, passed_count 18)
  2.71% of Permutation test rounds,  94.74% of Permutation tests (Core 13/15, passed_count 18)
  2.72% of Permutation test rounds,  94.74% of Permutation tests (Core 4/15, passed_count 18)
  2.73% of Permutation test rounds,  94.74% of Permutation tests (Core 2/15, passed_count 18)
  2.74% of Permutation test rounds,  94.74% of Permutation tests (Core 0/15, passed_count 18)
  2.75% of Permutation test rounds,  94.74% of Permutation tests (Core 14/15, passed_count 18)
  2.76% of Permutation test rounds,  94.74% of Permutation tests (Core 7/15, passed_count 18)
  2.77% of Permutation test rounds,  94.74% of Permutation tests (Core 12/15, passed_count 18)
  2.78% of Permutation test rounds,  94.74% of Permutation tests (Core 5/15, passed_count 18)
  2.79% of Permutation test rounds,  94.74% of Permutation tests (Core 11/15, passed_count 18)
  2.80% of Permutation test rounds,  94.74% of Permutation tests (Core 6/15, passed_count 18)
  2.81% of Permutation test rounds,  94.74% of Permutation tests (Core 11/15, passed_count 18)
  2.82% of Permutation test rounds,  94.74% of Permutation tests (Core 6/15, passed_count 18)
  2.83% of Permutation test rounds,  94.74% of Permutation tests (Core 11/15, passed_count 18)
  2.84% of Permutation test rounds,  94.74% of Permutation tests (Core 9/15, passed_count 18)
  2.85% of Permutation test rounds,  94.74% of Permutation tests (Core 11/15, passed_count 18)
  2.86% of Permutation test rounds,  94.74% of Permutation tests (Core 9/15, passed_count 18)
  2.87% of Permutation test rounds,  94.74% of Permutation tests (Core 11/15, passed_count 18)
  2.88% of Permutation test rounds,  94.74% of Permutation tests (Core 4/15, passed_count 18)
  2.89% of Permutation test rounds,  94.74% of Permutation tests (Core 2/15, passed_count 18)
  2.90% of Permutation test rounds,  94.74% of Permutation tests (Core 0/15, passed_count 18)
  2.91% of Permutation test rounds,  94.74% of Permutation tests (Core 14/15, passed_count 18)
  2.92% of Permutation test rounds,  94.74% of Permutation tests (Core 7/15, passed_count 18)
  2.93% of Permutation test rounds,  94.74% of Permutation tests (Core 7/15, passed_count 18)
  2.94% of Permutation test rounds,  94.74% of Permutation tests (Core 1/15, passed_count 18)
  2.95% of Permutation test rounds,  94.74% of Permutation tests (Core 7/15, passed_count 18)
  2.96% of Permutation test rounds,  94.74% of Permutation tests (Core 3/15, passed_count 18)
  2.97% of Permutation test rounds, 100.00% of Permutation tests (Core 7/15, passed_count 19)
  9.01% of Permutation test rounds, 100.00% of Permutation tests (Core 15/15, passed_count 19)
 15.03% of Permutation test rounds, 100.00% of Permutation tests (Core 8/15, passed_count 19)
 21.08% of Permutation test rounds, 100.00% of Permutation tests (Core 13/15, passed_count 19)
 27.18% of Permutation test rounds, 100.00% of Permutation tests (Core 14/15, passed_count 19)
 33.28% of Permutation test rounds, 100.00% of Permutation tests (Core 9/15, passed_count 19)
 39.35% of Permutation test rounds, 100.00% of Permutation tests (Core 11/15, passed_count 19)
 45.36% of Permutation test rounds, 100.00% of Permutation tests (Core 4/15, passed_count 19)
 51.45% of Permutation test rounds, 100.00% of Permutation tests (Core 2/15, passed_count 19)
 57.56% of Permutation test rounds, 100.00% of Permutation tests (Core 0/15, passed_count 19)
 63.61% of Permutation test rounds, 100.00% of Permutation tests (Core 12/15, passed_count 19)
 69.73% of Permutation test rounds, 100.00% of Permutation tests (Core 5/15, passed_count 19)
 75.76% of Permutation test rounds, 100.00% of Permutation tests (Core 10/15, passed_count 19)
 81.79% of Permutation test rounds, 100.00% of Permutation tests (Core 1/15, passed_count 19)
 87.81% of Permutation test rounds, 100.00% of Permutation tests (Core 6/15, passed_count 19)
 93.91% of Permutation test rounds, 100.00% of Permutation tests (Core 3/15, passed_count 19)


                statistic  C[i][0]  C[i][1]  C[i][2]
----------------------------------------------------
                excursion     291       0       6
       numDirectionalRuns       6       0      25
       lenDirectionalRuns       0       6       8
    numIncreasesDecreases      17       0       6
            numRunsMedian       6       0       9
            lenRunsMedian       5       4       2
             avgCollision       7       0       6
             maxCollision       6       0       6
           periodicity(1)       6       0      38
           periodicity(2)       6       0       7
           periodicity(8)       6       0      16
          periodicity(16)      12       0       6
          periodicity(32)       6       0      17
            covariance(1)       6       0      57
            covariance(2)       6       0      11
            covariance(8)      71       0       6
           covariance(16)       6       0      16
           covariance(32)       6       0      14
              compression       6       0      11
(* denotes failed test)

** Passed IID permutation tests

your 131072x1 screen size is bogus. expect trouble
your 131072x1 screen size is bogus. expect trouble
Identity added: /home/mmggjj/.ssh/id_ed25519 (mariogj.03@gmail.com)
tiempo_s=0.46 maxrss_kB=76756
