Agent pid 423
Opening file: '/mnt/c/Users/mario/Documents/TFM_FPGA_CRYPTO/results/esp32_campana_rng/condD_rep2.bin' (SHA-256 hash a0636bdab73f942823ceb9fa32308ca406374f4c6e9bfabe3cf146eda1c7f69b)
Loaded 125000 samples of 256 distinct 8-bit-wide symbols
Number of Binary Symbols: 1000000

*** Warning: data contains less than 1000000 samples ***


Running non-IID tests...

Running Most Common Value Estimate...
Bitstring MCV Estimate: mode = 500420, p-hat = 0.50041999999999998, p_u = 0.50170791484135568
	Most Common Value Estimate (bit string) = 0.995080 / 1 bit(s)
Literal MCV Estimate: mode = 556, p-hat = 0.0044479999999999997, p_u = 0.0049328173731532799
	Most Common Value Estimate = 7.663372 / 8 bit(s)

Running Entropic Statistic Estimates (bit strings only)...
Bitstring Collision Estimate: X-bar = 2.5012568815829956, sigma-hat = 0.499999045559608, p = 0.51974839519969773
	Collision Test Estimate (bit string) = 0.944115 / 1 bit(s)
Bitstring Markov Estimate: P_0 = 0.49958000000000002, P_1 = 0.50041999999999998, P_0,0 = 0.4985898126222279, P_0,1 = 0.5014101873777721, P_1,0 = 0.5005675232804444, P_1,1 = 0.4994324767195556, p_max = 3.7767220890462261e-39
	Markov Test Estimate (bit string) = 0.997172 / 1 bit(s)
Bitstring Compression Estimate: X-bar = 5.215558319135102, sigma-hat = 1.0172985689119896, p = 0.031459285800794046
	Compression Test Estimate (bit string) = 0.831728 / 1 bit(s)

Running Tuple Estimates...
Bitstring t-Tuple Estimate: t = 15, p-hat_max = 0.5212651963271891817709, p_u = 0.5225519462830254483615
Bitstring LRS Estimate: u = 16, v = 39, p-hat = 0.50128460831368278, p_u = 0.50257251935872468
	T-Tuple Test Estimate (bit string) = 0.936354 / 1 bit(s)
Literal t-Tuple Estimate: t = 1, p-hat_max = 0.00444799999999999999989, p_u = 0.00493281737315328011457
Literal LRS Estimate: u = 2, v = 4, p-hat = 0.0047568950570268933, p_u = 0.005258186376420035
	T-Tuple Test Estimate = 7.663372 / 8 bit(s)
	LRS Test Estimate (bit string) = 0.992596 / 1 bit(s)
	LRS Test Estimate = 7.571219 / 8 bit(s)

Running Predictor Estimates...
Bitstring MultiMCW Prediction Estimate: N = 999937, Pglobal' = 0.50154647198139779 (C = 500227) Plocal can't affect result (r = 19)
	Multi Most Common in Window (MultiMCW) Prediction Test Estimate (bit string) = 0.995545 / 1 bit(s)
Literal MultiMCW Prediction Estimate: N = 124937, Pglobal' = 0.0043435882101656607 (C = 486) Plocal can't affect result (r = 3)
	Multi Most Common in Window (MultiMCW) Prediction Test Estimate = 7.846897 / 8 bit(s)
Bitstring Lag Prediction Estimate: N = 999999, Pglobal' = 0.50202041529010955 (C = 500732) Plocal can't affect result (r = 19)
	Lag Prediction Test Estimate (bit string) = 0.994182 / 1 bit(s)
Literal Lag Prediction Estimate: N = 124999, Pglobal' = 0.0044429762987397573 (C = 498) Plocal can't affect result (r = 3)
	Lag Prediction Test Estimate = 7.814258 / 8 bit(s)
Bitstring MultiMMC Prediction Estimate: N = 999998, Pglobal' = 0.50121591642629737 (C = 499927) Plocal can't affect result (r = 21)
	Multi Markov Model with Counting (MultiMMC) Prediction Test Estimate (bit string) = 0.996496 / 1 bit(s)
Literal MultiMMC Prediction Estimate: N = 124998, Pglobal' = 0.0043160724278938712 (C = 483) Plocal = 0.0043223691745210161 (r = 3)
	Multi Markov Model with Counting (MultiMMC) Prediction Test Estimate = 7.853962 / 8 bit(s)
Bitstring LZ78Y Prediction Estimate: N = 999983, Pglobal' = 0.50207743805928018 (C = 500781) Plocal can't affect result (r = 21)
	LZ78Y Prediction Test Estimate (bit string) = 0.994018 / 1 bit(s)
Literal LZ78Y Prediction Estimate: N = 124983, Pglobal' = 0.0043335238447129078 (C = 485) Plocal can't affect result (r = 3)
	LZ78Y Prediction Test Estimate = 7.850244 / 8 bit(s)

H_original: 7.571219
H_bitstring: 0.831728
min(H_original, 8 X H_bitstring): 6.653827
your 131072x1 screen size is bogus. expect trouble
your 131072x1 screen size is bogus. expect trouble
Identity added: /home/mmggjj/.ssh/id_ed25519 (mariogj.03@gmail.com)
tiempo_s=6.22 maxrss_kB=288752
