Agent pid 423
Opening file: '/mnt/c/Users/mario/Documents/TFM_FPGA_CRYPTO/results/entropia90b/bits/esp_rf_off_2.bits' (SHA-256 hash b74f8f49801d24f7b69e80b6f8f4b73dedb39a65f54376c9485e9469017fadaa)
Loaded 8378368 samples of 2 distinct 1-bit-wide symbols
Calculating baseline statistics...
	Raw Mean: 0.500178
	Median: 0.500000
	Binary: true

Literal MCV Estimate: mode = 4190679, p-hat = 0.50017843570490095, p_u = 0.50062338176575483
H_original: 0.998202
Chi square independence
	score = 2201.603426
	degrees of freedom = 2046
	p-value = 0.008568

Chi square goodness of fit
	score = 12.480423
	degrees of freedom = 9
	p-value = 0.187560

** Passed chi square tests

Literal Longest Repeated Substring results
	P_col: 0.500000
	Length of LRS: 43
	Pr(X >= 1): 0.981504
** Passed length of longest repeated substring test

Beginning initial tests...

Initial test results
              excursion: 1316.09
     numDirectionalRuns: 667843
     lenDirectionalRuns: 12
  numIncreasesDecreases: 626474
          numRunsMedian: 4.18964e+06
          lenRunsMedian: 21
           avgCollision: 20.7187
           maxCollision: 69
         periodicity(1): 205423
         periodicity(2): 205667
         periodicity(8): 205647
        periodicity(16): 205287
        periodicity(32): 205717
          covariance(1): 1.67677e+07
          covariance(2): 1.67699e+07
          covariance(8): 1.67702e+07
         covariance(16): 1.67661e+07
         covariance(32): 1.67668e+07
            compression: 1.3056e+06

Beginning permutation tests... these may take some time
  0.01% of Permutation test rounds,   0.00% of Permutation tests (Core 0/15, passed_count 0)
  0.02% of Permutation test rounds,   0.00% of Permutation tests (Core 12/15, passed_count 0)
  0.03% of Permutation test rounds,   0.00% of Permutation tests (Core 15/15, passed_count 0)
  0.04% of Permutation test rounds,   0.00% of Permutation tests (Core 8/15, passed_count 0)
  0.05% of Permutation test rounds,   0.00% of Permutation tests (Core 10/15, passed_count 0)
  0.06% of Permutation test rounds,   0.00% of Permutation tests (Core 9/15, passed_count 0)
  0.07% of Permutation test rounds,   0.00% of Permutation tests (Core 13/15, passed_count 0)
  0.08% of Permutation test rounds,   0.00% of Permutation tests (Core 11/15, passed_count 0)
  0.09% of Permutation test rounds,   5.26% of Permutation tests (Core 4/15, passed_count 1)
  0.10% of Permutation test rounds,   5.26% of Permutation tests (Core 7/15, passed_count 1)
  0.11% of Permutation test rounds,   5.26% of Permutation tests (Core 5/15, passed_count 1)
  0.12% of Permutation test rounds,  21.05% of Permutation tests (Core 6/15, passed_count 4)
  0.13% of Permutation test rounds,  42.11% of Permutation tests (Core 1/15, passed_count 8)
  0.14% of Permutation test rounds,  42.11% of Permutation tests (Core 14/15, passed_count 8)
  0.15% of Permutation test rounds,  42.11% of Permutation tests (Core 2/15, passed_count 8)
  0.16% of Permutation test rounds,  47.37% of Permutation tests (Core 3/15, passed_count 9)
  0.17% of Permutation test rounds,  47.37% of Permutation tests (Core 14/15, passed_count 9)
  0.18% of Permutation test rounds,  47.37% of Permutation tests (Core 2/15, passed_count 9)
  0.19% of Permutation test rounds,  52.63% of Permutation tests (Core 3/15, passed_count 10)
  0.20% of Permutation test rounds,  57.89% of Permutation tests (Core 14/15, passed_count 11)
  0.21% of Permutation test rounds,  63.16% of Permutation tests (Core 2/15, passed_count 12)
  0.22% of Permutation test rounds,  63.16% of Permutation tests (Core 3/15, passed_count 12)
  0.23% of Permutation test rounds,  63.16% of Permutation tests (Core 14/15, passed_count 12)
  0.24% of Permutation test rounds,  63.16% of Permutation tests (Core 2/15, passed_count 12)
  0.25% of Permutation test rounds,  63.16% of Permutation tests (Core 3/15, passed_count 12)
  0.26% of Permutation test rounds,  63.16% of Permutation tests (Core 14/15, passed_count 12)
  0.27% of Permutation test rounds,  63.16% of Permutation tests (Core 2/15, passed_count 12)
  0.28% of Permutation test rounds,  63.16% of Permutation tests (Core 3/15, passed_count 12)
  0.29% of Permutation test rounds,  63.16% of Permutation tests (Core 14/15, passed_count 12)
  0.30% of Permutation test rounds,  73.68% of Permutation tests (Core 2/15, passed_count 14)
  0.31% of Permutation test rounds,  73.68% of Permutation tests (Core 3/15, passed_count 14)
  0.32% of Permutation test rounds,  73.68% of Permutation tests (Core 0/15, passed_count 14)
  0.33% of Permutation test rounds,  73.68% of Permutation tests (Core 14/15, passed_count 14)
  0.34% of Permutation test rounds,  73.68% of Permutation tests (Core 2/15, passed_count 14)
  0.35% of Permutation test rounds,  78.95% of Permutation tests (Core 15/15, passed_count 15)
  0.36% of Permutation test rounds,  84.21% of Permutation tests (Core 12/15, passed_count 16)
  0.37% of Permutation test rounds,  84.21% of Permutation tests (Core 3/15, passed_count 16)
  0.38% of Permutation test rounds,  84.21% of Permutation tests (Core 8/15, passed_count 16)
  0.39% of Permutation test rounds,  84.21% of Permutation tests (Core 0/15, passed_count 16)
  0.40% of Permutation test rounds,  84.21% of Permutation tests (Core 14/15, passed_count 16)
  0.41% of Permutation test rounds,  84.21% of Permutation tests (Core 9/15, passed_count 16)
  0.42% of Permutation test rounds,  89.47% of Permutation tests (Core 2/15, passed_count 17)
  0.43% of Permutation test rounds,  89.47% of Permutation tests (Core 15/15, passed_count 17)
  0.44% of Permutation test rounds,  89.47% of Permutation tests (Core 10/15, passed_count 17)
  0.45% of Permutation test rounds,  89.47% of Permutation tests (Core 12/15, passed_count 17)
  0.46% of Permutation test rounds,  89.47% of Permutation tests (Core 3/15, passed_count 17)
  0.47% of Permutation test rounds,  89.47% of Permutation tests (Core 8/15, passed_count 17)
  0.48% of Permutation test rounds,  89.47% of Permutation tests (Core 0/15, passed_count 17)
  0.49% of Permutation test rounds,  89.47% of Permutation tests (Core 13/15, passed_count 17)
  0.50% of Permutation test rounds,  89.47% of Permutation tests (Core 11/15, passed_count 17)
  0.51% of Permutation test rounds,  89.47% of Permutation tests (Core 14/15, passed_count 17)
  0.52% of Permutation test rounds,  94.74% of Permutation tests (Core 9/15, passed_count 18)
  0.53% of Permutation test rounds,  94.74% of Permutation tests (Core 2/15, passed_count 18)
  0.54% of Permutation test rounds,  94.74% of Permutation tests (Core 4/15, passed_count 18)
  0.55% of Permutation test rounds,  94.74% of Permutation tests (Core 15/15, passed_count 18)
  0.56% of Permutation test rounds,  94.74% of Permutation tests (Core 7/15, passed_count 18)
  0.57% of Permutation test rounds, 100.00% of Permutation tests (Core 10/15, passed_count 19)
  6.80% of Permutation test rounds, 100.00% of Permutation tests (Core 12/15, passed_count 19)
 13.02% of Permutation test rounds, 100.00% of Permutation tests (Core 3/15, passed_count 19)
 19.19% of Permutation test rounds, 100.00% of Permutation tests (Core 6/15, passed_count 19)
 25.43% of Permutation test rounds, 100.00% of Permutation tests (Core 8/15, passed_count 19)
 31.65% of Permutation test rounds, 100.00% of Permutation tests (Core 5/15, passed_count 19)
 37.89% of Permutation test rounds, 100.00% of Permutation tests (Core 0/15, passed_count 19)
 44.10% of Permutation test rounds, 100.00% of Permutation tests (Core 13/15, passed_count 19)
 50.33% of Permutation test rounds, 100.00% of Permutation tests (Core 11/15, passed_count 19)
 56.56% of Permutation test rounds, 100.00% of Permutation tests (Core 1/15, passed_count 19)
 62.80% of Permutation test rounds, 100.00% of Permutation tests (Core 14/15, passed_count 19)
 68.96% of Permutation test rounds, 100.00% of Permutation tests (Core 9/15, passed_count 19)
 75.18% of Permutation test rounds, 100.00% of Permutation tests (Core 2/15, passed_count 19)
 81.34% of Permutation test rounds, 100.00% of Permutation tests (Core 4/15, passed_count 19)
 87.57% of Permutation test rounds, 100.00% of Permutation tests (Core 15/15, passed_count 19)
 93.78% of Permutation test rounds, 100.00% of Permutation tests (Core 7/15, passed_count 19)


                statistic  C[i][0]  C[i][1]  C[i][2]
----------------------------------------------------
                excursion       6       0       6
       numDirectionalRuns       6       0      29
       lenDirectionalRuns       3       5       1
    numIncreasesDecreases       6       0       7
            numRunsMedian       7       0       6
            lenRunsMedian      36       5       1
             avgCollision       7       0       6
             maxCollision      51       3       3
           periodicity(1)      13       0       6
           periodicity(2)      14       0       6
           periodicity(8)       6       0       6
          periodicity(16)      30       0       6
          periodicity(32)       6       0       7
            covariance(1)       6       0       6
            covariance(2)       6       0      24
            covariance(8)       6       0      24
           covariance(16)      46       0       6
           covariance(32)      15       0       6
              compression       6       0      10
(* denotes failed test)

** Passed IID permutation tests

your 131072x1 screen size is bogus. expect trouble
your 131072x1 screen size is bogus. expect trouble
Identity added: /home/mmggjj/.ssh/id_ed25519 (mariogj.03@gmail.com)
tiempo_s=20.03 maxrss_kB=880804
