Agent pid 423
Opening file: '/mnt/c/Users/mario/Documents/TFM_FPGA_CRYPTO/results/esp32_tramas_E_esp_rf_off_2.bin' (SHA-256 hash 52088d02c350a25e86ece0e3cae27a40107a9f703abc0c76994eefda52e50d25)
Loaded 1047296 samples of 256 distinct 8-bit-wide symbols
Number of Binary Symbols: 8378368

Running non-IID tests...

Running Most Common Value Estimate...
Bitstring MCV Estimate: mode = 4190679, p-hat = 0.50017843570490095, p_u = 0.50062338176575483
	Most Common Value Estimate (bit string) = 0.998202 / 1 bit(s)
Literal MCV Estimate: mode = 4239, p-hat = 0.0040475663040821317, p_u = 0.0042073744264879281
	Most Common Value Estimate = 7.892864 / 8 bit(s)

Running Entropic Statistic Estimates (bit strings only)...
Bitstring Collision Estimate: X-bar = 2.5002743974223653, sigma-hat = 0.49999999931111727, p = 0.51464859589539935
	Collision Test Estimate (bit string) = 0.958340 / 1 bit(s)
Bitstring Markov Estimate: P_0 = 0.499821564295099, P_1 = 0.50017843570490106, P_0,0 = 0.49976741342717029, P_0,1 = 0.50023258657282965, P_1,0 = 0.49987579578392904, P_1,1 = 0.50012420421607096, p_max = 3.0339951306372803e-39
	Markov Test Estimate (bit string) = 0.999640 / 1 bit(s)
Bitstring Compression Estimate: X-bar = 5.2179945858518098, sigma-hat = 1.014929653619689, p = 0.022642647984611575
	Compression Test Estimate (bit string) = 0.910802 / 1 bit(s)

Running Tuple Estimates...
Bitstring t-Tuple Estimate: t = 19, p-hat_max = 0.5225888865881041584404, p_u = 0.5230333783709370026535
Bitstring LRS Estimate: u = 20, v = 43, p-hat = 0.50007903474235805, p_u = 0.50052398082598672
	T-Tuple Test Estimate (bit string) = 0.935025 / 1 bit(s)
Literal t-Tuple Estimate: t = 2, p-hat_max = 0.005780953913139455605437, p_u = 0.005971773678446172670269
Literal LRS Estimate: u = 3, v = 5, p-hat = 0.0044893035072686036, p_u = 0.0046575689814510916
	T-Tuple Test Estimate = 7.387625 / 8 bit(s)
	LRS Test Estimate (bit string) = 0.998489 / 1 bit(s)
	LRS Test Estimate = 7.746207 / 8 bit(s)

Running Predictor Estimates...
Bitstring MultiMCW Prediction Estimate: N = 8378305, Pglobal' = 0.50050253697314906 (C = 4189635) Plocal can't affect result (r = 22)
	Multi Most Common in Window (MultiMCW) Prediction Test Estimate (bit string) = 0.998551 / 1 bit(s)
Literal MultiMCW Prediction Estimate: N = 1047233, Pglobal' = 0.0040216144096759899 (C = 4048) Plocal can't affect result (r = 3)
	Multi Most Common in Window (MultiMCW) Prediction Test Estimate = 7.958010 / 8 bit(s)
Bitstring Lag Prediction Estimate: N = 8378367, Pglobal' = 0.50052533170303015 (C = 4189857) Plocal can't affect result (r = 23)
	Lag Prediction Test Estimate (bit string) = 0.998485 / 1 bit(s)
Literal Lag Prediction Estimate: N = 1047295, Pglobal' = 0.0039970241684289002 (C = 4023) Plocal can't affect result (r = 3)
	Lag Prediction Test Estimate = 7.966858 / 8 bit(s)
Bitstring MultiMMC Prediction Estimate: N = 8378366, Pglobal' = 0.50042931063510521 (C = 4189052) Plocal can't affect result (r = 23)
	Multi Markov Model with Counting (MultiMMC) Prediction Test Estimate (bit string) = 0.998762 / 1 bit(s)
Literal MultiMMC Prediction Estimate: N = 1047294, Pglobal' = 0.0040632624719691155 (C = 4091) Plocal can't affect result (r = 3)
	Multi Markov Model with Counting (MultiMMC) Prediction Test Estimate = 7.943146 / 8 bit(s)
Bitstring LZ78Y Prediction Estimate: N = 8378351, Pglobal' = 0.50038508989019637 (C = 4188674) Plocal can't affect result (r = 21)
	LZ78Y Prediction Test Estimate (bit string) = 0.998889 / 1 bit(s)
Literal LZ78Y Prediction Estimate: N = 1047279, Pglobal' = 0.0040652685992311113 (C = 4093) Plocal can't affect result (r = 3)
	LZ78Y Prediction Test Estimate = 7.942434 / 8 bit(s)

H_original: 7.387625
H_bitstring: 0.910802
min(H_original, 8 X H_bitstring): 7.286418
your 131072x1 screen size is bogus. expect trouble
your 131072x1 screen size is bogus. expect trouble
Identity added: /home/mmggjj/.ssh/id_ed25519 (mariogj.03@gmail.com)
tiempo_s=18.70 maxrss_kB=298360
