Agent pid 423
Opening file: '/mnt/c/Users/mario/Documents/TFM_FPGA_CRYPTO/results/entropia90b/bits/esp_rf_off_1.bits' (SHA-256 hash f386bd9fd983453364dd38ff219067bfa987dccff0c55792946bb35f79eb7c6d)
Loaded 3523072 samples of 2 distinct 1-bit-wide symbols

Running non-IID tests...

Running Most Common Value Estimate...
Literal MCV Estimate: mode = 1761968, p-hat = 0.50012262025868337, p_u = 0.50080878180072508
	Most Common Value Estimate = 0.997668 / 1 bit(s)

Running Entropic Statistic Estimates (bit strings only)...
Literal Collision Estimate: X-bar = 2.5003058785456362, sigma-hat = 0.50000008386211814, p = 0.51973708052521184
	Collision Test Estimate = 0.944146 / 1 bit(s)
Literal Markov Estimate: P_0 = 0.49987737974131669, P_1 = 0.50012262025868326, P_0,0 = 0.49973170223433838, P_0,1 = 0.50026829776566162, P_1,0 = 0.500022701887889, P_1,1 = 0.499977298112111, p_max = 3.0493471570119403e-39
	Markov Test Estimate = 0.999584 / 1 bit(s)
Literal Compression Estimate: X-bar = 5.2162846243883427, sigma-hat = 1.015298340848777, p = 0.027155875217917735
	Compression Test Estimate = 0.867099 / 1 bit(s)

Running Tuple Estimates...
Literal t-Tuple Estimate: t = 17, p-hat_max = 0.5203733871384641479344, p_u = 0.5210589788476208139849
Literal LRS Estimate: u = 18, v = 45, p-hat = 0.52836942005195292, p_u = 0.52905447624570506
	T-Tuple Test Estimate = 0.940481 / 1 bit(s)
	LRS Test Estimate = 0.918512 / 1 bit(s)

Running Predictor Estimates...
Literal MultiMCW Prediction Estimate: N = 3523009, Pglobal' = 0.50021057961566862 (C = 1759829) Plocal can't affect result (r = 22)
	Multi Most Common in Window (MultiMCW) Prediction Test Estimate = 0.999393 / 1 bit(s)
Literal Lag Prediction Estimate: N = 3523071, Pglobal' = 0.50051656526558652 (C = 1760938) Plocal can't affect result (r = 20)
	Lag Prediction Test Estimate = 0.998510 / 1 bit(s)
Literal MultiMMC Prediction Estimate: N = 3523070, Pglobal' = 0.50019993777011729 (C = 1759822) Plocal can't affect result (r = 22)
	Multi Markov Model with Counting (MultiMMC) Prediction Test Estimate = 0.999423 / 1 bit(s)
Literal LZ78Y Prediction Estimate: N = 3523055, Pglobal' = 0.50051656605346673 (C = 1760930) Plocal can't affect result (r = 22)
	LZ78Y Prediction Test Estimate = 0.998510 / 1 bit(s)

H_original: 0.867099
your 131072x1 screen size is bogus. expect trouble
your 131072x1 screen size is bogus. expect trouble
Identity added: /home/mmggjj/.ssh/id_ed25519 (mariogj.03@gmail.com)
tiempo_s=1.98 maxrss_kB=57072
