nudo n3: T 365.991 ps, q_max 8.723 fC, dq 87.23 aC, Gamma_dc -0.01914, Gamma_rms 0.42322, (dc/rms)^2 2.045e-03, 82 s
   fase 0.000  dt    +11.054 fs  Gamma -0.01898
   fase 0.025  dt    +14.128 fs  Gamma -0.02425
   fase 0.050  dt    +19.791 fs  Gamma -0.03398
   fase 0.075  dt    +26.444 fs  Gamma -0.04540
   fase 0.100  dt    +23.310 fs  Gamma -0.04002
   fase 0.125  dt    +28.328 fs  Gamma -0.04863
   fase 0.150  dt    +74.555 fs  Gamma -0.12799
   fase 0.175  dt   +193.418 fs  Gamma -0.33205
   fase 0.200  dt   +354.448 fs  Gamma -0.60850
   fase 0.225  dt   +441.930 fs  Gamma -0.75869
   fase 0.250  dt   +461.955 fs  Gamma -0.79307
   fase 0.275  dt   +481.767 fs  Gamma -0.82708
   fase 0.300  dt   +500.468 fs  Gamma -0.85918
   fase 0.325  dt   +433.214 fs  Gamma -0.74373
   fase 0.350  dt   +324.532 fs  Gamma -0.55714
   fase 0.375  dt   +231.378 fs  Gamma -0.39722
   fase 0.400  dt   +114.136 fs  Gamma -0.19594
   fase 0.425  dt    +37.486 fs  Gamma -0.06436
   fase 0.450  dt     +9.682 fs  Gamma -0.01662
   fase 0.475  dt     -5.621 fs  Gamma +0.00965
   fase 0.500  dt    -15.024 fs  Gamma +0.02579
   fase 0.525  dt    -17.409 fs  Gamma +0.02989
   fase 0.550  dt    -19.739 fs  Gamma +0.03389
   fase 0.575  dt    -22.866 fs  Gamma +0.03926
   fase 0.600  dt    -20.110 fs  Gamma +0.03452
   fase 0.625  dt    -15.462 fs  Gamma +0.02654
   fase 0.650  dt    -32.335 fs  Gamma +0.05551
   fase 0.675  dt    -94.088 fs  Gamma +0.16153
   fase 0.700  dt   -207.658 fs  Gamma +0.35650
   fase 0.725  dt   -307.885 fs  Gamma +0.52857
   fase 0.750  dt   -344.837 fs  Gamma +0.59200
   fase 0.775  dt   -361.700 fs  Gamma +0.62095
   fase 0.800  dt   -388.921 fs  Gamma +0.66768
   fase 0.825  dt   -405.691 fs  Gamma +0.69648
   fase 0.850  dt   -352.897 fs  Gamma +0.60584
   fase 0.875  dt   -305.422 fs  Gamma +0.52434
   fase 0.900  dt   -234.536 fs  Gamma +0.40264
   fase 0.925  dt   -128.829 fs  Gamma +0.22117
   fase 0.950  dt    -48.006 fs  Gamma +0.08242
   fase 0.975  dt     -7.011 fs  Gamma +0.01204
nudo n1: T 365.991 ps, q_max 8.723 fC, dq 87.23 aC, Gamma_dc +0.01368, Gamma_rms 0.42213, (dc/rms)^2 1.051e-03, 81 s
   fase 0.000  dt   +342.260 fs  Gamma -0.58758
   fase 0.025  dt   +393.083 fs  Gamma -0.67483
   fase 0.050  dt   +409.143 fs  Gamma -0.70240
   fase 0.075  dt   +414.108 fs  Gamma -0.71092
   fase 0.100  dt   +420.153 fs  Gamma -0.72130
   fase 0.125  dt   +390.369 fs  Gamma -0.67017
   fase 0.150  dt   +309.313 fs  Gamma -0.53102
   fase 0.175  dt   +238.419 fs  Gamma -0.40931
   fase 0.200  dt   +154.666 fs  Gamma -0.26552
   fase 0.225  dt    +61.260 fs  Gamma -0.10517
   fase 0.250  dt    +14.934 fs  Gamma -0.02564
   fase 0.275  dt     -7.940 fs  Gamma +0.01363
   fase 0.300  dt    -21.310 fs  Gamma +0.03658
   fase 0.325  dt    -25.936 fs  Gamma +0.04453
   fase 0.350  dt    -25.979 fs  Gamma +0.04460
   fase 0.375  dt    -21.207 fs  Gamma +0.03641
   fase 0.400  dt    -25.868 fs  Gamma +0.04441
   fase 0.425  dt    -59.327 fs  Gamma +0.10185
   fase 0.450  dt   -129.239 fs  Gamma +0.22187
   fase 0.475  dt   -231.592 fs  Gamma +0.39759
   fase 0.500  dt   -308.962 fs  Gamma +0.53041
   fase 0.525  dt   -335.428 fs  Gamma +0.57585
   fase 0.550  dt   -351.217 fs  Gamma +0.60296
   fase 0.575  dt   -363.354 fs  Gamma +0.62379
   fase 0.600  dt   -386.278 fs  Gamma +0.66315
   fase 0.625  dt   -409.966 fs  Gamma +0.70381
   fase 0.650  dt   -380.679 fs  Gamma +0.65354
   fase 0.675  dt   -330.142 fs  Gamma +0.56677
   fase 0.700  dt   -271.466 fs  Gamma +0.46604
   fase 0.725  dt   -180.213 fs  Gamma +0.30938
   fase 0.750  dt    -82.655 fs  Gamma +0.14190
   fase 0.775  dt    -23.003 fs  Gamma +0.03949
   fase 0.800  dt     +6.714 fs  Gamma -0.01153
   fase 0.825  dt    +18.090 fs  Gamma -0.03106
   fase 0.850  dt    +22.381 fs  Gamma -0.03842
   fase 0.875  dt    +24.827 fs  Gamma -0.04262
   fase 0.900  dt    +28.196 fs  Gamma -0.04841
   fase 0.925  dt    +52.783 fs  Gamma -0.09062
   fase 0.950  dt   +118.986 fs  Gamma -0.20427
   fase 0.975  dt   +233.234 fs  Gamma -0.40041
linealidad en fase 0.300 del nudo n3:
exit=0
