Executing action: flash
Running ninja in directory C:\Users\mario\Documents\TFM_FPGA_CRYPTO\firmware\verificador\build
Executing "ninja flash"...
[1/5] C:\WINDOWS\system32\cmd.exe /C "cd /D C:\Users\mario\Documents\TFM_FPGA_CRYPTO\firmware\verificador\build\esp-idf\esptool_py && C:\Users\mario\.espressif\python_env\idf5.3_py3.14_env\Scripts\python.exe C:/esp/esp-idf/components/partition_table/check_sizes.py --offset 0x8000 partition --type app C:/Users/mario/Documents/TFM_FPGA_CRYPTO/firmware/verificador/build/partition_table/partition-table.bin C:/Users/mario/Documents/TFM_FPGA_CRYPTO/firmware/verificador/build/verificador.bin"

verificador.bin binary size 0x3e980 bytes. Smallest app partition is 0x100000 bytes. 0xc1680 bytes (76%) free.


[2/5] Performing build step for 'bootloader'

[1/1] C:\WINDOWS\system32\cmd.exe /C "cd /D C:\Users\mario\Documents\TFM_FPGA_CRYPTO\firmware\verificador\build\bootloader\esp-idf\esptool_py && C:\Users\mario\.espressif\python_env\idf5.3_py3.14_env\Scripts\python.exe C:/esp/esp-idf/components/partition_table/check_sizes.py --offset 0x8000 bootloader 0x1000 C:/Users/mario/Documents/TFM_FPGA_CRYPTO/firmware/verificador/build/bootloader/bootloader.bin"


Bootloader binary size 0x6880 bytes. 0x780 bytes (7%) free.



[3/5] No install step for 'bootloader'

[4/5] Completed 'bootloader'

[4/5] C:\WINDOWS\system32\cmd.exe /C "cd /D C:\esp\esp-idf\components\esptool_py && C:\Users\mario\.espressif\tools\cmake\3.30.2\bin\cmake.exe -D IDF_PATH=C:/esp/esp-idf -D SERIAL_TOOL=C:/Users/mario/.espressif/python_env/idf5.3_py3.14_env/Scripts/python.exe;;C:/esp/esp-idf/components/esptool_py/esptool/esptool.py;--chip;esp32 -D SERIAL_TOOL_ARGS=--before=default_reset;--after=hard_reset;write_flash;@flash_args -D WORKING_DIRECTORY=C:/Users/mario/Documents/TFM_FPGA_CRYPTO/firmware/verificador/build -P C:/esp/esp-idf/components/esptool_py/run_serial_tool.cmake"

esptool.py --chip esp32 -p COM7 -b 460800 --before=default_reset --after=hard_reset write_flash --flash_mode dio --flash_freq 40m --flash_size 2MB 0x1000 bootloader/bootloader.bin 0x10000 verificador.bin 0x8000 partition_table/partition-table.bin

esptool.py v4.12.0

Serial port COM7

Connecting....

Chip is ESP32-D0WD-V3 (revision v3.1)

Features: WiFi, BT, Dual Core, 240MHz, VRef calibration in efuse, Coding Scheme None

Crystal is 40MHz

MAC: ec:e3:34:9a:d1:18

Uploading stub...

Running stub...

Stub running...

Changing baud rate to 460800

Changed.

Configuring flash size...

Flash will be erased from 0x00001000 to 0x00007fff...

Flash will be erased from 0x00010000 to 0x0004efff...

Flash will be erased from 0x00008000 to 0x00008fff...

SHA digest in image updated

Compressed 26752 bytes to 16345...

Writing at 0x00001000... (100 %)

Wrote 26752 bytes (16345 compressed) at 0x00001000 in 0.5 seconds (effective 397.5 kbit/s)...

Hash of data verified.

Compressed 256384 bytes to 135492...

Writing at 0x00010000... (11 %)

Writing at 0x0001b590... (22 %)

Writing at 0x00022fde... (33 %)

Writing at 0x00028f03... (44 %)

Writing at 0x0002ed36... (55 %)

Writing at 0x000362c1... (66 %)

Writing at 0x0003f79e... (77 %)

Writing at 0x00046a69... (88 %)

Writing at 0x0004cd0d... (100 %)

Wrote 256384 bytes (135492 compressed) at 0x00010000 in 3.4 seconds (effective 608.5 kbit/s)...

Hash of data verified.

Compressed 3072 bytes to 103...

Writing at 0x00008000... (100 %)

Wrote 3072 bytes (103 compressed) at 0x00008000 in 0.0 seconds (effective 1298.1 kbit/s)...

Hash of data verified.



Leaving...

Hard resetting via RTS pin...

Done
flash exit=0
